<!doctype html public "-//w3c//dtd html 4.0 transitional//en">
<html><head>
<title>Static Call Graph - [.\build\rt-thread.axf]</title></head>
<body><HR>
<H1>Static Call Graph for image .\build\rt-thread.axf</H1><HR>
<BR><P>#&#060CALLGRAPH&#062# ARM Linker, 5060528: Last Updated: Mon Apr 07 15:29:30 2025
<BR><P>
<H3>Maximum Stack Usage =       1476 bytes + Unknown(Cycles, Untraceable Function Pointers)</H3><H3>
Call chain for Maximum Stack Depth:</H3>
dfs_uffs_unlink &rArr; uffs_rmdir &rArr; uffs_DeleteObject &rArr; uffs_OpenObject &rArr; uffs_OpenObjectEx &rArr; uffs_CreateObjectEx &rArr; do_TruncateObject &rArr; do_WriteObject &rArr; do_WriteInternalBlock &rArr; uffs_BufGetEx &rArr; uffs_BufFlushMostDirtyGroup &rArr; _BufFlush &rArr; uffs_BufFlush_Exist_With_Enough_FreePage &rArr; uffs_BufFlush_Exist_With_BlockCover &rArr; uffs_FlashWritePageCombine &rArr; uffs_FlashReadPage &rArr; uffs_PoolPut &rArr; rt_kprintf &rArr; rt_vsnprintf &rArr; print_number &rArr; __aeabi_memclr4
<P>
<H3>
Mutually Recursive functions
</H3> <LI><a href="#[10a]">rt_assert_handler</a>&nbsp;&nbsp;&nbsp;&rArr;&nbsp;&nbsp;&nbsp;<a href="#[107]">rt_kprintf</a><BR>
 <LI><a href="#[273]">rt_mutex_drop_thread</a>&nbsp;&nbsp;&nbsp;&rArr;&nbsp;&nbsp;&nbsp;<a href="#[26e]">_thread_update_priority</a><BR>
 <LI><a href="#[22c]">msh_exec_script</a>&nbsp;&nbsp;&nbsp;&rArr;&nbsp;&nbsp;&nbsp;<a href="#[123]">msh_exec</a><BR>
 <LI><a href="#[d]">NMI_Handler</a>&nbsp;&nbsp;&nbsp;&rArr;&nbsp;&nbsp;&nbsp;<a href="#[d]">NMI_Handler</a><BR>
 <LI><a href="#[f]">MemoryManagement_Handler</a>&nbsp;&nbsp;&nbsp;&rArr;&nbsp;&nbsp;&nbsp;<a href="#[f]">MemoryManagement_Handler</a><BR>
 <LI><a href="#[10]">BusFault_Handler</a>&nbsp;&nbsp;&nbsp;&rArr;&nbsp;&nbsp;&nbsp;<a href="#[10]">BusFault_Handler</a><BR>
 <LI><a href="#[11]">UsageFault_Handler</a>&nbsp;&nbsp;&nbsp;&rArr;&nbsp;&nbsp;&nbsp;<a href="#[11]">UsageFault_Handler</a><BR>
 <LI><a href="#[12]">SVC_Handler</a>&nbsp;&nbsp;&nbsp;&rArr;&nbsp;&nbsp;&nbsp;<a href="#[12]">SVC_Handler</a><BR>
 <LI><a href="#[13]">DebugMon_Handler</a>&nbsp;&nbsp;&nbsp;&rArr;&nbsp;&nbsp;&nbsp;<a href="#[13]">DebugMon_Handler</a><BR>
 <LI><a href="#[25]">CCM_AAR_IRQHandler</a>&nbsp;&nbsp;&nbsp;&rArr;&nbsp;&nbsp;&nbsp;<a href="#[25]">CCM_AAR_IRQHandler</a><BR>
 <LI><a href="#[1ed]">copydir</a>&nbsp;&nbsp;&nbsp;&rArr;&nbsp;&nbsp;&nbsp;<a href="#[1ed]">copydir</a><BR>
 <LI><a href="#[24b]">directory_delete_for_msh</a>&nbsp;&nbsp;&nbsp;&rArr;&nbsp;&nbsp;&nbsp;<a href="#[24b]">directory_delete_for_msh</a><BR>
</UL>
<P>
<H3>
Function Pointers
</H3><UL>
 <LI><a href="#[10]">BusFault_Handler</a> from arm_startup_nrf52840.o(.text) referenced from arm_startup_nrf52840.o(RESET)
 <LI><a href="#[25]">CCM_AAR_IRQHandler</a> from arm_startup_nrf52840.o(.text) referenced from arm_startup_nrf52840.o(RESET)
 <LI><a href="#[29]">COMP_LPCOMP_IRQHandler</a> from arm_startup_nrf52840.o(.text) referenced from arm_startup_nrf52840.o(RESET)
 <LI><a href="#[3e]">CRYPTOCELL_IRQHandler</a> from arm_startup_nrf52840.o(.text) referenced from arm_startup_nrf52840.o(RESET)
 <LI><a href="#[13]">DebugMon_Handler</a> from arm_startup_nrf52840.o(.text) referenced from arm_startup_nrf52840.o(RESET)
 <LI><a href="#[24]">ECB_IRQHandler</a> from arm_startup_nrf52840.o(.text) referenced from arm_startup_nrf52840.o(RESET)
 <LI><a href="#[3a]">FPU_IRQHandler</a> from arm_startup_nrf52840.o(.text) referenced from arm_startup_nrf52840.o(RESET)
 <LI><a href="#[1c]">GPIOTE_IRQHandler</a> from nrfx_gpiote.o(.text) referenced from arm_startup_nrf52840.o(RESET)
 <LI><a href="#[e]">HardFault_Handler</a> from context_rvds.o(.text) referenced from arm_startup_nrf52840.o(RESET)
 <LI><a href="#[39]">I2S_IRQHandler</a> from arm_startup_nrf52840.o(.text) referenced from arm_startup_nrf52840.o(RESET)
 <LI><a href="#[34]">MWU_IRQHandler</a> from arm_startup_nrf52840.o(.text) referenced from arm_startup_nrf52840.o(RESET)
 <LI><a href="#[f]">MemoryManagement_Handler</a> from arm_startup_nrf52840.o(.text) referenced from arm_startup_nrf52840.o(RESET)
 <LI><a href="#[1b]">NFCT_IRQHandler</a> from arm_startup_nrf52840.o(.text) referenced from arm_startup_nrf52840.o(RESET)
 <LI><a href="#[d]">NMI_Handler</a> from arm_startup_nrf52840.o(.text) referenced from arm_startup_nrf52840.o(RESET)
 <LI><a href="#[33]">PDM_IRQHandler</a> from arm_startup_nrf52840.o(.text) referenced from arm_startup_nrf52840.o(RESET)
 <LI><a href="#[16]">POWER_CLOCK_IRQHandler</a> from nrfx_clock.o(.text) referenced from arm_startup_nrf52840.o(RESET)
 <LI><a href="#[32]">PWM0_IRQHandler</a> from arm_startup_nrf52840.o(.text) referenced from arm_startup_nrf52840.o(RESET)
 <LI><a href="#[35]">PWM1_IRQHandler</a> from arm_startup_nrf52840.o(.text) referenced from arm_startup_nrf52840.o(RESET)
 <LI><a href="#[36]">PWM2_IRQHandler</a> from arm_startup_nrf52840.o(.text) referenced from arm_startup_nrf52840.o(RESET)
 <LI><a href="#[3f]">PWM3_IRQHandler</a> from arm_startup_nrf52840.o(.text) referenced from arm_startup_nrf52840.o(RESET)
 <LI><a href="#[14]">PendSV_Handler</a> from context_rvds.o(.text) referenced from arm_startup_nrf52840.o(RESET)
 <LI><a href="#[28]">QDEC_IRQHandler</a> from arm_startup_nrf52840.o(.text) referenced from arm_startup_nrf52840.o(RESET)
 <LI><a href="#[3d]">QSPI_IRQHandler</a> from arm_startup_nrf52840.o(.text) referenced from arm_startup_nrf52840.o(RESET)
 <LI><a href="#[17]">RADIO_IRQHandler</a> from arm_startup_nrf52840.o(.text) referenced from arm_startup_nrf52840.o(RESET)
 <LI><a href="#[23]">RNG_IRQHandler</a> from arm_startup_nrf52840.o(.text) referenced from arm_startup_nrf52840.o(RESET)
 <LI><a href="#[21]">RTC0_IRQHandler</a> from arm_startup_nrf52840.o(.text) referenced from arm_startup_nrf52840.o(RESET)
 <LI><a href="#[27]">RTC1_IRQHandler</a> from nrfx_rtc.o(.text) referenced from arm_startup_nrf52840.o(RESET)
 <LI><a href="#[38]">RTC2_IRQHandler</a> from arm_startup_nrf52840.o(.text) referenced from arm_startup_nrf52840.o(RESET)
 <LI><a href="#[c]">Reset_Handler</a> from arm_startup_nrf52840.o(.text) referenced from arm_startup_nrf52840.o(RESET)
 <LI><a href="#[1d]">SAADC_IRQHandler</a> from arm_startup_nrf52840.o(.text) referenced from arm_startup_nrf52840.o(RESET)
 <LI><a href="#[19]">SPIM0_SPIS0_TWIM0_TWIS0_SPI0_TWI0_IRQHandler</a> from nrfx_spi.o(.text) referenced from arm_startup_nrf52840.o(RESET)
 <LI><a href="#[1a]">SPIM1_SPIS1_TWIM1_TWIS1_SPI1_TWI1_IRQHandler</a> from arm_startup_nrf52840.o(.text) referenced from arm_startup_nrf52840.o(RESET)
 <LI><a href="#[37]">SPIM2_SPIS2_SPI2_IRQHandler</a> from arm_startup_nrf52840.o(.text) referenced from arm_startup_nrf52840.o(RESET)
 <LI><a href="#[40]">SPIM3_IRQHandler</a> from nrfx_spim.o(.text) referenced from arm_startup_nrf52840.o(RESET)
 <LI><a href="#[12]">SVC_Handler</a> from arm_startup_nrf52840.o(.text) referenced from arm_startup_nrf52840.o(RESET)
 <LI><a href="#[2a]">SWI0_EGU0_IRQHandler</a> from arm_startup_nrf52840.o(.text) referenced from arm_startup_nrf52840.o(RESET)
 <LI><a href="#[2b]">SWI1_EGU1_IRQHandler</a> from arm_startup_nrf52840.o(.text) referenced from arm_startup_nrf52840.o(RESET)
 <LI><a href="#[2c]">SWI2_EGU2_IRQHandler</a> from nrf_sdh.o(.text) referenced from arm_startup_nrf52840.o(RESET)
 <LI><a href="#[2d]">SWI3_EGU3_IRQHandler</a> from arm_startup_nrf52840.o(.text) referenced from arm_startup_nrf52840.o(RESET)
 <LI><a href="#[2e]">SWI4_EGU4_IRQHandler</a> from arm_startup_nrf52840.o(.text) referenced from arm_startup_nrf52840.o(RESET)
 <LI><a href="#[2f]">SWI5_EGU5_IRQHandler</a> from arm_startup_nrf52840.o(.text) referenced from arm_startup_nrf52840.o(RESET)
 <LI><a href="#[15]">SysTick_Handler</a> from board.o(.text) referenced from arm_startup_nrf52840.o(RESET)
 <LI><a href="#[5e]">SystemInit</a> from system_nrf52840.o(.text) referenced from arm_startup_nrf52840.o(.text)
 <LI><a href="#[22]">TEMP_IRQHandler</a> from arm_startup_nrf52840.o(.text) referenced from arm_startup_nrf52840.o(RESET)
 <LI><a href="#[1e]">TIMER0_IRQHandler</a> from arm_startup_nrf52840.o(.text) referenced from arm_startup_nrf52840.o(RESET)
 <LI><a href="#[1f]">TIMER1_IRQHandler</a> from arm_startup_nrf52840.o(.text) referenced from arm_startup_nrf52840.o(RESET)
 <LI><a href="#[20]">TIMER2_IRQHandler</a> from arm_startup_nrf52840.o(.text) referenced from arm_startup_nrf52840.o(RESET)
 <LI><a href="#[30]">TIMER3_IRQHandler</a> from arm_startup_nrf52840.o(.text) referenced from arm_startup_nrf52840.o(RESET)
 <LI><a href="#[31]">TIMER4_IRQHandler</a> from arm_startup_nrf52840.o(.text) referenced from arm_startup_nrf52840.o(RESET)
 <LI><a href="#[18]">UARTE0_UART0_IRQHandler</a> from nrfx_uart.o(.text) referenced from arm_startup_nrf52840.o(RESET)
 <LI><a href="#[3c]">UARTE1_IRQHandler</a> from arm_startup_nrf52840.o(.text) referenced from arm_startup_nrf52840.o(RESET)
 <LI><a href="#[3b]">USBD_IRQHandler</a> from arm_startup_nrf52840.o(.text) referenced from arm_startup_nrf52840.o(RESET)
 <LI><a href="#[11]">UsageFault_Handler</a> from arm_startup_nrf52840.o(.text) referenced from arm_startup_nrf52840.o(RESET)
 <LI><a href="#[26]">WDT_IRQHandler</a> from arm_startup_nrf52840.o(.text) referenced from arm_startup_nrf52840.o(RESET)
 <LI><a href="#[c9]">__main</a> from __main.o(!!!main) referenced from arm_startup_nrf52840.o(.text)
 <LI><a href="#[6a]">_device_init</a> from dfs_uffs.o(.text) referenced from dfs_uffs.o(.text)
 <LI><a href="#[6b]">_device_release</a> from dfs_uffs.o(.text) referenced from dfs_uffs.o(.text)
 <LI><a href="#[6e]">_get_lc_ctype</a> from lc_ctype_c.o(locale$$code) referenced from rt_ctype_table.o(.text)
 <LI><a href="#[4a]">_mtd_close</a> from mtd_nand.o(.text) referenced from mtd_nand.o(.text)
 <LI><a href="#[4b]">_mtd_control</a> from mtd_nand.o(.text) referenced from mtd_nand.o(.text)
 <LI><a href="#[46]">_mtd_init</a> from mtd_nand.o(.text) referenced from mtd_nand.o(.text)
 <LI><a href="#[47]">_mtd_open</a> from mtd_nand.o(.text) referenced from mtd_nand.o(.text)
 <LI><a href="#[48]">_mtd_read</a> from mtd_nand.o(.text) referenced from mtd_nand.o(.text)
 <LI><a href="#[49]">_mtd_write</a> from mtd_nand.o(.text) referenced from mtd_nand.o(.text)
 <LI><a href="#[a6]">_pin_cmd</a> from pin.o(.text) referenced from pin.o(FSymTab)
 <LI><a href="#[45]">_pin_control</a> from pin.o(.text) referenced from pin.o(.text)
 <LI><a href="#[43]">_pin_read</a> from pin.o(.text) referenced from pin.o(.text)
 <LI><a href="#[44]">_pin_write</a> from pin.o(.text) referenced from pin.o(.text)
 <LI><a href="#[70]">_printf_input_char</a> from _printf_char_common.o(.text) referenced from _printf_char_common.o(.text)
 <LI><a href="#[52]">_spi_bus_device_read</a> from spi_dev.o(.text) referenced from spi_dev.o(.text)
 <LI><a href="#[53]">_spi_bus_device_write</a> from spi_dev.o(.text) referenced from spi_dev.o(.text)
 <LI><a href="#[56]">_spidev_device_control</a> from spi_dev.o(.text) referenced from spi_dev.o(.text)
 <LI><a href="#[54]">_spidev_device_read</a> from spi_dev.o(.text) referenced from spi_dev.o(.text)
 <LI><a href="#[55]">_spidev_device_write</a> from spi_dev.o(.text) referenced from spi_dev.o(.text)
 <LI><a href="#[6f]">_sputc</a> from _sputc.o(.text) referenced from noretval__2sprintf.o(.text)
 <LI><a href="#[5b]">_thread_exit</a> from thread.o(.text) referenced from thread.o(.text)
 <LI><a href="#[5c]">_thread_timeout</a> from thread.o(.text) referenced from thread.o(.text)
 <LI><a href="#[5d]">_timer_thread_entry</a> from timer.o(.text) referenced from timer.o(.text)
 <LI><a href="#[8]">_uart_cfg</a> from drv_uart.o(.text) referenced 2 times from drv_uart.o(.data)
 <LI><a href="#[9]">_uart_ctrl</a> from drv_uart.o(.text) referenced 2 times from drv_uart.o(.data)
 <LI><a href="#[b]">_uart_getc</a> from drv_uart.o(.text) referenced 2 times from drv_uart.o(.data)
 <LI><a href="#[a]">_uart_putc</a> from drv_uart.o(.text) referenced 2 times from drv_uart.o(.data)
 <LI><a href="#[60]">app_error_fault_handler</a> from app_error_weak.o(.text) referenced from nrf_sdh.o(.text)
 <LI><a href="#[42]">assert_hook</a> from cmb_port.o(.text) referenced from cmb_port.o(.text)
 <LI><a href="#[c2]">ble_advertising_on_ble_evt</a> from ble_advertising.o(.text) referenced from ble_app_uart.o(sdh_ble_observers1)
 <LI><a href="#[67]">ble_app_softdevice</a> from ble_app_uart.o(.text) referenced from ble_app_uart.o(.text)
 <LI><a href="#[be]">ble_app_uart</a> from ble_app_uart.o(.text) referenced from ble_app_uart.o(FSymTab)
 <LI><a href="#[bf]">ble_evt_handler</a> from ble_conn_state.o(.text) referenced from ble_conn_state.o(sdh_ble_observers0)
 <LI><a href="#[c0]">ble_evt_handler</a> from ble_conn_params_rtt.o(.text) referenced from ble_conn_params_rtt.o(sdh_ble_observers1)
 <LI><a href="#[c5]">ble_evt_handler</a> from ble_app_uart.o(.text) referenced from ble_app_uart.o(sdh_ble_observers3)
 <LI><a href="#[c3]">ble_nus_on_ble_evt</a> from ble_nus.o(.text) referenced from ble_app_uart.o(sdh_ble_observers2)
 <LI><a href="#[1b9]">button_1_callback</a> from drv_gpio.o(.text) referenced from drv_gpio.o(.text)
 <LI><a href="#[1ba]">button_2_callback</a> from drv_gpio.o(.text) referenced from drv_gpio.o(.text)
 <LI><a href="#[1bb]">button_3_callback</a> from drv_gpio.o(.text) referenced from drv_gpio.o(.text)
 <LI><a href="#[1bc]">button_4_callback</a> from drv_gpio.o(.text) referenced from drv_gpio.o(.text)
 <LI><a href="#[ad]">clear</a> from cmd.o(.text) referenced from cmd.o(FSymTab)
 <LI><a href="#[57]">clk_event_handler</a> from board.o(.text) referenced from board.o(.text)
 <LI><a href="#[69]">clock_irq_handler</a> from nrf_drv_clock.o(.text) referenced from nrf_drv_clock.o(.text)
 <LI><a href="#[a5]">cmb_test</a> from cmb_port.o(.text) referenced from cmb_port.o(FSymTab)
 <LI><a href="#[b3]">cmd_cat</a> from msh_file.o(.text) referenced from msh_file.o(FSymTab)
 <LI><a href="#[b5]">cmd_cd</a> from msh_file.o(.text) referenced from msh_file.o(FSymTab)
 <LI><a href="#[b1]">cmd_cp</a> from msh_file.o(.text) referenced from msh_file.o(FSymTab)
 <LI><a href="#[bb]">cmd_df</a> from msh_file.o(.text) referenced from msh_file.o(FSymTab)
 <LI><a href="#[bc]">cmd_echo</a> from msh_file.o(.text) referenced from msh_file.o(FSymTab)
 <LI><a href="#[ac]">cmd_free</a> from msh.o(.text) referenced from msh.o(FSymTab)
 <LI><a href="#[af]">cmd_list</a> from cmd.o(.text) referenced from cmd.o(FSymTab)
 <LI><a href="#[b0]">cmd_ls</a> from msh_file.o(.text) referenced from msh_file.o(FSymTab)
 <LI><a href="#[b7]">cmd_mkdir</a> from msh_file.o(.text) referenced from msh_file.o(FSymTab)
 <LI><a href="#[b8]">cmd_mkfs</a> from msh_file.o(.text) referenced from msh_file.o(FSymTab)
 <LI><a href="#[b9]">cmd_mount</a> from msh_file.o(.text) referenced from msh_file.o(FSymTab)
 <LI><a href="#[b2]">cmd_mv</a> from msh_file.o(.text) referenced from msh_file.o(FSymTab)
 <LI><a href="#[ab]">cmd_ps</a> from msh.o(.text) referenced from msh.o(FSymTab)
 <LI><a href="#[b6]">cmd_pwd</a> from msh_file.o(.text) referenced from msh_file.o(FSymTab)
 <LI><a href="#[b4]">cmd_rm</a> from msh_file.o(.text) referenced from msh_file.o(FSymTab)
 <LI><a href="#[bd]">cmd_tail</a> from msh_file.o(.text) referenced from msh_file.o(FSymTab)
 <LI><a href="#[ba]">cmd_umount</a> from msh_file.o(.text) referenced from msh_file.o(FSymTab)
 <LI><a href="#[66]">conn_params_error_handler</a> from ble_app_uart.o(.text) referenced from ble_app_uart.o(.text)
 <LI><a href="#[7c]">dfs_device_fs_close</a> from devfs.o(.text) referenced from devfs.o(.constdata)
 <LI><a href="#[80]">dfs_device_fs_getdents</a> from devfs.o(.text) referenced from devfs.o(.constdata)
 <LI><a href="#[7d]">dfs_device_fs_ioctl</a> from devfs.o(.text) referenced from devfs.o(.constdata)
 <LI><a href="#[82]">dfs_device_fs_mount</a> from devfs.o(.text) referenced from devfs.o(.constdata)
 <LI><a href="#[7b]">dfs_device_fs_open</a> from devfs.o(.text) referenced from devfs.o(.constdata)
 <LI><a href="#[81]">dfs_device_fs_poll</a> from devfs.o(.text) referenced from devfs.o(.constdata)
 <LI><a href="#[7e]">dfs_device_fs_read</a> from devfs.o(.text) referenced from devfs.o(.constdata)
 <LI><a href="#[83]">dfs_device_fs_stat</a> from devfs.o(.text) referenced from devfs.o(.constdata)
 <LI><a href="#[7f]">dfs_device_fs_write</a> from devfs.o(.text) referenced from devfs.o(.constdata)
 <LI><a href="#[9f]">dfs_init</a> from dfs.o(.text) referenced from dfs.o(.rti_fn.2)
 <LI><a href="#[85]">dfs_uffs_close</a> from dfs_uffs.o(.text) referenced from dfs_uffs.o(.constdata)
 <LI><a href="#[89]">dfs_uffs_flush</a> from dfs_uffs.o(.text) referenced from dfs_uffs.o(.constdata)
 <LI><a href="#[8b]">dfs_uffs_getdents</a> from dfs_uffs.o(.text) referenced from dfs_uffs.o(.constdata)
 <LI><a href="#[a2]">dfs_uffs_init</a> from dfs_uffs.o(.text) referenced from dfs_uffs.o(.rti_fn.4)
 <LI><a href="#[86]">dfs_uffs_ioctl</a> from dfs_uffs.o(.text) referenced from dfs_uffs.o(.constdata)
 <LI><a href="#[8e]">dfs_uffs_mkfs</a> from dfs_uffs.o(.text) referenced from dfs_uffs.o(.constdata)
 <LI><a href="#[8c]">dfs_uffs_mount</a> from dfs_uffs.o(.text) referenced from dfs_uffs.o(.constdata)
 <LI><a href="#[84]">dfs_uffs_open</a> from dfs_uffs.o(.text) referenced from dfs_uffs.o(.constdata)
 <LI><a href="#[87]">dfs_uffs_read</a> from dfs_uffs.o(.text) referenced from dfs_uffs.o(.constdata)
 <LI><a href="#[92]">dfs_uffs_rename</a> from dfs_uffs.o(.text) referenced from dfs_uffs.o(.constdata)
 <LI><a href="#[8a]">dfs_uffs_seek</a> from dfs_uffs.o(.text) referenced from dfs_uffs.o(.constdata)
 <LI><a href="#[91]">dfs_uffs_stat</a> from dfs_uffs.o(.text) referenced from dfs_uffs.o(.constdata)
 <LI><a href="#[8f]">dfs_uffs_statfs</a> from dfs_uffs.o(.text) referenced from dfs_uffs.o(.constdata)
 <LI><a href="#[90]">dfs_uffs_unlink</a> from dfs_uffs.o(.text) referenced from dfs_uffs.o(.constdata)
 <LI><a href="#[8d]">dfs_uffs_unmount</a> from dfs_uffs.o(.text) referenced from dfs_uffs.o(.constdata)
 <LI><a href="#[88]">dfs_uffs_write</a> from dfs_uffs.o(.text) referenced from dfs_uffs.o(.constdata)
 <LI><a href="#[41]">exception_hook</a> from cmb_port.o(.text) referenced from cmb_port.o(.text)
 <LI><a href="#[59]">finsh_rx_ind</a> from shell.o(.text) referenced from shell.o(.text)
 <LI><a href="#[a3]">finsh_system_init</a> from shell.o(.text) referenced from shell.o(.rti_fn.6)
 <LI><a href="#[222]">finsh_thread_entry</a> from shell.o(.text) referenced from shell.o(.text)
 <LI><a href="#[a8]">gpio_sample</a> from drv_gpio.o(.text) referenced from drv_gpio.o(FSymTab)
 <LI><a href="#[5a]">idle_thread_entry</a> from idle.o(.text) referenced from idle.o(.text)
 <LI><a href="#[a9]">list_fd</a> from dfs.o(.text) referenced from dfs.o(FSymTab)
 <LI><a href="#[250]">main_thread_entry</a> from components.o(.text) referenced from components.o(.text)
 <LI><a href="#[aa]">msh_help</a> from msh.o(.text) referenced from msh.o(FSymTab)
 <LI><a href="#[a7]">mtd_nand</a> from mtd_nand.o(.text) referenced from mtd_nand.o(FSymTab)
 <LI><a href="#[97]">nand_erase_block</a> from uffs_nandif.o(.text) referenced from uffs_nandif.o(.constdata)
 <LI><a href="#[93]">nand_init_flash</a> from uffs_nandif.o(.text) referenced from uffs_nandif.o(.constdata)
 <LI><a href="#[95]">nand_read_page</a> from uffs_nandif.o(.text) referenced from uffs_nandif.o(.constdata)
 <LI><a href="#[94]">nand_release_flash</a> from uffs_nandif.o(.text) referenced from uffs_nandif.o(.constdata)
 <LI><a href="#[96]">nand_write_page</a> from uffs_nandif.o(.text) referenced from uffs_nandif.o(.constdata)
 <LI><a href="#[74]">nrf5x_pin_attach_irq</a> from drv_gpio.o(.text) referenced from drv_gpio.o(.constdata)
 <LI><a href="#[75]">nrf5x_pin_dettach_irq</a> from drv_gpio.o(.text) referenced from drv_gpio.o(.constdata)
 <LI><a href="#[76]">nrf5x_pin_irq_enable</a> from drv_gpio.o(.text) referenced from drv_gpio.o(.constdata)
 <LI><a href="#[71]">nrf5x_pin_mode</a> from drv_gpio.o(.text) referenced from drv_gpio.o(.constdata)
 <LI><a href="#[73]">nrf5x_pin_read</a> from drv_gpio.o(.text) referenced from drv_gpio.o(.constdata)
 <LI><a href="#[72]">nrf5x_pin_write</a> from drv_gpio.o(.text) referenced from drv_gpio.o(.constdata)
 <LI><a href="#[c1]">nrf_ble_gatt_on_ble_evt</a> from nrf_ble_gatt.o(.text) referenced from ble_app_uart.o(sdh_ble_observers1)
 <LI><a href="#[c4]">nrf_ble_qwr_on_ble_evt</a> from nrf_ble_qwr.o(.text) referenced from ble_app_uart.o(sdh_ble_observers2)
 <LI><a href="#[63]">nrf_qwr_error_handler</a> from ble_app_uart.o(.text) referenced from ble_app_uart.o(.text)
 <LI><a href="#[c7]">nrf_sdh_ble_evts_poll</a> from nrf_sdh_ble_rtt.o(.text) referenced from nrf_sdh_ble_rtt.o(sdh_stack_observers0)
 <LI><a href="#[64]">nus_data_handler</a> from ble_app_uart.o(.text) referenced from ble_app_uart.o(.text)
 <LI><a href="#[62]">on_adv_evt</a> from ble_app_uart.o(.text) referenced from ble_app_uart.o(.text)
 <LI><a href="#[65]">on_conn_params_evt</a> from ble_app_uart.o(.text) referenced from ble_app_uart.o(.text)
 <LI><a href="#[58]">pin_irq_hdr</a> from drv_gpio.o(.text) referenced from drv_gpio.o(.text)
 <LI><a href="#[a1]">rt_cm_backtrace_init</a> from cmb_port.o(.text) referenced from cmb_port.o(.rti_fn.3)
 <LI><a href="#[9a]">rt_hw_pin_init</a> from drv_gpio.o(.text) referenced from drv_gpio.o(.rti_fn.1)
 <LI><a href="#[9b]">rt_hw_spi_init</a> from drv_spi.o(.text) referenced from drv_spi.o(.rti_fn.1)
 <LI><a href="#[9c]">rt_hw_spim_init</a> from drv_spim.o(.text) referenced from drv_spim.o(.rti_fn.1)
 <LI><a href="#[4e]">rt_serial_close</a> from serial.o(.text) referenced from serial.o(.text)
 <LI><a href="#[51]">rt_serial_control</a> from serial.o(.text) referenced from serial.o(.text)
 <LI><a href="#[4c]">rt_serial_init</a> from serial.o(.text) referenced from serial.o(.text)
 <LI><a href="#[4d]">rt_serial_open</a> from serial.o(.text) referenced from serial.o(.text)
 <LI><a href="#[4f]">rt_serial_read</a> from serial.o(.text) referenced from serial.o(.text)
 <LI><a href="#[50]">rt_serial_write</a> from serial.o(.text) referenced from serial.o(.text)
 <LI><a href="#[9e]">rti_board_end</a> from components.o(.text) referenced from components.o(.rti_fn.1.end)
 <LI><a href="#[99]">rti_board_start</a> from components.o(.text) referenced from components.o(.rti_fn.0.end)
 <LI><a href="#[a4]">rti_end</a> from components.o(.text) referenced from components.o(.rti_fn.6.end)
 <LI><a href="#[98]">rti_start</a> from components.o(.text) referenced from components.o(.rti_fn.0)
 <LI><a href="#[c8]">sd_state_evt_handler</a> from nrf_drv_clock.o(.text) referenced from nrf_drv_clock.o(sdh_state_observers0)
 <LI><a href="#[c6]">soc_evt_handler</a> from nrf_drv_clock.o(.text) referenced from nrf_drv_clock.o(sdh_soc_observers0)
 <LI><a href="#[3]">spi0_handler</a> from drv_spi.o(.text) referenced 2 times from drv_spi.o(.data)
 <LI><a href="#[4]">spi1_handler</a> from drv_spi.o(.text) referenced 2 times from drv_spi.o(.data)
 <LI><a href="#[5]">spi2_handler</a> from drv_spi.o(.text) referenced 2 times from drv_spi.o(.data)
 <LI><a href="#[77]">spi_configure</a> from drv_spi.o(.text) referenced from drv_spi.o(.constdata)
 <LI><a href="#[6]">spim3_handler</a> from drv_spim.o(.text) referenced 2 times from drv_spim.o(.data)
 <LI><a href="#[79]">spim_configure</a> from drv_spim.o(.text) referenced from drv_spim.o(.constdata)
 <LI><a href="#[7a]">spimxfer</a> from drv_spim.o(.text) referenced from drv_spim.o(.constdata)
 <LI><a href="#[78]">spixfer</a> from drv_spi.o(.text) referenced from drv_spi.o(.constdata)
 <LI><a href="#[6d]">sys_free</a> from uffs_rtthread.o(.text) referenced from uffs_rtthread.o(.text)
 <LI><a href="#[6c]">sys_malloc</a> from uffs_rtthread.o(.text) referenced from uffs_rtthread.o(.text)
 <LI><a href="#[7]">uart0_event_hander</a> from drv_uart.o(.text) referenced 2 times from drv_uart.o(.data)
 <LI><a href="#[68]">uart_task</a> from ble_app_uart.o(.text) referenced from ble_app_uart.o(.text)
 <LI><a href="#[a0]">ulog_console_backend_init</a> from console_be.o(.text) referenced from console_be.o(.rti_fn.2)
 <LI><a href="#[58c]">ulog_console_backend_output</a> from console_be.o(.text) referenced from console_be.o(.text)
 <LI><a href="#[9d]">ulog_init</a> from ulog.o(.text) referenced from ulog.o(.rti_fn.1)
 <LI><a href="#[61]">update_timeout_handler</a> from ble_conn_params_rtt.o(.text) referenced from ble_conn_params_rtt.o(.text)
 <LI><a href="#[ae]">version</a> from cmd.o(.text) referenced from cmd.o(FSymTab)
</UL>
<P>
<H3>
Global Symbols
</H3>
<P><STRONG><a name="[c9]"></a>__main</STRONG> (Thumb, 8 bytes, Stack size 0 bytes, __main.o(!!!main))
<BR><BR>[Calls]<UL><LI><a href="#[cb]">&gt;&gt;</a>&nbsp;&nbsp;&nbsp;__rt_entry
<LI><a href="#[ca]">&gt;&gt;</a>&nbsp;&nbsp;&nbsp;__scatterload
</UL>

<P><STRONG><a name="[ca]"></a>__scatterload</STRONG> (Thumb, 0 bytes, Stack size unknown bytes, __scatter.o(!!!scatter))
<BR><BR>[Called By]<UL><LI><a href="#[c9]">&gt;&gt;</a>&nbsp;&nbsp;&nbsp;__main
</UL>

<P><STRONG><a name="[cc]"></a>__scatterload_rt2</STRONG> (Thumb, 44 bytes, Stack size unknown bytes, __scatter.o(!!!scatter), UNUSED)
<BR><BR>[Calls]<UL><LI><a href="#[cb]">&gt;&gt;</a>&nbsp;&nbsp;&nbsp;__rt_entry
</UL>

<P><STRONG><a name="[5a9]"></a>__scatterload_rt2_thumb_only</STRONG> (Thumb, 0 bytes, Stack size unknown bytes, __scatter.o(!!!scatter), UNUSED)

<P><STRONG><a name="[5aa]"></a>__scatterload_null</STRONG> (Thumb, 0 bytes, Stack size unknown bytes, __scatter.o(!!!scatter), UNUSED)

<P><STRONG><a name="[5ab]"></a>__decompress</STRONG> (Thumb, 90 bytes, Stack size unknown bytes, __dczerorl2.o(!!dczerorl2), UNUSED)

<P><STRONG><a name="[5ac]"></a>__decompress1</STRONG> (Thumb, 0 bytes, Stack size unknown bytes, __dczerorl2.o(!!dczerorl2), UNUSED)

<P><STRONG><a name="[5ad]"></a>__scatterload_zeroinit</STRONG> (Thumb, 28 bytes, Stack size unknown bytes, __scatter_zi.o(!!handler_zi), UNUSED)

<P><STRONG><a name="[cd]"></a>_printf_d</STRONG> (Thumb, 0 bytes, Stack size unknown bytes, _printf_d.o(.ARM.Collect$$_printf_percent$$00000009))
<BR><BR>[Stack]<UL><LI>Max Depth = 72 + Unknown Stack Size
<LI>Call Chain = _printf_d &rArr; _printf_int_dec &rArr; _printf_int_common &rArr; _printf_post_padding
</UL>
<BR>[Calls]<UL><LI><a href="#[ce]">&gt;&gt;</a>&nbsp;&nbsp;&nbsp;_printf_int_dec
</UL>

<P><STRONG><a name="[59b]"></a>_printf_percent</STRONG> (Thumb, 0 bytes, Stack size unknown bytes, _printf_percent.o(.ARM.Collect$$_printf_percent$$00000000))
<BR><BR>[Called By]<UL><LI><a href="#[599]">&gt;&gt;</a>&nbsp;&nbsp;&nbsp;__printf
</UL>

<P><STRONG><a name="[cf]"></a>_printf_x</STRONG> (Thumb, 0 bytes, Stack size unknown bytes, _printf_x.o(.ARM.Collect$$_printf_percent$$0000000C))
<BR><BR>[Stack]<UL><LI>Max Depth = 64 + Unknown Stack Size
<LI>Call Chain = _printf_x &rArr; _printf_int_hex &rArr; _printf_int_common &rArr; _printf_post_padding
</UL>
<BR>[Calls]<UL><LI><a href="#[d0]">&gt;&gt;</a>&nbsp;&nbsp;&nbsp;_printf_int_hex
</UL>

<P><STRONG><a name="[5ae]"></a>_printf_percent_end</STRONG> (Thumb, 0 bytes, Stack size unknown bytes, _printf_percent_end.o(.ARM.Collect$$_printf_percent$$00000017))

<P><STRONG><a name="[d9]"></a>__rt_lib_init</STRONG> (Thumb, 0 bytes, Stack size unknown bytes, libinit.o(.ARM.Collect$$libinit$$00000000))
<BR><BR>[Called By]<UL><LI><a href="#[d8]">&gt;&gt;</a>&nbsp;&nbsp;&nbsp;__rt_entry_li
</UL>

<P><STRONG><a name="[d1]"></a>__rt_lib_init_fp_1</STRONG> (Thumb, 0 bytes, Stack size unknown bytes, libinit2.o(.ARM.Collect$$libinit$$00000001))
<BR><BR>[Calls]<UL><LI><a href="#[d2]">&gt;&gt;</a>&nbsp;&nbsp;&nbsp;_fp_init
</UL>

<P><STRONG><a name="[5af]"></a>__rt_lib_init_heap_1</STRONG> (Thumb, 0 bytes, Stack size unknown bytes, libinit2.o(.ARM.Collect$$libinit$$0000000A))

<P><STRONG><a name="[d3]"></a>__rt_lib_init_lc_common</STRONG> (Thumb, 0 bytes, Stack size unknown bytes, libinit2.o(.ARM.Collect$$libinit$$0000000F))
<BR><BR>[Calls]<UL><LI><a href="#[d4]">&gt;&gt;</a>&nbsp;&nbsp;&nbsp;__rt_locale
</UL>

<P><STRONG><a name="[5b0]"></a>__rt_lib_init_preinit_1</STRONG> (Thumb, 0 bytes, Stack size unknown bytes, libinit2.o(.ARM.Collect$$libinit$$00000004))

<P><STRONG><a name="[5b1]"></a>__rt_lib_init_rand_1</STRONG> (Thumb, 0 bytes, Stack size unknown bytes, libinit2.o(.ARM.Collect$$libinit$$0000000E))

<P><STRONG><a name="[5b2]"></a>__rt_lib_init_user_alloc_1</STRONG> (Thumb, 0 bytes, Stack size unknown bytes, libinit2.o(.ARM.Collect$$libinit$$0000000C))

<P><STRONG><a name="[5b3]"></a>__rt_lib_init_lc_collate_1</STRONG> (Thumb, 0 bytes, Stack size unknown bytes, libinit2.o(.ARM.Collect$$libinit$$00000011))

<P><STRONG><a name="[d5]"></a>__rt_lib_init_lc_ctype_2</STRONG> (Thumb, 0 bytes, Stack size unknown bytes, libinit2.o(.ARM.Collect$$libinit$$00000012))
<BR><BR>[Stack]<UL><LI>Max Depth = 8 + Unknown Stack Size
<LI>Call Chain = __rt_lib_init_lc_ctype_2 &rArr; _get_lc_ctype
</UL>
<BR>[Calls]<UL><LI><a href="#[6e]">&gt;&gt;</a>&nbsp;&nbsp;&nbsp;_get_lc_ctype
</UL>

<P><STRONG><a name="[5b4]"></a>__rt_lib_init_alloca_1</STRONG> (Thumb, 0 bytes, Stack size unknown bytes, libinit2.o(.ARM.Collect$$libinit$$0000002E))

<P><STRONG><a name="[5b5]"></a>__rt_lib_init_argv_1</STRONG> (Thumb, 0 bytes, Stack size unknown bytes, libinit2.o(.ARM.Collect$$libinit$$0000002C))

<P><STRONG><a name="[5b6]"></a>__rt_lib_init_atexit_1</STRONG> (Thumb, 0 bytes, Stack size unknown bytes, libinit2.o(.ARM.Collect$$libinit$$0000001B))

<P><STRONG><a name="[5b7]"></a>__rt_lib_init_clock_1</STRONG> (Thumb, 0 bytes, Stack size unknown bytes, libinit2.o(.ARM.Collect$$libinit$$00000021))

<P><STRONG><a name="[5b8]"></a>__rt_lib_init_cpp_1</STRONG> (Thumb, 0 bytes, Stack size unknown bytes, libinit2.o(.ARM.Collect$$libinit$$00000032))

<P><STRONG><a name="[5b9]"></a>__rt_lib_init_exceptions_1</STRONG> (Thumb, 0 bytes, Stack size unknown bytes, libinit2.o(.ARM.Collect$$libinit$$00000030))

<P><STRONG><a name="[5ba]"></a>__rt_lib_init_fp_trap_1</STRONG> (Thumb, 0 bytes, Stack size unknown bytes, libinit2.o(.ARM.Collect$$libinit$$0000001F))

<P><STRONG><a name="[5bb]"></a>__rt_lib_init_getenv_1</STRONG> (Thumb, 0 bytes, Stack size unknown bytes, libinit2.o(.ARM.Collect$$libinit$$00000023))

<P><STRONG><a name="[5bc]"></a>__rt_lib_init_lc_ctype_1</STRONG> (Thumb, 0 bytes, Stack size unknown bytes, libinit2.o(.ARM.Collect$$libinit$$00000013))

<P><STRONG><a name="[5bd]"></a>__rt_lib_init_lc_monetary_1</STRONG> (Thumb, 0 bytes, Stack size unknown bytes, libinit2.o(.ARM.Collect$$libinit$$00000015))

<P><STRONG><a name="[5be]"></a>__rt_lib_init_lc_numeric_1</STRONG> (Thumb, 0 bytes, Stack size unknown bytes, libinit2.o(.ARM.Collect$$libinit$$00000017))

<P><STRONG><a name="[5bf]"></a>__rt_lib_init_lc_time_1</STRONG> (Thumb, 0 bytes, Stack size unknown bytes, libinit2.o(.ARM.Collect$$libinit$$00000019))

<P><STRONG><a name="[5c0]"></a>__rt_lib_init_return</STRONG> (Thumb, 0 bytes, Stack size unknown bytes, libinit2.o(.ARM.Collect$$libinit$$00000033))

<P><STRONG><a name="[5c1]"></a>__rt_lib_init_signal_1</STRONG> (Thumb, 0 bytes, Stack size unknown bytes, libinit2.o(.ARM.Collect$$libinit$$0000001D))

<P><STRONG><a name="[5c2]"></a>__rt_lib_init_stdio_1</STRONG> (Thumb, 0 bytes, Stack size unknown bytes, libinit2.o(.ARM.Collect$$libinit$$00000025))

<P><STRONG><a name="[de]"></a>__rt_lib_shutdown</STRONG> (Thumb, 0 bytes, Stack size unknown bytes, libshutdown.o(.ARM.Collect$$libshutdown$$00000000))
<BR><BR>[Called By]<UL><LI><a href="#[dd]">&gt;&gt;</a>&nbsp;&nbsp;&nbsp;__rt_exit_ls
</UL>

<P><STRONG><a name="[5c3]"></a>__rt_lib_shutdown_cpp_1</STRONG> (Thumb, 0 bytes, Stack size unknown bytes, libshutdown2.o(.ARM.Collect$$libshutdown$$00000002))

<P><STRONG><a name="[5c4]"></a>__rt_lib_shutdown_fp_trap_1</STRONG> (Thumb, 0 bytes, Stack size unknown bytes, libshutdown2.o(.ARM.Collect$$libshutdown$$00000007))

<P><STRONG><a name="[5c5]"></a>__rt_lib_shutdown_heap_1</STRONG> (Thumb, 0 bytes, Stack size unknown bytes, libshutdown2.o(.ARM.Collect$$libshutdown$$0000000F))

<P><STRONG><a name="[5c6]"></a>__rt_lib_shutdown_return</STRONG> (Thumb, 0 bytes, Stack size unknown bytes, libshutdown2.o(.ARM.Collect$$libshutdown$$00000010))

<P><STRONG><a name="[5c7]"></a>__rt_lib_shutdown_signal_1</STRONG> (Thumb, 0 bytes, Stack size unknown bytes, libshutdown2.o(.ARM.Collect$$libshutdown$$0000000A))

<P><STRONG><a name="[5c8]"></a>__rt_lib_shutdown_stdio_1</STRONG> (Thumb, 0 bytes, Stack size unknown bytes, libshutdown2.o(.ARM.Collect$$libshutdown$$00000004))

<P><STRONG><a name="[5c9]"></a>__rt_lib_shutdown_user_alloc_1</STRONG> (Thumb, 0 bytes, Stack size unknown bytes, libshutdown2.o(.ARM.Collect$$libshutdown$$0000000C))

<P><STRONG><a name="[cb]"></a>__rt_entry</STRONG> (Thumb, 0 bytes, Stack size unknown bytes, __rtentry.o(.ARM.Collect$$rtentry$$00000000))
<BR><BR>[Called By]<UL><LI><a href="#[c9]">&gt;&gt;</a>&nbsp;&nbsp;&nbsp;__main
<LI><a href="#[cc]">&gt;&gt;</a>&nbsp;&nbsp;&nbsp;__scatterload_rt2
</UL>

<P><STRONG><a name="[5ca]"></a>__rt_entry_presh_1</STRONG> (Thumb, 0 bytes, Stack size unknown bytes, __rtentry2.o(.ARM.Collect$$rtentry$$00000002))

<P><STRONG><a name="[d6]"></a>__rt_entry_sh</STRONG> (Thumb, 0 bytes, Stack size unknown bytes, __rtentry4.o(.ARM.Collect$$rtentry$$00000004))
<BR><BR>[Stack]<UL><LI>Max Depth = 8 + Unknown Stack Size
<LI>Call Chain = __rt_entry_sh &rArr; __user_setup_stackheap
</UL>
<BR>[Calls]<UL><LI><a href="#[d7]">&gt;&gt;</a>&nbsp;&nbsp;&nbsp;__user_setup_stackheap
</UL>

<P><STRONG><a name="[d8]"></a>__rt_entry_li</STRONG> (Thumb, 0 bytes, Stack size unknown bytes, __rtentry2.o(.ARM.Collect$$rtentry$$0000000A))
<BR><BR>[Calls]<UL><LI><a href="#[d9]">&gt;&gt;</a>&nbsp;&nbsp;&nbsp;__rt_lib_init
</UL>

<P><STRONG><a name="[5cb]"></a>__rt_entry_postsh_1</STRONG> (Thumb, 0 bytes, Stack size unknown bytes, __rtentry2.o(.ARM.Collect$$rtentry$$00000009))

<P><STRONG><a name="[da]"></a>__rt_entry_main</STRONG> (Thumb, 0 bytes, Stack size unknown bytes, __rtentry2.o(.ARM.Collect$$rtentry$$0000000D))
<BR><BR>[Stack]<UL><LI>Max Depth = 580 + Unknown Stack Size
<LI>Call Chain = __rt_entry_main &rArr; main &rArr; rtthread_startup &rArr; rt_hw_board_init &rArr; rt_console_set_device &rArr; rt_device_open &rArr; ulog_output &rArr; ulog_voutput &rArr; output_lock &rArr; rt_mutex_take &rArr; _rt_mutex_take &rArr; _thread_update_priority &rArr; rt_thread_control &rArr; rt_thread_startup &rArr; rt_schedule &rArr; _scheduler_stack_check &rArr; rt_kprintf &rArr; rt_vsnprintf &rArr; print_number &rArr; __aeabi_memclr4
</UL>
<BR>[Calls]<UL><LI><a href="#[db]">&gt;&gt;</a>&nbsp;&nbsp;&nbsp;main
<LI><a href="#[dc]">&gt;&gt;</a>&nbsp;&nbsp;&nbsp;exit
</UL>

<P><STRONG><a name="[5cc]"></a>__rt_entry_postli_1</STRONG> (Thumb, 0 bytes, Stack size unknown bytes, __rtentry2.o(.ARM.Collect$$rtentry$$0000000C))

<P><STRONG><a name="[5a8]"></a>__rt_exit</STRONG> (Thumb, 0 bytes, Stack size unknown bytes, rtexit.o(.ARM.Collect$$rtexit$$00000000))
<BR><BR>[Called By]<UL><LI><a href="#[dc]">&gt;&gt;</a>&nbsp;&nbsp;&nbsp;exit
</UL>

<P><STRONG><a name="[dd]"></a>__rt_exit_ls</STRONG> (Thumb, 0 bytes, Stack size unknown bytes, rtexit2.o(.ARM.Collect$$rtexit$$00000003))
<BR><BR>[Calls]<UL><LI><a href="#[de]">&gt;&gt;</a>&nbsp;&nbsp;&nbsp;__rt_lib_shutdown
</UL>

<P><STRONG><a name="[5cd]"></a>__rt_exit_prels_1</STRONG> (Thumb, 0 bytes, Stack size unknown bytes, rtexit2.o(.ARM.Collect$$rtexit$$00000002))

<P><STRONG><a name="[df]"></a>__rt_exit_exit</STRONG> (Thumb, 0 bytes, Stack size unknown bytes, rtexit2.o(.ARM.Collect$$rtexit$$00000004))
<BR><BR>[Stack]<UL><LI>Max Depth = 540 + Unknown Stack Size
<LI>Call Chain = __rt_exit_exit &rArr; _sys_exit &rArr; __rt_libc_exit &rArr; ulog_output &rArr; ulog_voutput &rArr; output_lock &rArr; rt_mutex_take &rArr; _rt_mutex_take &rArr; _thread_update_priority &rArr; rt_thread_control &rArr; rt_thread_startup &rArr; rt_schedule &rArr; _scheduler_stack_check &rArr; rt_kprintf &rArr; rt_vsnprintf &rArr; print_number &rArr; __aeabi_memclr4
</UL>
<BR>[Calls]<UL><LI><a href="#[e0]">&gt;&gt;</a>&nbsp;&nbsp;&nbsp;_sys_exit
</UL>

<P><STRONG><a name="[f7]"></a>__asm___14_cm_backtrace_c_13c737ea__cmb_get_msp</STRONG> (Thumb, 6 bytes, Stack size 0 bytes, cm_backtrace.o(.emb_text))
<BR><BR>[Called By]<UL><LI><a href="#[f6]">&gt;&gt;</a>&nbsp;&nbsp;&nbsp;cm_backtrace_assert
</UL>

<P><STRONG><a name="[f2]"></a>__asm___14_cm_backtrace_c_13c737ea__cmb_get_psp</STRONG> (Thumb, 6 bytes, Stack size 0 bytes, cm_backtrace.o(.emb_text))
<BR><BR>[Called By]<UL><LI><a href="#[f9]">&gt;&gt;</a>&nbsp;&nbsp;&nbsp;cm_backtrace_fault
<LI><a href="#[f6]">&gt;&gt;</a>&nbsp;&nbsp;&nbsp;cm_backtrace_assert
<LI><a href="#[f0]">&gt;&gt;</a>&nbsp;&nbsp;&nbsp;cm_backtrace_call_stack
</UL>

<P><STRONG><a name="[f1]"></a>__asm___14_cm_backtrace_c_13c737ea__cmb_get_sp</STRONG> (Thumb, 4 bytes, Stack size 0 bytes, cm_backtrace.o(.emb_text))
<BR><BR>[Called By]<UL><LI><a href="#[f6]">&gt;&gt;</a>&nbsp;&nbsp;&nbsp;cm_backtrace_assert
<LI><a href="#[f0]">&gt;&gt;</a>&nbsp;&nbsp;&nbsp;cm_backtrace_call_stack
</UL>

<P><STRONG><a name="[5ce]"></a>__asm___10_cmb_port_c_15d1e976__cmb_get_msp</STRONG> (Thumb, 6 bytes, Stack size 0 bytes, cmb_port.o(.emb_text), UNUSED)

<P><STRONG><a name="[ff]"></a>__asm___10_cmb_port_c_15d1e976__cmb_get_psp</STRONG> (Thumb, 6 bytes, Stack size 0 bytes, cmb_port.o(.emb_text))
<BR><BR>[Called By]<UL><LI><a href="#[fc]">&gt;&gt;</a>&nbsp;&nbsp;&nbsp;rt_cm_backtrace_exception_hook
</UL>

<P><STRONG><a name="[101]"></a>__asm___10_cmb_port_c_15d1e976__cmb_get_sp</STRONG> (Thumb, 4 bytes, Stack size 0 bytes, cmb_port.o(.emb_text))
<BR><BR>[Called By]<UL><LI><a href="#[104]">&gt;&gt;</a>&nbsp;&nbsp;&nbsp;rt_cm_backtrace_assert_hook
<LI><a href="#[fc]">&gt;&gt;</a>&nbsp;&nbsp;&nbsp;rt_cm_backtrace_exception_hook
</UL>

<P><STRONG><a name="[100]"></a>__asm___10_cmb_port_c_15d1e976__cmb_set_psp</STRONG> (Thumb, 6 bytes, Stack size 0 bytes, cmb_port.o(.emb_text))
<BR><BR>[Called By]<UL><LI><a href="#[fc]">&gt;&gt;</a>&nbsp;&nbsp;&nbsp;rt_cm_backtrace_exception_hook
</UL>

<P><STRONG><a name="[449]"></a>__asm___12_nrf_atomic_c_85ca2469__nrf_atomic_internal_mov</STRONG> (Thumb, 24 bytes, Stack size 0 bytes, nrf_atomic.o(.emb_text), UNUSED)
<BR><BR>[Called By]<UL><LI><a href="#[44a]">&gt;&gt;</a>&nbsp;&nbsp;&nbsp;nrf_atomic_u32_store
<LI><a href="#[448]">&gt;&gt;</a>&nbsp;&nbsp;&nbsp;nrf_atomic_u32_fetch_store
</UL>

<P><STRONG><a name="[44b]"></a>__asm___12_nrf_atomic_c_85ca2469__nrf_atomic_internal_orr</STRONG> (Thumb, 26 bytes, Stack size 0 bytes, nrf_atomic.o(.emb_text))
<BR><BR>[Called By]<UL><LI><a href="#[3c7]">&gt;&gt;</a>&nbsp;&nbsp;&nbsp;nrf_atomic_u32_or
<LI><a href="#[3c9]">&gt;&gt;</a>&nbsp;&nbsp;&nbsp;nrf_atomic_u32_fetch_or
</UL>

<P><STRONG><a name="[44c]"></a>__asm___12_nrf_atomic_c_85ca2469__nrf_atomic_internal_and</STRONG> (Thumb, 26 bytes, Stack size 0 bytes, nrf_atomic.o(.emb_text))
<BR><BR>[Called By]<UL><LI><a href="#[3cd]">&gt;&gt;</a>&nbsp;&nbsp;&nbsp;nrf_atomic_u32_fetch_and
<LI><a href="#[3cb]">&gt;&gt;</a>&nbsp;&nbsp;&nbsp;nrf_atomic_u32_and
</UL>

<P><STRONG><a name="[44e]"></a>__asm___12_nrf_atomic_c_85ca2469__nrf_atomic_internal_eor</STRONG> (Thumb, 26 bytes, Stack size 0 bytes, nrf_atomic.o(.emb_text), UNUSED)
<BR><BR>[Called By]<UL><LI><a href="#[44f]">&gt;&gt;</a>&nbsp;&nbsp;&nbsp;nrf_atomic_u32_xor
<LI><a href="#[44d]">&gt;&gt;</a>&nbsp;&nbsp;&nbsp;nrf_atomic_u32_fetch_xor
</UL>

<P><STRONG><a name="[451]"></a>__asm___12_nrf_atomic_c_85ca2469__nrf_atomic_internal_add</STRONG> (Thumb, 26 bytes, Stack size 0 bytes, nrf_atomic.o(.emb_text), UNUSED)
<BR><BR>[Called By]<UL><LI><a href="#[452]">&gt;&gt;</a>&nbsp;&nbsp;&nbsp;nrf_atomic_u32_add
<LI><a href="#[450]">&gt;&gt;</a>&nbsp;&nbsp;&nbsp;nrf_atomic_u32_fetch_add
</UL>

<P><STRONG><a name="[454]"></a>__asm___12_nrf_atomic_c_85ca2469__nrf_atomic_internal_sub</STRONG> (Thumb, 26 bytes, Stack size 0 bytes, nrf_atomic.o(.emb_text), UNUSED)
<BR><BR>[Called By]<UL><LI><a href="#[455]">&gt;&gt;</a>&nbsp;&nbsp;&nbsp;nrf_atomic_u32_sub
<LI><a href="#[453]">&gt;&gt;</a>&nbsp;&nbsp;&nbsp;nrf_atomic_u32_fetch_sub
</UL>

<P><STRONG><a name="[457]"></a>__asm___12_nrf_atomic_c_85ca2469__nrf_atomic_internal_cmp_exch</STRONG> (Thumb, 42 bytes, Stack size 0 bytes, nrf_atomic.o(.emb_text), UNUSED)
<BR><BR>[Called By]<UL><LI><a href="#[456]">&gt;&gt;</a>&nbsp;&nbsp;&nbsp;nrf_atomic_u32_cmp_exch
</UL>

<P><STRONG><a name="[459]"></a>__asm___12_nrf_atomic_c_85ca2469__nrf_atomic_internal_sub_hs</STRONG> (Thumb, 30 bytes, Stack size 0 bytes, nrf_atomic.o(.emb_text), UNUSED)
<BR><BR>[Called By]<UL><LI><a href="#[45a]">&gt;&gt;</a>&nbsp;&nbsp;&nbsp;nrf_atomic_u32_sub_hs
<LI><a href="#[458]">&gt;&gt;</a>&nbsp;&nbsp;&nbsp;nrf_atomic_u32_fetch_sub_hs
</UL>

<P><STRONG><a name="[e1]"></a>$Super$$main</STRONG> (Thumb, 56 bytes, Stack size 8 bytes, application.o(.text))
<BR><BR>[Stack]<UL><LI>Max Depth = 348<LI>Call Chain = $Super$$main &rArr; rt_thread_mdelay &rArr; rt_thread_sleep &rArr; rt_timer_start &rArr; rt_schedule &rArr; _scheduler_stack_check &rArr; rt_kprintf &rArr; rt_vsnprintf &rArr; print_number &rArr; __aeabi_memclr4
</UL>
<BR>[Calls]<UL><LI><a href="#[e4]">&gt;&gt;</a>&nbsp;&nbsp;&nbsp;rt_thread_mdelay
<LI><a href="#[e3]">&gt;&gt;</a>&nbsp;&nbsp;&nbsp;rt_pin_write
<LI><a href="#[e2]">&gt;&gt;</a>&nbsp;&nbsp;&nbsp;rt_pin_mode
</UL>
<BR>[Called By]<UL><LI><a href="#[250]">&gt;&gt;</a>&nbsp;&nbsp;&nbsp;main_thread_entry
</UL>

<P><STRONG><a name="[e5]"></a>cm_backtrace_init</STRONG> (Thumb, 106 bytes, Stack size 16 bytes, cm_backtrace.o(.text))
<BR><BR>[Stack]<UL><LI>Max Depth = 532<LI>Call Chain = cm_backtrace_init &rArr; ulog_output &rArr; ulog_voutput &rArr; output_lock &rArr; rt_mutex_take &rArr; _rt_mutex_take &rArr; _thread_update_priority &rArr; rt_thread_control &rArr; rt_thread_startup &rArr; rt_schedule &rArr; _scheduler_stack_check &rArr; rt_kprintf &rArr; rt_vsnprintf &rArr; print_number &rArr; __aeabi_memclr4
</UL>
<BR>[Calls]<UL><LI><a href="#[e8]">&gt;&gt;</a>&nbsp;&nbsp;&nbsp;ulog_flush
<LI><a href="#[e7]">&gt;&gt;</a>&nbsp;&nbsp;&nbsp;ulog_output
<LI><a href="#[e6]">&gt;&gt;</a>&nbsp;&nbsp;&nbsp;strncpy
</UL>
<BR>[Called By]<UL><LI><a href="#[a1]">&gt;&gt;</a>&nbsp;&nbsp;&nbsp;rt_cm_backtrace_init
</UL>

<P><STRONG><a name="[e9]"></a>cm_backtrace_firmware_info</STRONG> (Thumb, 34 bytes, Stack size 16 bytes, cm_backtrace.o(.text))
<BR><BR>[Stack]<UL><LI>Max Depth = 532<LI>Call Chain = cm_backtrace_firmware_info &rArr; ulog_output &rArr; ulog_voutput &rArr; output_lock &rArr; rt_mutex_take &rArr; _rt_mutex_take &rArr; _thread_update_priority &rArr; rt_thread_control &rArr; rt_thread_startup &rArr; rt_schedule &rArr; _scheduler_stack_check &rArr; rt_kprintf &rArr; rt_vsnprintf &rArr; print_number &rArr; __aeabi_memclr4
</UL>
<BR>[Calls]<UL><LI><a href="#[e8]">&gt;&gt;</a>&nbsp;&nbsp;&nbsp;ulog_flush
<LI><a href="#[e7]">&gt;&gt;</a>&nbsp;&nbsp;&nbsp;ulog_output
</UL>
<BR>[Called By]<UL><LI><a href="#[f9]">&gt;&gt;</a>&nbsp;&nbsp;&nbsp;cm_backtrace_fault
<LI><a href="#[f6]">&gt;&gt;</a>&nbsp;&nbsp;&nbsp;cm_backtrace_assert
</UL>

<P><STRONG><a name="[ee]"></a>cm_backtrace_call_stack_any</STRONG> (Thumb, 102 bytes, Stack size 32 bytes, cm_backtrace.o(.text), UNUSED)
<BR><BR>[Calls]<UL><LI><a href="#[ef]">&gt;&gt;</a>&nbsp;&nbsp;&nbsp;disassembly_ins_is_bl_blx
</UL>

<P><STRONG><a name="[f0]"></a>cm_backtrace_call_stack</STRONG> (Thumb, 252 bytes, Stack size 48 bytes, cm_backtrace.o(.text))
<BR><BR>[Stack]<UL><LI>Max Depth = 588<LI>Call Chain = cm_backtrace_call_stack &rArr; get_cur_thread_stack_info &rArr; ulog_output &rArr; ulog_voutput &rArr; output_lock &rArr; rt_mutex_take &rArr; _rt_mutex_take &rArr; _thread_update_priority &rArr; rt_thread_control &rArr; rt_thread_startup &rArr; rt_schedule &rArr; _scheduler_stack_check &rArr; rt_kprintf &rArr; rt_vsnprintf &rArr; print_number &rArr; __aeabi_memclr4
</UL>
<BR>[Calls]<UL><LI><a href="#[f1]">&gt;&gt;</a>&nbsp;&nbsp;&nbsp;__asm___14_cm_backtrace_c_13c737ea__cmb_get_sp
<LI><a href="#[f2]">&gt;&gt;</a>&nbsp;&nbsp;&nbsp;__asm___14_cm_backtrace_c_13c737ea__cmb_get_psp
<LI><a href="#[ef]">&gt;&gt;</a>&nbsp;&nbsp;&nbsp;disassembly_ins_is_bl_blx
<LI><a href="#[ea]">&gt;&gt;</a>&nbsp;&nbsp;&nbsp;get_cur_thread_stack_info
</UL>
<BR>[Called By]<UL><LI><a href="#[f3]">&gt;&gt;</a>&nbsp;&nbsp;&nbsp;print_call_stack
</UL>

<P><STRONG><a name="[f6]"></a>cm_backtrace_assert</STRONG> (Thumb, 414 bytes, Stack size 32 bytes, cm_backtrace.o(.text))
<BR><BR>[Stack]<UL><LI>Max Depth = 780 + Unknown Stack Size
<LI>Call Chain = cm_backtrace_assert &rArr; print_call_stack &rArr; cm_backtrace_call_stack &rArr; get_cur_thread_stack_info &rArr; ulog_output &rArr; ulog_voutput &rArr; output_lock &rArr; rt_mutex_take &rArr; _rt_mutex_take &rArr; _thread_update_priority &rArr; rt_thread_control &rArr; rt_thread_startup &rArr; rt_schedule &rArr; _scheduler_stack_check &rArr; rt_kprintf &rArr; rt_vsnprintf &rArr; print_number &rArr; __aeabi_memclr4
</UL>
<BR>[Calls]<UL><LI><a href="#[e8]">&gt;&gt;</a>&nbsp;&nbsp;&nbsp;ulog_flush
<LI><a href="#[e9]">&gt;&gt;</a>&nbsp;&nbsp;&nbsp;cm_backtrace_firmware_info
<LI><a href="#[f1]">&gt;&gt;</a>&nbsp;&nbsp;&nbsp;__asm___14_cm_backtrace_c_13c737ea__cmb_get_sp
<LI><a href="#[f2]">&gt;&gt;</a>&nbsp;&nbsp;&nbsp;__asm___14_cm_backtrace_c_13c737ea__cmb_get_psp
<LI><a href="#[f7]">&gt;&gt;</a>&nbsp;&nbsp;&nbsp;__asm___14_cm_backtrace_c_13c737ea__cmb_get_msp
<LI><a href="#[f3]">&gt;&gt;</a>&nbsp;&nbsp;&nbsp;print_call_stack
<LI><a href="#[ed]">&gt;&gt;</a>&nbsp;&nbsp;&nbsp;dump_stack
<LI><a href="#[ec]">&gt;&gt;</a>&nbsp;&nbsp;&nbsp;get_cur_thread_name
<LI><a href="#[ea]">&gt;&gt;</a>&nbsp;&nbsp;&nbsp;get_cur_thread_stack_info
<LI><a href="#[e7]">&gt;&gt;</a>&nbsp;&nbsp;&nbsp;ulog_output
</UL>
<BR>[Called By]<UL><LI><a href="#[104]">&gt;&gt;</a>&nbsp;&nbsp;&nbsp;rt_cm_backtrace_assert_hook
</UL>

<P><STRONG><a name="[f9]"></a>cm_backtrace_fault</STRONG> (Thumb, 600 bytes, Stack size 104 bytes, cm_backtrace.o(.text))
<BR><BR>[Stack]<UL><LI>Max Depth = 852 + Unknown Stack Size
<LI>Call Chain = cm_backtrace_fault &rArr; print_call_stack &rArr; cm_backtrace_call_stack &rArr; get_cur_thread_stack_info &rArr; ulog_output &rArr; ulog_voutput &rArr; output_lock &rArr; rt_mutex_take &rArr; _rt_mutex_take &rArr; _thread_update_priority &rArr; rt_thread_control &rArr; rt_thread_startup &rArr; rt_schedule &rArr; _scheduler_stack_check &rArr; rt_kprintf &rArr; rt_vsnprintf &rArr; print_number &rArr; __aeabi_memclr4
</UL>
<BR>[Calls]<UL><LI><a href="#[e8]">&gt;&gt;</a>&nbsp;&nbsp;&nbsp;ulog_flush
<LI><a href="#[e9]">&gt;&gt;</a>&nbsp;&nbsp;&nbsp;cm_backtrace_firmware_info
<LI><a href="#[f2]">&gt;&gt;</a>&nbsp;&nbsp;&nbsp;__asm___14_cm_backtrace_c_13c737ea__cmb_get_psp
<LI><a href="#[fb]">&gt;&gt;</a>&nbsp;&nbsp;&nbsp;statck_del_fpu_regs
<LI><a href="#[f8]">&gt;&gt;</a>&nbsp;&nbsp;&nbsp;fault_diagnosis
<LI><a href="#[f3]">&gt;&gt;</a>&nbsp;&nbsp;&nbsp;print_call_stack
<LI><a href="#[ed]">&gt;&gt;</a>&nbsp;&nbsp;&nbsp;dump_stack
<LI><a href="#[ec]">&gt;&gt;</a>&nbsp;&nbsp;&nbsp;get_cur_thread_name
<LI><a href="#[ea]">&gt;&gt;</a>&nbsp;&nbsp;&nbsp;get_cur_thread_stack_info
<LI><a href="#[e7]">&gt;&gt;</a>&nbsp;&nbsp;&nbsp;ulog_output
<LI><a href="#[fa]">&gt;&gt;</a>&nbsp;&nbsp;&nbsp;__aeabi_memcpy4
</UL>
<BR>[Called By]<UL><LI><a href="#[fc]">&gt;&gt;</a>&nbsp;&nbsp;&nbsp;rt_cm_backtrace_exception_hook
</UL>

<P><STRONG><a name="[fc]"></a>rt_cm_backtrace_exception_hook</STRONG> (Thumb, 116 bytes, Stack size 16 bytes, cmb_port.o(.text))
<BR><BR>[Stack]<UL><LI>Max Depth = 868 + Unknown Stack Size
<LI>Call Chain = rt_cm_backtrace_exception_hook &rArr; cm_backtrace_fault &rArr; print_call_stack &rArr; cm_backtrace_call_stack &rArr; get_cur_thread_stack_info &rArr; ulog_output &rArr; ulog_voutput &rArr; output_lock &rArr; rt_mutex_take &rArr; _rt_mutex_take &rArr; _thread_update_priority &rArr; rt_thread_control &rArr; rt_thread_startup &rArr; rt_schedule &rArr; _scheduler_stack_check &rArr; rt_kprintf &rArr; rt_vsnprintf &rArr; print_number &rArr; __aeabi_memclr4
</UL>
<BR>[Calls]<UL><LI><a href="#[102]">&gt;&gt;</a>&nbsp;&nbsp;&nbsp;rt_tick_get
<LI><a href="#[fe]">&gt;&gt;</a>&nbsp;&nbsp;&nbsp;list_thread
<LI><a href="#[100]">&gt;&gt;</a>&nbsp;&nbsp;&nbsp;__asm___10_cmb_port_c_15d1e976__cmb_set_psp
<LI><a href="#[101]">&gt;&gt;</a>&nbsp;&nbsp;&nbsp;__asm___10_cmb_port_c_15d1e976__cmb_get_sp
<LI><a href="#[ff]">&gt;&gt;</a>&nbsp;&nbsp;&nbsp;__asm___10_cmb_port_c_15d1e976__cmb_get_psp
<LI><a href="#[e8]">&gt;&gt;</a>&nbsp;&nbsp;&nbsp;ulog_flush
<LI><a href="#[f9]">&gt;&gt;</a>&nbsp;&nbsp;&nbsp;cm_backtrace_fault
<LI><a href="#[e7]">&gt;&gt;</a>&nbsp;&nbsp;&nbsp;ulog_output
<LI><a href="#[103]">&gt;&gt;</a>&nbsp;&nbsp;&nbsp;rt_interrupt_leave
<LI><a href="#[fd]">&gt;&gt;</a>&nbsp;&nbsp;&nbsp;rt_interrupt_enter
</UL>
<BR>[Called By]<UL><LI><a href="#[41]">&gt;&gt;</a>&nbsp;&nbsp;&nbsp;exception_hook
</UL>

<P><STRONG><a name="[104]"></a>rt_cm_backtrace_assert_hook</STRONG> (Thumb, 92 bytes, Stack size 32 bytes, cmb_port.o(.text))
<BR><BR>[Stack]<UL><LI>Max Depth = 812 + Unknown Stack Size
<LI>Call Chain = rt_cm_backtrace_assert_hook &rArr; cm_backtrace_assert &rArr; print_call_stack &rArr; cm_backtrace_call_stack &rArr; get_cur_thread_stack_info &rArr; ulog_output &rArr; ulog_voutput &rArr; output_lock &rArr; rt_mutex_take &rArr; _rt_mutex_take &rArr; _thread_update_priority &rArr; rt_thread_control &rArr; rt_thread_startup &rArr; rt_schedule &rArr; _scheduler_stack_check &rArr; rt_kprintf &rArr; rt_vsnprintf &rArr; print_number &rArr; __aeabi_memclr4
</UL>
<BR>[Calls]<UL><LI><a href="#[102]">&gt;&gt;</a>&nbsp;&nbsp;&nbsp;rt_tick_get
<LI><a href="#[fe]">&gt;&gt;</a>&nbsp;&nbsp;&nbsp;list_thread
<LI><a href="#[101]">&gt;&gt;</a>&nbsp;&nbsp;&nbsp;__asm___10_cmb_port_c_15d1e976__cmb_get_sp
<LI><a href="#[e8]">&gt;&gt;</a>&nbsp;&nbsp;&nbsp;ulog_flush
<LI><a href="#[f6]">&gt;&gt;</a>&nbsp;&nbsp;&nbsp;cm_backtrace_assert
<LI><a href="#[e7]">&gt;&gt;</a>&nbsp;&nbsp;&nbsp;ulog_output
<LI><a href="#[103]">&gt;&gt;</a>&nbsp;&nbsp;&nbsp;rt_interrupt_leave
<LI><a href="#[fd]">&gt;&gt;</a>&nbsp;&nbsp;&nbsp;rt_interrupt_enter
</UL>
<BR>[Called By]<UL><LI><a href="#[42]">&gt;&gt;</a>&nbsp;&nbsp;&nbsp;assert_hook
</UL>

<P><STRONG><a name="[41]"></a>exception_hook</STRONG> (Thumb, 22 bytes, Stack size 8 bytes, cmb_port.o(.text))
<BR><BR>[Stack]<UL><LI>Max Depth = 876 + Unknown Stack Size
<LI>Call Chain = exception_hook &rArr; rt_cm_backtrace_exception_hook &rArr; cm_backtrace_fault &rArr; print_call_stack &rArr; cm_backtrace_call_stack &rArr; get_cur_thread_stack_info &rArr; ulog_output &rArr; ulog_voutput &rArr; output_lock &rArr; rt_mutex_take &rArr; _rt_mutex_take &rArr; _thread_update_priority &rArr; rt_thread_control &rArr; rt_thread_startup &rArr; rt_schedule &rArr; _scheduler_stack_check &rArr; rt_kprintf &rArr; rt_vsnprintf &rArr; print_number &rArr; __aeabi_memclr4
</UL>
<BR>[Calls]<UL><LI><a href="#[fc]">&gt;&gt;</a>&nbsp;&nbsp;&nbsp;rt_cm_backtrace_exception_hook
</UL>
<BR>[Address Reference Count : 1]<UL><LI> cmb_port.o(.text)
</UL>
<P><STRONG><a name="[42]"></a>assert_hook</STRONG> (Thumb, 20 bytes, Stack size 8 bytes, cmb_port.o(.text))
<BR><BR>[Stack]<UL><LI>Max Depth = 820 + Unknown Stack Size
<LI>Call Chain = assert_hook &rArr; rt_cm_backtrace_assert_hook &rArr; cm_backtrace_assert &rArr; print_call_stack &rArr; cm_backtrace_call_stack &rArr; get_cur_thread_stack_info &rArr; ulog_output &rArr; ulog_voutput &rArr; output_lock &rArr; rt_mutex_take &rArr; _rt_mutex_take &rArr; _thread_update_priority &rArr; rt_thread_control &rArr; rt_thread_startup &rArr; rt_schedule &rArr; _scheduler_stack_check &rArr; rt_kprintf &rArr; rt_vsnprintf &rArr; print_number &rArr; __aeabi_memclr4
</UL>
<BR>[Calls]<UL><LI><a href="#[104]">&gt;&gt;</a>&nbsp;&nbsp;&nbsp;rt_cm_backtrace_assert_hook
</UL>
<BR>[Address Reference Count : 1]<UL><LI> cmb_port.o(.text)
</UL>
<P><STRONG><a name="[a1]"></a>rt_cm_backtrace_init</STRONG> (Thumb, 44 bytes, Stack size 8 bytes, cmb_port.o(.text))
<BR><BR>[Stack]<UL><LI>Max Depth = 540<LI>Call Chain = rt_cm_backtrace_init &rArr; cm_backtrace_init &rArr; ulog_output &rArr; ulog_voutput &rArr; output_lock &rArr; rt_mutex_take &rArr; _rt_mutex_take &rArr; _thread_update_priority &rArr; rt_thread_control &rArr; rt_thread_startup &rArr; rt_schedule &rArr; _scheduler_stack_check &rArr; rt_kprintf &rArr; rt_vsnprintf &rArr; print_number &rArr; __aeabi_memclr4
</UL>
<BR>[Calls]<UL><LI><a href="#[105]">&gt;&gt;</a>&nbsp;&nbsp;&nbsp;rt_hw_exception_install
<LI><a href="#[106]">&gt;&gt;</a>&nbsp;&nbsp;&nbsp;rt_assert_set_hook
<LI><a href="#[e5]">&gt;&gt;</a>&nbsp;&nbsp;&nbsp;cm_backtrace_init
</UL>
<BR>[Address Reference Count : 1]<UL><LI> cmb_port.o(.rti_fn.3)
</UL>
<P><STRONG><a name="[a5]"></a>cmb_test</STRONG> (Thumb, 154 bytes, Stack size 16 bytes, cmb_port.o(.text))
<BR><BR>[Stack]<UL><LI>Max Depth = 228<LI>Call Chain = cmb_test &rArr; rt_kprintf &rArr; rt_vsnprintf &rArr; print_number &rArr; __aeabi_memclr4
</UL>
<BR>[Calls]<UL><LI><a href="#[109]">&gt;&gt;</a>&nbsp;&nbsp;&nbsp;rt_strlen
<LI><a href="#[10a]">&gt;&gt;</a>&nbsp;&nbsp;&nbsp;rt_assert_handler
<LI><a href="#[107]">&gt;&gt;</a>&nbsp;&nbsp;&nbsp;rt_kprintf
<LI><a href="#[108]">&gt;&gt;</a>&nbsp;&nbsp;&nbsp;strcmp
</UL>
<BR>[Address Reference Count : 1]<UL><LI> cmb_port.o(FSymTab)
</UL>
<P><STRONG><a name="[10b]"></a>_sys_open</STRONG> (Thumb, 146 bytes, Stack size 24 bytes, syscalls.o(.text), UNUSED)
<BR><BR>[Calls]<UL><LI><a href="#[10c]">&gt;&gt;</a>&nbsp;&nbsp;&nbsp;open
<LI><a href="#[108]">&gt;&gt;</a>&nbsp;&nbsp;&nbsp;strcmp
</UL>

<P><STRONG><a name="[10d]"></a>_sys_close</STRONG> (Thumb, 20 bytes, Stack size 8 bytes, syscalls.o(.text), UNUSED)
<BR><BR>[Calls]<UL><LI><a href="#[10e]">&gt;&gt;</a>&nbsp;&nbsp;&nbsp;close
</UL>

<P><STRONG><a name="[10f]"></a>_sys_read</STRONG> (Thumb, 78 bytes, Stack size 32 bytes, syscalls.o(.text), UNUSED)
<BR><BR>[Calls]<UL><LI><a href="#[110]">&gt;&gt;</a>&nbsp;&nbsp;&nbsp;read
<LI><a href="#[e7]">&gt;&gt;</a>&nbsp;&nbsp;&nbsp;ulog_output
</UL>

<P><STRONG><a name="[111]"></a>_sys_write</STRONG> (Thumb, 90 bytes, Stack size 32 bytes, syscalls.o(.text), UNUSED)
<BR><BR>[Calls]<UL><LI><a href="#[114]">&gt;&gt;</a>&nbsp;&nbsp;&nbsp;write
<LI><a href="#[113]">&gt;&gt;</a>&nbsp;&nbsp;&nbsp;rt_device_write
<LI><a href="#[112]">&gt;&gt;</a>&nbsp;&nbsp;&nbsp;rt_console_get_device
<LI><a href="#[115]">&gt;&gt;</a>&nbsp;&nbsp;&nbsp;fsync
</UL>

<P><STRONG><a name="[116]"></a>_sys_ensure</STRONG> (Thumb, 12 bytes, Stack size 8 bytes, syscalls.o(.text), UNUSED)
<BR><BR>[Calls]<UL><LI><a href="#[115]">&gt;&gt;</a>&nbsp;&nbsp;&nbsp;fsync
</UL>

<P><STRONG><a name="[117]"></a>_sys_seek</STRONG> (Thumb, 26 bytes, Stack size 16 bytes, syscalls.o(.text), UNUSED)
<BR><BR>[Calls]<UL><LI><a href="#[118]">&gt;&gt;</a>&nbsp;&nbsp;&nbsp;lseek
</UL>

<P><STRONG><a name="[119]"></a>_sys_tmpnam</STRONG> (Thumb, 24 bytes, Stack size 16 bytes, syscalls.o(.text), UNUSED)
<BR><BR>[Calls]<UL><LI><a href="#[11a]">&gt;&gt;</a>&nbsp;&nbsp;&nbsp;rt_snprintf
</UL>

<P><STRONG><a name="[5cf]"></a>_sys_command_string</STRONG> (Thumb, 6 bytes, Stack size 0 bytes, syscalls.o(.text), UNUSED)

<P><STRONG><a name="[11b]"></a>_ttywrch</STRONG> (Thumb, 14 bytes, Stack size 8 bytes, syscalls.o(.text), UNUSED)
<BR><BR>[Calls]<UL><LI><a href="#[107]">&gt;&gt;</a>&nbsp;&nbsp;&nbsp;rt_kprintf
</UL>

<P><STRONG><a name="[e0]"></a>_sys_exit</STRONG> (Thumb, 12 bytes, Stack size 0 bytes, syscalls.o(.text))
<BR><BR>[Stack]<UL><LI>Max Depth = 540<LI>Call Chain = _sys_exit &rArr; __rt_libc_exit &rArr; ulog_output &rArr; ulog_voutput &rArr; output_lock &rArr; rt_mutex_take &rArr; _rt_mutex_take &rArr; _thread_update_priority &rArr; rt_thread_control &rArr; rt_thread_startup &rArr; rt_schedule &rArr; _scheduler_stack_check &rArr; rt_kprintf &rArr; rt_vsnprintf &rArr; print_number &rArr; __aeabi_memclr4
</UL>
<BR>[Calls]<UL><LI><a href="#[11c]">&gt;&gt;</a>&nbsp;&nbsp;&nbsp;__rt_libc_exit
</UL>
<BR>[Called By]<UL><LI><a href="#[df]">&gt;&gt;</a>&nbsp;&nbsp;&nbsp;__rt_exit_exit
</UL>

<P><STRONG><a name="[11d]"></a>_sys_flen</STRONG> (Thumb, 28 bytes, Stack size 72 bytes, syscalls.o(.text), UNUSED)
<BR><BR>[Calls]<UL><LI><a href="#[11e]">&gt;&gt;</a>&nbsp;&nbsp;&nbsp;fstat
</UL>

<P><STRONG><a name="[5d0]"></a>_sys_istty</STRONG> (Thumb, 18 bytes, Stack size 0 bytes, syscalls.o(.text), UNUSED)

<P><STRONG><a name="[11f]"></a>remove</STRONG> (Thumb, 12 bytes, Stack size 8 bytes, syscalls.o(.text), UNUSED)
<BR><BR>[Calls]<UL><LI><a href="#[120]">&gt;&gt;</a>&nbsp;&nbsp;&nbsp;unlink
</UL>

<P><STRONG><a name="[11c]"></a>__rt_libc_exit</STRONG> (Thumb, 40 bytes, Stack size 24 bytes, cstdlib.o(.text))
<BR><BR>[Stack]<UL><LI>Max Depth = 540<LI>Call Chain = __rt_libc_exit &rArr; ulog_output &rArr; ulog_voutput &rArr; output_lock &rArr; rt_mutex_take &rArr; _rt_mutex_take &rArr; _thread_update_priority &rArr; rt_thread_control &rArr; rt_thread_startup &rArr; rt_schedule &rArr; _scheduler_stack_check &rArr; rt_kprintf &rArr; rt_vsnprintf &rArr; print_number &rArr; __aeabi_memclr4
</UL>
<BR>[Calls]<UL><LI><a href="#[121]">&gt;&gt;</a>&nbsp;&nbsp;&nbsp;rt_thread_control
<LI><a href="#[eb]">&gt;&gt;</a>&nbsp;&nbsp;&nbsp;rt_thread_self
<LI><a href="#[e7]">&gt;&gt;</a>&nbsp;&nbsp;&nbsp;ulog_output
</UL>
<BR>[Called By]<UL><LI><a href="#[e0]">&gt;&gt;</a>&nbsp;&nbsp;&nbsp;_sys_exit
</UL>

<P><STRONG><a name="[122]"></a>system</STRONG> (Thumb, 26 bytes, Stack size 16 bytes, cstdlib.o(.text), UNUSED)
<BR><BR>[Calls]<UL><LI><a href="#[123]">&gt;&gt;</a>&nbsp;&nbsp;&nbsp;msh_exec
<LI><a href="#[109]">&gt;&gt;</a>&nbsp;&nbsp;&nbsp;rt_strlen
</UL>

<P><STRONG><a name="[125]"></a>ltoa</STRONG> (Thumb, 144 bytes, Stack size 56 bytes, cstdlib.o(.text), UNUSED)
<BR><BR>[Called By]<UL><LI><a href="#[124]">&gt;&gt;</a>&nbsp;&nbsp;&nbsp;itoa
</UL>

<P><STRONG><a name="[124]"></a>itoa</STRONG> (Thumb, 20 bytes, Stack size 16 bytes, cstdlib.o(.text), UNUSED)
<BR><BR>[Calls]<UL><LI><a href="#[125]">&gt;&gt;</a>&nbsp;&nbsp;&nbsp;ltoa
</UL>

<P><STRONG><a name="[127]"></a>ultoa</STRONG> (Thumb, 106 bytes, Stack size 56 bytes, cstdlib.o(.text), UNUSED)
<BR><BR>[Called By]<UL><LI><a href="#[126]">&gt;&gt;</a>&nbsp;&nbsp;&nbsp;utoa
</UL>

<P><STRONG><a name="[126]"></a>utoa</STRONG> (Thumb, 20 bytes, Stack size 16 bytes, cstdlib.o(.text), UNUSED)
<BR><BR>[Calls]<UL><LI><a href="#[127]">&gt;&gt;</a>&nbsp;&nbsp;&nbsp;ultoa
</UL>

<P><STRONG><a name="[143]"></a>rt_hw_interrupt_disable</STRONG> (Thumb, 8 bytes, Stack size 0 bytes, context_rvds.o(.text))
<BR><BR>[Called By]<UL><LI><a href="#[121]">&gt;&gt;</a>&nbsp;&nbsp;&nbsp;rt_thread_control
<LI><a href="#[fe]">&gt;&gt;</a>&nbsp;&nbsp;&nbsp;list_thread
<LI><a href="#[19b]">&gt;&gt;</a>&nbsp;&nbsp;&nbsp;rt_mutex_release
<LI><a href="#[272]">&gt;&gt;</a>&nbsp;&nbsp;&nbsp;rt_mutex_detach
<LI><a href="#[265]">&gt;&gt;</a>&nbsp;&nbsp;&nbsp;rt_sem_create
<LI><a href="#[217]">&gt;&gt;</a>&nbsp;&nbsp;&nbsp;rt_sem_release
<LI><a href="#[103]">&gt;&gt;</a>&nbsp;&nbsp;&nbsp;rt_interrupt_leave
<LI><a href="#[fd]">&gt;&gt;</a>&nbsp;&nbsp;&nbsp;rt_interrupt_enter
<LI><a href="#[76]">&gt;&gt;</a>&nbsp;&nbsp;&nbsp;nrf5x_pin_irq_enable
<LI><a href="#[75]">&gt;&gt;</a>&nbsp;&nbsp;&nbsp;nrf5x_pin_dettach_irq
<LI><a href="#[74]">&gt;&gt;</a>&nbsp;&nbsp;&nbsp;nrf5x_pin_attach_irq
<LI><a href="#[1a6]">&gt;&gt;</a>&nbsp;&nbsp;&nbsp;rt_tick_increase
<LI><a href="#[192]">&gt;&gt;</a>&nbsp;&nbsp;&nbsp;rt_hw_serial_isr
<LI><a href="#[18f]">&gt;&gt;</a>&nbsp;&nbsp;&nbsp;_serial_dma_tx
<LI><a href="#[18c]">&gt;&gt;</a>&nbsp;&nbsp;&nbsp;_serial_dma_rx
<LI><a href="#[186]">&gt;&gt;</a>&nbsp;&nbsp;&nbsp;_serial_int_rx
<LI><a href="#[2c5]">&gt;&gt;</a>&nbsp;&nbsp;&nbsp;rt_timer_stop
<LI><a href="#[2be]">&gt;&gt;</a>&nbsp;&nbsp;&nbsp;rt_timer_detach
<LI><a href="#[2c7]">&gt;&gt;</a>&nbsp;&nbsp;&nbsp;rt_thread_delete
<LI><a href="#[15a]">&gt;&gt;</a>&nbsp;&nbsp;&nbsp;rt_exit_critical
<LI><a href="#[159]">&gt;&gt;</a>&nbsp;&nbsp;&nbsp;rt_enter_critical
<LI><a href="#[15b]">&gt;&gt;</a>&nbsp;&nbsp;&nbsp;rt_data_queue_deinit
<LI><a href="#[158]">&gt;&gt;</a>&nbsp;&nbsp;&nbsp;rt_data_queue_reset
<LI><a href="#[157]">&gt;&gt;</a>&nbsp;&nbsp;&nbsp;rt_data_queue_peek
<LI><a href="#[156]">&gt;&gt;</a>&nbsp;&nbsp;&nbsp;rt_data_queue_pop
<LI><a href="#[155]">&gt;&gt;</a>&nbsp;&nbsp;&nbsp;rt_data_queue_len
<LI><a href="#[152]">&gt;&gt;</a>&nbsp;&nbsp;&nbsp;rt_data_queue_push
<LI><a href="#[14c]">&gt;&gt;</a>&nbsp;&nbsp;&nbsp;rt_timer_start
<LI><a href="#[14b]">&gt;&gt;</a>&nbsp;&nbsp;&nbsp;rt_timer_control
<LI><a href="#[14a]">&gt;&gt;</a>&nbsp;&nbsp;&nbsp;rt_thread_suspend_with_flag
<LI><a href="#[14f]">&gt;&gt;</a>&nbsp;&nbsp;&nbsp;rt_thread_resume
<LI><a href="#[14d]">&gt;&gt;</a>&nbsp;&nbsp;&nbsp;rt_schedule
<LI><a href="#[148]">&gt;&gt;</a>&nbsp;&nbsp;&nbsp;rt_interrupt_get_nest
<LI><a href="#[14e]">&gt;&gt;</a>&nbsp;&nbsp;&nbsp;rt_completion_done
<LI><a href="#[145]">&gt;&gt;</a>&nbsp;&nbsp;&nbsp;rt_completion_wait
<LI><a href="#[142]">&gt;&gt;</a>&nbsp;&nbsp;&nbsp;rt_completion_init
<LI><a href="#[130]">&gt;&gt;</a>&nbsp;&nbsp;&nbsp;rt_object_init
<LI><a href="#[12e]">&gt;&gt;</a>&nbsp;&nbsp;&nbsp;rt_object_find
<LI><a href="#[134]">&gt;&gt;</a>&nbsp;&nbsp;&nbsp;rt_object_detach
<LI><a href="#[25a]">&gt;&gt;</a>&nbsp;&nbsp;&nbsp;rt_thread_idle_delhook
<LI><a href="#[259]">&gt;&gt;</a>&nbsp;&nbsp;&nbsp;rt_thread_idle_sethook
<LI><a href="#[253]">&gt;&gt;</a>&nbsp;&nbsp;&nbsp;rtthread_startup
<LI><a href="#[24e]">&gt;&gt;</a>&nbsp;&nbsp;&nbsp;rt_timer_check
<LI><a href="#[24d]">&gt;&gt;</a>&nbsp;&nbsp;&nbsp;rt_tick_set
<LI><a href="#[248]">&gt;&gt;</a>&nbsp;&nbsp;&nbsp;list_device
<LI><a href="#[247]">&gt;&gt;</a>&nbsp;&nbsp;&nbsp;list_timer
<LI><a href="#[246]">&gt;&gt;</a>&nbsp;&nbsp;&nbsp;list_mempool
<LI><a href="#[245]">&gt;&gt;</a>&nbsp;&nbsp;&nbsp;list_mailbox
<LI><a href="#[244]">&gt;&gt;</a>&nbsp;&nbsp;&nbsp;list_mutex
<LI><a href="#[243]">&gt;&gt;</a>&nbsp;&nbsp;&nbsp;list_event
<LI><a href="#[240]">&gt;&gt;</a>&nbsp;&nbsp;&nbsp;list_sem
<LI><a href="#[23c]">&gt;&gt;</a>&nbsp;&nbsp;&nbsp;list_get_next
<LI><a href="#[2db]">&gt;&gt;</a>&nbsp;&nbsp;&nbsp;rt_soft_timer_check
<LI><a href="#[2d8]">&gt;&gt;</a>&nbsp;&nbsp;&nbsp;rt_timer_delete
<LI><a href="#[2d3]">&gt;&gt;</a>&nbsp;&nbsp;&nbsp;_timer_list_next_timeout
<LI><a href="#[2cc]">&gt;&gt;</a>&nbsp;&nbsp;&nbsp;rt_thread_delay_until
<LI><a href="#[2ca]">&gt;&gt;</a>&nbsp;&nbsp;&nbsp;rt_thread_sleep
<LI><a href="#[2c8]">&gt;&gt;</a>&nbsp;&nbsp;&nbsp;rt_thread_yield
<LI><a href="#[2c6]">&gt;&gt;</a>&nbsp;&nbsp;&nbsp;rt_thread_detach
<LI><a href="#[5c]">&gt;&gt;</a>&nbsp;&nbsp;&nbsp;_thread_timeout
<LI><a href="#[5b]">&gt;&gt;</a>&nbsp;&nbsp;&nbsp;_thread_exit
<LI><a href="#[2bb]">&gt;&gt;</a>&nbsp;&nbsp;&nbsp;rt_schedule_insert_thread
<LI><a href="#[2b9]">&gt;&gt;</a>&nbsp;&nbsp;&nbsp;rt_schedule_remove_thread
<LI><a href="#[2b6]">&gt;&gt;</a>&nbsp;&nbsp;&nbsp;_scheduler_stack_check
<LI><a href="#[2af]">&gt;&gt;</a>&nbsp;&nbsp;&nbsp;rt_object_get_pointers
<LI><a href="#[2ae]">&gt;&gt;</a>&nbsp;&nbsp;&nbsp;rt_object_get_length
<LI><a href="#[29d]">&gt;&gt;</a>&nbsp;&nbsp;&nbsp;rt_hw_cpu_shutdown
<LI><a href="#[266]">&gt;&gt;</a>&nbsp;&nbsp;&nbsp;rt_object_allocate
<LI><a href="#[297]">&gt;&gt;</a>&nbsp;&nbsp;&nbsp;rt_mb_control
<LI><a href="#[292]">&gt;&gt;</a>&nbsp;&nbsp;&nbsp;rt_mb_urgent
<LI><a href="#[28a]">&gt;&gt;</a>&nbsp;&nbsp;&nbsp;rt_mb_delete
<LI><a href="#[289]">&gt;&gt;</a>&nbsp;&nbsp;&nbsp;rt_mb_create
<LI><a href="#[286]">&gt;&gt;</a>&nbsp;&nbsp;&nbsp;rt_event_control
<LI><a href="#[281]">&gt;&gt;</a>&nbsp;&nbsp;&nbsp;rt_event_send
<LI><a href="#[280]">&gt;&gt;</a>&nbsp;&nbsp;&nbsp;rt_event_delete
<LI><a href="#[27f]">&gt;&gt;</a>&nbsp;&nbsp;&nbsp;rt_event_create
<LI><a href="#[276]">&gt;&gt;</a>&nbsp;&nbsp;&nbsp;rt_mutex_delete
<LI><a href="#[275]">&gt;&gt;</a>&nbsp;&nbsp;&nbsp;rt_mutex_create
<LI><a href="#[274]">&gt;&gt;</a>&nbsp;&nbsp;&nbsp;rt_mutex_setprioceiling
<LI><a href="#[26d]">&gt;&gt;</a>&nbsp;&nbsp;&nbsp;rt_sem_control
<LI><a href="#[267]">&gt;&gt;</a>&nbsp;&nbsp;&nbsp;rt_sem_delete
<LI><a href="#[293]">&gt;&gt;</a>&nbsp;&nbsp;&nbsp;_rt_mb_recv
<LI><a href="#[28b]">&gt;&gt;</a>&nbsp;&nbsp;&nbsp;_rt_mb_send_wait
<LI><a href="#[282]">&gt;&gt;</a>&nbsp;&nbsp;&nbsp;_rt_event_recv
<LI><a href="#[277]">&gt;&gt;</a>&nbsp;&nbsp;&nbsp;_rt_mutex_take
<LI><a href="#[268]">&gt;&gt;</a>&nbsp;&nbsp;&nbsp;_rt_sem_take
<LI><a href="#[261]">&gt;&gt;</a>&nbsp;&nbsp;&nbsp;_ipc_list_resume_all
<LI><a href="#[25d]">&gt;&gt;</a>&nbsp;&nbsp;&nbsp;rt_object_delete
<LI><a href="#[25b]">&gt;&gt;</a>&nbsp;&nbsp;&nbsp;rt_thread_defunct_dequeue
<LI><a href="#[593]">&gt;&gt;</a>&nbsp;&nbsp;&nbsp;ulog_backend_find
<LI><a href="#[592]">&gt;&gt;</a>&nbsp;&nbsp;&nbsp;ulog_backend_set_filter
<LI><a href="#[591]">&gt;&gt;</a>&nbsp;&nbsp;&nbsp;ulog_backend_unregister
<LI><a href="#[590]">&gt;&gt;</a>&nbsp;&nbsp;&nbsp;ulog_backend_register
<LI><a href="#[581]">&gt;&gt;</a>&nbsp;&nbsp;&nbsp;output_lock
</UL>

<P><STRONG><a name="[144]"></a>rt_hw_interrupt_enable</STRONG> (Thumb, 6 bytes, Stack size 0 bytes, context_rvds.o(.text))
<BR><BR>[Called By]<UL><LI><a href="#[121]">&gt;&gt;</a>&nbsp;&nbsp;&nbsp;rt_thread_control
<LI><a href="#[fe]">&gt;&gt;</a>&nbsp;&nbsp;&nbsp;list_thread
<LI><a href="#[19b]">&gt;&gt;</a>&nbsp;&nbsp;&nbsp;rt_mutex_release
<LI><a href="#[272]">&gt;&gt;</a>&nbsp;&nbsp;&nbsp;rt_mutex_detach
<LI><a href="#[265]">&gt;&gt;</a>&nbsp;&nbsp;&nbsp;rt_sem_create
<LI><a href="#[217]">&gt;&gt;</a>&nbsp;&nbsp;&nbsp;rt_sem_release
<LI><a href="#[103]">&gt;&gt;</a>&nbsp;&nbsp;&nbsp;rt_interrupt_leave
<LI><a href="#[fd]">&gt;&gt;</a>&nbsp;&nbsp;&nbsp;rt_interrupt_enter
<LI><a href="#[76]">&gt;&gt;</a>&nbsp;&nbsp;&nbsp;nrf5x_pin_irq_enable
<LI><a href="#[75]">&gt;&gt;</a>&nbsp;&nbsp;&nbsp;nrf5x_pin_dettach_irq
<LI><a href="#[74]">&gt;&gt;</a>&nbsp;&nbsp;&nbsp;nrf5x_pin_attach_irq
<LI><a href="#[1a6]">&gt;&gt;</a>&nbsp;&nbsp;&nbsp;rt_tick_increase
<LI><a href="#[1ab]">&gt;&gt;</a>&nbsp;&nbsp;&nbsp;rt_hw_board_init
<LI><a href="#[192]">&gt;&gt;</a>&nbsp;&nbsp;&nbsp;rt_hw_serial_isr
<LI><a href="#[18f]">&gt;&gt;</a>&nbsp;&nbsp;&nbsp;_serial_dma_tx
<LI><a href="#[18c]">&gt;&gt;</a>&nbsp;&nbsp;&nbsp;_serial_dma_rx
<LI><a href="#[186]">&gt;&gt;</a>&nbsp;&nbsp;&nbsp;_serial_int_rx
<LI><a href="#[2c5]">&gt;&gt;</a>&nbsp;&nbsp;&nbsp;rt_timer_stop
<LI><a href="#[2be]">&gt;&gt;</a>&nbsp;&nbsp;&nbsp;rt_timer_detach
<LI><a href="#[2c7]">&gt;&gt;</a>&nbsp;&nbsp;&nbsp;rt_thread_delete
<LI><a href="#[15a]">&gt;&gt;</a>&nbsp;&nbsp;&nbsp;rt_exit_critical
<LI><a href="#[159]">&gt;&gt;</a>&nbsp;&nbsp;&nbsp;rt_enter_critical
<LI><a href="#[15b]">&gt;&gt;</a>&nbsp;&nbsp;&nbsp;rt_data_queue_deinit
<LI><a href="#[158]">&gt;&gt;</a>&nbsp;&nbsp;&nbsp;rt_data_queue_reset
<LI><a href="#[157]">&gt;&gt;</a>&nbsp;&nbsp;&nbsp;rt_data_queue_peek
<LI><a href="#[156]">&gt;&gt;</a>&nbsp;&nbsp;&nbsp;rt_data_queue_pop
<LI><a href="#[155]">&gt;&gt;</a>&nbsp;&nbsp;&nbsp;rt_data_queue_len
<LI><a href="#[152]">&gt;&gt;</a>&nbsp;&nbsp;&nbsp;rt_data_queue_push
<LI><a href="#[14c]">&gt;&gt;</a>&nbsp;&nbsp;&nbsp;rt_timer_start
<LI><a href="#[14b]">&gt;&gt;</a>&nbsp;&nbsp;&nbsp;rt_timer_control
<LI><a href="#[14a]">&gt;&gt;</a>&nbsp;&nbsp;&nbsp;rt_thread_suspend_with_flag
<LI><a href="#[14f]">&gt;&gt;</a>&nbsp;&nbsp;&nbsp;rt_thread_resume
<LI><a href="#[14d]">&gt;&gt;</a>&nbsp;&nbsp;&nbsp;rt_schedule
<LI><a href="#[148]">&gt;&gt;</a>&nbsp;&nbsp;&nbsp;rt_interrupt_get_nest
<LI><a href="#[14e]">&gt;&gt;</a>&nbsp;&nbsp;&nbsp;rt_completion_done
<LI><a href="#[145]">&gt;&gt;</a>&nbsp;&nbsp;&nbsp;rt_completion_wait
<LI><a href="#[142]">&gt;&gt;</a>&nbsp;&nbsp;&nbsp;rt_completion_init
<LI><a href="#[130]">&gt;&gt;</a>&nbsp;&nbsp;&nbsp;rt_object_init
<LI><a href="#[12e]">&gt;&gt;</a>&nbsp;&nbsp;&nbsp;rt_object_find
<LI><a href="#[134]">&gt;&gt;</a>&nbsp;&nbsp;&nbsp;rt_object_detach
<LI><a href="#[25a]">&gt;&gt;</a>&nbsp;&nbsp;&nbsp;rt_thread_idle_delhook
<LI><a href="#[259]">&gt;&gt;</a>&nbsp;&nbsp;&nbsp;rt_thread_idle_sethook
<LI><a href="#[24e]">&gt;&gt;</a>&nbsp;&nbsp;&nbsp;rt_timer_check
<LI><a href="#[24d]">&gt;&gt;</a>&nbsp;&nbsp;&nbsp;rt_tick_set
<LI><a href="#[248]">&gt;&gt;</a>&nbsp;&nbsp;&nbsp;list_device
<LI><a href="#[247]">&gt;&gt;</a>&nbsp;&nbsp;&nbsp;list_timer
<LI><a href="#[246]">&gt;&gt;</a>&nbsp;&nbsp;&nbsp;list_mempool
<LI><a href="#[245]">&gt;&gt;</a>&nbsp;&nbsp;&nbsp;list_mailbox
<LI><a href="#[244]">&gt;&gt;</a>&nbsp;&nbsp;&nbsp;list_mutex
<LI><a href="#[243]">&gt;&gt;</a>&nbsp;&nbsp;&nbsp;list_event
<LI><a href="#[240]">&gt;&gt;</a>&nbsp;&nbsp;&nbsp;list_sem
<LI><a href="#[23c]">&gt;&gt;</a>&nbsp;&nbsp;&nbsp;list_get_next
<LI><a href="#[2db]">&gt;&gt;</a>&nbsp;&nbsp;&nbsp;rt_soft_timer_check
<LI><a href="#[2d8]">&gt;&gt;</a>&nbsp;&nbsp;&nbsp;rt_timer_delete
<LI><a href="#[2d3]">&gt;&gt;</a>&nbsp;&nbsp;&nbsp;_timer_list_next_timeout
<LI><a href="#[2cc]">&gt;&gt;</a>&nbsp;&nbsp;&nbsp;rt_thread_delay_until
<LI><a href="#[2ca]">&gt;&gt;</a>&nbsp;&nbsp;&nbsp;rt_thread_sleep
<LI><a href="#[2c8]">&gt;&gt;</a>&nbsp;&nbsp;&nbsp;rt_thread_yield
<LI><a href="#[2c6]">&gt;&gt;</a>&nbsp;&nbsp;&nbsp;rt_thread_detach
<LI><a href="#[5c]">&gt;&gt;</a>&nbsp;&nbsp;&nbsp;_thread_timeout
<LI><a href="#[5b]">&gt;&gt;</a>&nbsp;&nbsp;&nbsp;_thread_exit
<LI><a href="#[2bb]">&gt;&gt;</a>&nbsp;&nbsp;&nbsp;rt_schedule_insert_thread
<LI><a href="#[2b9]">&gt;&gt;</a>&nbsp;&nbsp;&nbsp;rt_schedule_remove_thread
<LI><a href="#[2af]">&gt;&gt;</a>&nbsp;&nbsp;&nbsp;rt_object_get_pointers
<LI><a href="#[2ae]">&gt;&gt;</a>&nbsp;&nbsp;&nbsp;rt_object_get_length
<LI><a href="#[266]">&gt;&gt;</a>&nbsp;&nbsp;&nbsp;rt_object_allocate
<LI><a href="#[297]">&gt;&gt;</a>&nbsp;&nbsp;&nbsp;rt_mb_control
<LI><a href="#[292]">&gt;&gt;</a>&nbsp;&nbsp;&nbsp;rt_mb_urgent
<LI><a href="#[28a]">&gt;&gt;</a>&nbsp;&nbsp;&nbsp;rt_mb_delete
<LI><a href="#[289]">&gt;&gt;</a>&nbsp;&nbsp;&nbsp;rt_mb_create
<LI><a href="#[286]">&gt;&gt;</a>&nbsp;&nbsp;&nbsp;rt_event_control
<LI><a href="#[281]">&gt;&gt;</a>&nbsp;&nbsp;&nbsp;rt_event_send
<LI><a href="#[280]">&gt;&gt;</a>&nbsp;&nbsp;&nbsp;rt_event_delete
<LI><a href="#[27f]">&gt;&gt;</a>&nbsp;&nbsp;&nbsp;rt_event_create
<LI><a href="#[276]">&gt;&gt;</a>&nbsp;&nbsp;&nbsp;rt_mutex_delete
<LI><a href="#[275]">&gt;&gt;</a>&nbsp;&nbsp;&nbsp;rt_mutex_create
<LI><a href="#[274]">&gt;&gt;</a>&nbsp;&nbsp;&nbsp;rt_mutex_setprioceiling
<LI><a href="#[26d]">&gt;&gt;</a>&nbsp;&nbsp;&nbsp;rt_sem_control
<LI><a href="#[267]">&gt;&gt;</a>&nbsp;&nbsp;&nbsp;rt_sem_delete
<LI><a href="#[293]">&gt;&gt;</a>&nbsp;&nbsp;&nbsp;_rt_mb_recv
<LI><a href="#[28b]">&gt;&gt;</a>&nbsp;&nbsp;&nbsp;_rt_mb_send_wait
<LI><a href="#[282]">&gt;&gt;</a>&nbsp;&nbsp;&nbsp;_rt_event_recv
<LI><a href="#[277]">&gt;&gt;</a>&nbsp;&nbsp;&nbsp;_rt_mutex_take
<LI><a href="#[268]">&gt;&gt;</a>&nbsp;&nbsp;&nbsp;_rt_sem_take
<LI><a href="#[261]">&gt;&gt;</a>&nbsp;&nbsp;&nbsp;_ipc_list_resume_all
<LI><a href="#[25d]">&gt;&gt;</a>&nbsp;&nbsp;&nbsp;rt_object_delete
<LI><a href="#[25b]">&gt;&gt;</a>&nbsp;&nbsp;&nbsp;rt_thread_defunct_dequeue
<LI><a href="#[593]">&gt;&gt;</a>&nbsp;&nbsp;&nbsp;ulog_backend_find
<LI><a href="#[592]">&gt;&gt;</a>&nbsp;&nbsp;&nbsp;ulog_backend_set_filter
<LI><a href="#[591]">&gt;&gt;</a>&nbsp;&nbsp;&nbsp;ulog_backend_unregister
<LI><a href="#[590]">&gt;&gt;</a>&nbsp;&nbsp;&nbsp;ulog_backend_register
<LI><a href="#[580]">&gt;&gt;</a>&nbsp;&nbsp;&nbsp;output_unlock
</UL>

<P><STRONG><a name="[2bc]"></a>rt_hw_context_switch</STRONG> (Thumb, 32 bytes, Stack size 0 bytes, context_rvds.o(.text))
<BR><BR>[Called By]<UL><LI><a href="#[14d]">&gt;&gt;</a>&nbsp;&nbsp;&nbsp;rt_schedule
</UL>

<P><STRONG><a name="[2bd]"></a>rt_hw_context_switch_interrupt</STRONG> (Thumb, 0 bytes, Stack size 0 bytes, context_rvds.o(.text))
<BR><BR>[Called By]<UL><LI><a href="#[14d]">&gt;&gt;</a>&nbsp;&nbsp;&nbsp;rt_schedule
</UL>

<P><STRONG><a name="[14]"></a>PendSV_Handler</STRONG> (Thumb, 108 bytes, Stack size 0 bytes, context_rvds.o(.text))
<BR>[Address Reference Count : 1]<UL><LI> arm_startup_nrf52840.o(RESET)
</UL>
<P><STRONG><a name="[2ba]"></a>rt_hw_context_switch_to</STRONG> (Thumb, 76 bytes, Stack size 0 bytes, context_rvds.o(.text))
<BR><BR>[Called By]<UL><LI><a href="#[258]">&gt;&gt;</a>&nbsp;&nbsp;&nbsp;rt_system_scheduler_start
</UL>

<P><STRONG><a name="[5d1]"></a>rt_hw_interrupt_thread_switch</STRONG> (Thumb, 2 bytes, Stack size 0 bytes, context_rvds.o(.text), UNUSED)

<P><STRONG><a name="[e]"></a>HardFault_Handler</STRONG> (Thumb, 56 bytes, Stack size 0 bytes, context_rvds.o(.text))
<BR><BR>[Stack]<UL><LI>Max Depth = 500<LI>Call Chain = HardFault_Handler &rArr; rt_hw_hard_fault_exception &rArr; list_thread &rArr; object_split &rArr; rt_kprintf &rArr; rt_vsnprintf &rArr; print_number &rArr; __aeabi_memclr4
</UL>
<BR>[Calls]<UL><LI><a href="#[128]">&gt;&gt;</a>&nbsp;&nbsp;&nbsp;rt_hw_hard_fault_exception
</UL>
<BR>[Address Reference Count : 1]<UL><LI> arm_startup_nrf52840.o(RESET)
</UL>
<P><STRONG><a name="[2c3]"></a>rt_hw_stack_init</STRONG> (Thumb, 74 bytes, Stack size 20 bytes, cpuport.o(.text))
<BR><BR>[Stack]<UL><LI>Max Depth = 20<LI>Call Chain = rt_hw_stack_init
</UL>
<BR>[Called By]<UL><LI><a href="#[2c1]">&gt;&gt;</a>&nbsp;&nbsp;&nbsp;_thread_init
</UL>

<P><STRONG><a name="[105]"></a>rt_hw_exception_install</STRONG> (Thumb, 6 bytes, Stack size 0 bytes, cpuport.o(.text))
<BR><BR>[Called By]<UL><LI><a href="#[a1]">&gt;&gt;</a>&nbsp;&nbsp;&nbsp;rt_cm_backtrace_init
</UL>

<P><STRONG><a name="[128]"></a>rt_hw_hard_fault_exception</STRONG> (Thumb, 220 bytes, Stack size 24 bytes, cpuport.o(.text))
<BR><BR>[Stack]<UL><LI>Max Depth = 500<LI>Call Chain = rt_hw_hard_fault_exception &rArr; list_thread &rArr; object_split &rArr; rt_kprintf &rArr; rt_vsnprintf &rArr; print_number &rArr; __aeabi_memclr4
</UL>
<BR>[Calls]<UL><LI><a href="#[fe]">&gt;&gt;</a>&nbsp;&nbsp;&nbsp;list_thread
<LI><a href="#[eb]">&gt;&gt;</a>&nbsp;&nbsp;&nbsp;rt_thread_self
<LI><a href="#[107]">&gt;&gt;</a>&nbsp;&nbsp;&nbsp;rt_kprintf
<LI><a href="#[12c]">&gt;&gt;</a>&nbsp;&nbsp;&nbsp;hard_fault_track
</UL>
<BR>[Called By]<UL><LI><a href="#[e]">&gt;&gt;</a>&nbsp;&nbsp;&nbsp;HardFault_Handler
</UL>

<P><STRONG><a name="[5d2]"></a>rt_hw_cpu_reset</STRONG> (Thumb, 10 bytes, Stack size 0 bytes, cpuport.o(.text), UNUSED)

<P><STRONG><a name="[12d]"></a>rt_device_find</STRONG> (Thumb, 14 bytes, Stack size 8 bytes, device.o(.text))
<BR><BR>[Stack]<UL><LI>Max Depth = 300<LI>Call Chain = rt_device_find &rArr; rt_object_find &rArr; rt_exit_critical &rArr; rt_schedule &rArr; _scheduler_stack_check &rArr; rt_kprintf &rArr; rt_vsnprintf &rArr; print_number &rArr; __aeabi_memclr4
</UL>
<BR>[Calls]<UL><LI><a href="#[12e]">&gt;&gt;</a>&nbsp;&nbsp;&nbsp;rt_object_find
</UL>
<BR>[Called By]<UL><LI><a href="#[1d0]">&gt;&gt;</a>&nbsp;&nbsp;&nbsp;dfs_mount
<LI><a href="#[196]">&gt;&gt;</a>&nbsp;&nbsp;&nbsp;rt_spi_bus_attach_device_cspin
<LI><a href="#[1ae]">&gt;&gt;</a>&nbsp;&nbsp;&nbsp;rt_console_set_device
<LI><a href="#[185]">&gt;&gt;</a>&nbsp;&nbsp;&nbsp;mtd_nand_erase_all
<LI><a href="#[184]">&gt;&gt;</a>&nbsp;&nbsp;&nbsp;mtd_nand_erase
<LI><a href="#[183]">&gt;&gt;</a>&nbsp;&nbsp;&nbsp;mtd_nand_write
<LI><a href="#[182]">&gt;&gt;</a>&nbsp;&nbsp;&nbsp;mtd_nand_readoob
<LI><a href="#[181]">&gt;&gt;</a>&nbsp;&nbsp;&nbsp;mtd_nand_read
<LI><a href="#[180]">&gt;&gt;</a>&nbsp;&nbsp;&nbsp;mtd_nandid
<LI><a href="#[12f]">&gt;&gt;</a>&nbsp;&nbsp;&nbsp;rt_device_register
<LI><a href="#[218]">&gt;&gt;</a>&nbsp;&nbsp;&nbsp;finsh_set_device
<LI><a href="#[1f6]">&gt;&gt;</a>&nbsp;&nbsp;&nbsp;dfs_mkfs
<LI><a href="#[83]">&gt;&gt;</a>&nbsp;&nbsp;&nbsp;dfs_device_fs_stat
<LI><a href="#[7b]">&gt;&gt;</a>&nbsp;&nbsp;&nbsp;dfs_device_fs_open
<LI><a href="#[be]">&gt;&gt;</a>&nbsp;&nbsp;&nbsp;ble_app_uart
</UL>

<P><STRONG><a name="[12f]"></a>rt_device_register</STRONG> (Thumb, 52 bytes, Stack size 16 bytes, device.o(.text))
<BR><BR>[Stack]<UL><LI>Max Depth = 316<LI>Call Chain = rt_device_register &rArr; rt_device_find &rArr; rt_object_find &rArr; rt_exit_critical &rArr; rt_schedule &rArr; _scheduler_stack_check &rArr; rt_kprintf &rArr; rt_vsnprintf &rArr; print_number &rArr; __aeabi_memclr4
</UL>
<BR>[Calls]<UL><LI><a href="#[12d]">&gt;&gt;</a>&nbsp;&nbsp;&nbsp;rt_device_find
<LI><a href="#[130]">&gt;&gt;</a>&nbsp;&nbsp;&nbsp;rt_object_init
</UL>
<BR>[Called By]<UL><LI><a href="#[179]">&gt;&gt;</a>&nbsp;&nbsp;&nbsp;rt_mtd_nand_register_device
<LI><a href="#[197]">&gt;&gt;</a>&nbsp;&nbsp;&nbsp;rt_spidev_device_init
<LI><a href="#[194]">&gt;&gt;</a>&nbsp;&nbsp;&nbsp;rt_spi_bus_device_init
<LI><a href="#[191]">&gt;&gt;</a>&nbsp;&nbsp;&nbsp;rt_hw_serial_register
<LI><a href="#[16a]">&gt;&gt;</a>&nbsp;&nbsp;&nbsp;rt_device_pin_register
</UL>

<P><STRONG><a name="[131]"></a>rt_device_unregister</STRONG> (Thumb, 64 bytes, Stack size 8 bytes, device.o(.text), UNUSED)
<BR><BR>[Calls]<UL><LI><a href="#[10a]">&gt;&gt;</a>&nbsp;&nbsp;&nbsp;rt_assert_handler
<LI><a href="#[133]">&gt;&gt;</a>&nbsp;&nbsp;&nbsp;rt_object_is_systemobject
<LI><a href="#[132]">&gt;&gt;</a>&nbsp;&nbsp;&nbsp;rt_object_get_type
<LI><a href="#[134]">&gt;&gt;</a>&nbsp;&nbsp;&nbsp;rt_object_detach
</UL>

<P><STRONG><a name="[135]"></a>rt_device_create</STRONG> (Thumb, 46 bytes, Stack size 24 bytes, device.o(.text), UNUSED)
<BR><BR>[Calls]<UL><LI><a href="#[137]">&gt;&gt;</a>&nbsp;&nbsp;&nbsp;rt_memset
<LI><a href="#[136]">&gt;&gt;</a>&nbsp;&nbsp;&nbsp;rt_malloc
</UL>

<P><STRONG><a name="[138]"></a>rt_device_destroy</STRONG> (Thumb, 68 bytes, Stack size 8 bytes, device.o(.text), UNUSED)
<BR><BR>[Calls]<UL><LI><a href="#[139]">&gt;&gt;</a>&nbsp;&nbsp;&nbsp;rt_free
<LI><a href="#[10a]">&gt;&gt;</a>&nbsp;&nbsp;&nbsp;rt_assert_handler
<LI><a href="#[133]">&gt;&gt;</a>&nbsp;&nbsp;&nbsp;rt_object_is_systemobject
<LI><a href="#[132]">&gt;&gt;</a>&nbsp;&nbsp;&nbsp;rt_object_get_type
<LI><a href="#[134]">&gt;&gt;</a>&nbsp;&nbsp;&nbsp;rt_object_detach
</UL>

<P><STRONG><a name="[13a]"></a>rt_device_init</STRONG> (Thumb, 70 bytes, Stack size 24 bytes, device.o(.text), UNUSED)
<BR><BR>[Calls]<UL><LI><a href="#[10a]">&gt;&gt;</a>&nbsp;&nbsp;&nbsp;rt_assert_handler
<LI><a href="#[e7]">&gt;&gt;</a>&nbsp;&nbsp;&nbsp;ulog_output
</UL>

<P><STRONG><a name="[13b]"></a>rt_device_open</STRONG> (Thumb, 200 bytes, Stack size 24 bytes, device.o(.text))
<BR><BR>[Stack]<UL><LI>Max Depth = 540<LI>Call Chain = rt_device_open &rArr; ulog_output &rArr; ulog_voutput &rArr; output_lock &rArr; rt_mutex_take &rArr; _rt_mutex_take &rArr; _thread_update_priority &rArr; rt_thread_control &rArr; rt_thread_startup &rArr; rt_schedule &rArr; _scheduler_stack_check &rArr; rt_kprintf &rArr; rt_vsnprintf &rArr; print_number &rArr; __aeabi_memclr4
</UL>
<BR>[Calls]<UL><LI><a href="#[10a]">&gt;&gt;</a>&nbsp;&nbsp;&nbsp;rt_assert_handler
<LI><a href="#[e7]">&gt;&gt;</a>&nbsp;&nbsp;&nbsp;ulog_output
<LI><a href="#[132]">&gt;&gt;</a>&nbsp;&nbsp;&nbsp;rt_object_get_type
</UL>
<BR>[Called By]<UL><LI><a href="#[1d0]">&gt;&gt;</a>&nbsp;&nbsp;&nbsp;dfs_mount
<LI><a href="#[1ae]">&gt;&gt;</a>&nbsp;&nbsp;&nbsp;rt_console_set_device
<LI><a href="#[218]">&gt;&gt;</a>&nbsp;&nbsp;&nbsp;finsh_set_device
<LI><a href="#[7b]">&gt;&gt;</a>&nbsp;&nbsp;&nbsp;dfs_device_fs_open
</UL>

<P><STRONG><a name="[13c]"></a>rt_device_close</STRONG> (Thumb, 94 bytes, Stack size 16 bytes, device.o(.text))
<BR><BR>[Stack]<UL><LI>Max Depth = 48<LI>Call Chain = rt_device_close &rArr; rt_object_get_type &rArr; rt_assert_handler &rArr;  rt_kprintf (Cycle)
</UL>
<BR>[Calls]<UL><LI><a href="#[10a]">&gt;&gt;</a>&nbsp;&nbsp;&nbsp;rt_assert_handler
<LI><a href="#[132]">&gt;&gt;</a>&nbsp;&nbsp;&nbsp;rt_object_get_type
</UL>
<BR>[Called By]<UL><LI><a href="#[1d0]">&gt;&gt;</a>&nbsp;&nbsp;&nbsp;dfs_mount
<LI><a href="#[1ae]">&gt;&gt;</a>&nbsp;&nbsp;&nbsp;rt_console_set_device
<LI><a href="#[218]">&gt;&gt;</a>&nbsp;&nbsp;&nbsp;finsh_set_device
<LI><a href="#[1f5]">&gt;&gt;</a>&nbsp;&nbsp;&nbsp;dfs_unmount
<LI><a href="#[7c]">&gt;&gt;</a>&nbsp;&nbsp;&nbsp;dfs_device_fs_close
</UL>

<P><STRONG><a name="[13d]"></a>rt_device_read</STRONG> (Thumb, 98 bytes, Stack size 24 bytes, device.o(.text))
[...]
<LI><a href="#[515]">&gt;&gt;</a>&nbsp;&nbsp;&nbsp;uffs_GetObjectInfo
</UL>
<BR>[Called By]<UL><LI><a href="#[545]">&gt;&gt;</a>&nbsp;&nbsp;&nbsp;uffs_fstat
<LI><a href="#[4ba]">&gt;&gt;</a>&nbsp;&nbsp;&nbsp;uffs_stat
</UL>

<P><STRONG><a name="[552]"></a>_ForceFormatAndCheckBlock</STRONG> (Thumb, 788 bytes, Stack size 72 bytes, uffs_utils.o(.text), UNUSED)
<BR><BR>[Calls]<UL><LI><a href="#[107]">&gt;&gt;</a>&nbsp;&nbsp;&nbsp;rt_kprintf
<LI><a href="#[502]">&gt;&gt;</a>&nbsp;&nbsp;&nbsp;uffs_PoolPut
<LI><a href="#[506]">&gt;&gt;</a>&nbsp;&nbsp;&nbsp;uffs_FlashMarkBadBlock
<LI><a href="#[4df]">&gt;&gt;</a>&nbsp;&nbsp;&nbsp;uffs_PoolGet
<LI><a href="#[482]">&gt;&gt;</a>&nbsp;&nbsp;&nbsp;uffs_FlashEraseBlock
<LI><a href="#[46f]">&gt;&gt;</a>&nbsp;&nbsp;&nbsp;uffs_BufClone
<LI><a href="#[466]">&gt;&gt;</a>&nbsp;&nbsp;&nbsp;uffs_BufFreeClone
<LI><a href="#[1e6]">&gt;&gt;</a>&nbsp;&nbsp;&nbsp;__aeabi_memclr
<LI><a href="#[49e]">&gt;&gt;</a>&nbsp;&nbsp;&nbsp;__aeabi_memset
</UL>
<BR>[Called By]<UL><LI><a href="#[54a]">&gt;&gt;</a>&nbsp;&nbsp;&nbsp;uffs_FormatDevice
</UL>

<P><STRONG><a name="[558]"></a>GetTagName</STRONG> (Thumb, 56 bytes, Stack size 56 bytes, uffs_utils.o(.text), UNUSED)
<BR><BR>[Calls]<UL><LI><a href="#[fa]">&gt;&gt;</a>&nbsp;&nbsp;&nbsp;__aeabi_memcpy4
</UL>
<BR>[Called By]<UL><LI><a href="#[559]">&gt;&gt;</a>&nbsp;&nbsp;&nbsp;DumpTag
</UL>

<P><STRONG><a name="[55a]"></a>DumpBufHex</STRONG> (Thumb, 34 bytes, Stack size 24 bytes, uffs_utils.o(.text), UNUSED)
<BR><BR>[Called By]<UL><LI><a href="#[559]">&gt;&gt;</a>&nbsp;&nbsp;&nbsp;DumpTag
</UL>

<P><STRONG><a name="[559]"></a>DumpTag</STRONG> (Thumb, 176 bytes, Stack size 56 bytes, uffs_utils.o(.text), UNUSED)
<BR><BR>[Calls]<UL><LI><a href="#[55a]">&gt;&gt;</a>&nbsp;&nbsp;&nbsp;DumpBufHex
<LI><a href="#[558]">&gt;&gt;</a>&nbsp;&nbsp;&nbsp;GetTagName
<LI><a href="#[4dc]">&gt;&gt;</a>&nbsp;&nbsp;&nbsp;uffs_LoadMiniHeader
</UL>
<BR>[Called By]<UL><LI><a href="#[55b]">&gt;&gt;</a>&nbsp;&nbsp;&nbsp;DumpBlock
</UL>

<P><STRONG><a name="[55b]"></a>DumpBlock</STRONG> (Thumb, 170 bytes, Stack size 48 bytes, uffs_utils.o(.text), UNUSED)
<BR><BR>[Calls]<UL><LI><a href="#[559]">&gt;&gt;</a>&nbsp;&nbsp;&nbsp;DumpTag
<LI><a href="#[500]">&gt;&gt;</a>&nbsp;&nbsp;&nbsp;uffs_FlashReadPageTag
<LI><a href="#[4e0]">&gt;&gt;</a>&nbsp;&nbsp;&nbsp;uffs_FlashIsBadBlock
<LI><a href="#[49e]">&gt;&gt;</a>&nbsp;&nbsp;&nbsp;__aeabi_memset
</UL>
<BR>[Called By]<UL><LI><a href="#[55c]">&gt;&gt;</a>&nbsp;&nbsp;&nbsp;uffs_DumpDevice
</UL>

<P><STRONG><a name="[55d]"></a>uffs_EccMakeChunk256</STRONG> (Thumb, 174 bytes, Stack size 36 bytes, uffs_ecc.o(.text))
<BR><BR>[Stack]<UL><LI>Max Depth = 36<LI>Call Chain = uffs_EccMakeChunk256
</UL>
<BR>[Called By]<UL><LI><a href="#[503]">&gt;&gt;</a>&nbsp;&nbsp;&nbsp;uffs_EccMake
</UL>

<P><STRONG><a name="[55e]"></a>uffs_EccCorrectChunk256</STRONG> (Thumb, 282 bytes, Stack size 36 bytes, uffs_ecc.o(.text))
<BR><BR>[Stack]<UL><LI>Max Depth = 36<LI>Call Chain = uffs_EccCorrectChunk256
</UL>
<BR>[Called By]<UL><LI><a href="#[504]">&gt;&gt;</a>&nbsp;&nbsp;&nbsp;uffs_EccCorrect
</UL>

<P><STRONG><a name="[562]"></a>uffs_InitDeviceConfig</STRONG> (Thumb, 176 bytes, Stack size 8 bytes, uffs_init.o(.text))
<BR><BR>[Stack]<UL><LI>Max Depth = 220<LI>Call Chain = uffs_InitDeviceConfig &rArr; rt_kprintf &rArr; rt_vsnprintf &rArr; print_number &rArr; __aeabi_memclr4
</UL>
<BR>[Calls]<UL><LI><a href="#[107]">&gt;&gt;</a>&nbsp;&nbsp;&nbsp;rt_kprintf
</UL>
<BR>[Called By]<UL><LI><a href="#[4c3]">&gt;&gt;</a>&nbsp;&nbsp;&nbsp;uffs_InitDevice
</UL>

<P><STRONG><a name="[93]"></a>nand_init_flash</STRONG> (Thumb, 6 bytes, Stack size 0 bytes, uffs_nandif.o(.text))
<BR>[Address Reference Count : 1]<UL><LI> uffs_nandif.o(.constdata)
</UL>
<P><STRONG><a name="[94]"></a>nand_release_flash</STRONG> (Thumb, 6 bytes, Stack size 0 bytes, uffs_nandif.o(.text))
<BR>[Address Reference Count : 1]<UL><LI> uffs_nandif.o(.constdata)
</UL>
<P><STRONG><a name="[97]"></a>nand_erase_block</STRONG> (Thumb, 28 bytes, Stack size 16 bytes, uffs_nandif.o(.text))
<BR><BR>[Stack]<UL><LI>Max Depth = 56<LI>Call Chain = nand_erase_block &rArr; rt_mtd_nand_erase_block &rArr; rt_assert_handler &rArr;  rt_kprintf (Cycle)
</UL>
<BR>[Calls]<UL><LI><a href="#[17e]">&gt;&gt;</a>&nbsp;&nbsp;&nbsp;rt_mtd_nand_erase_block
</UL>
<BR>[Address Reference Count : 1]<UL><LI> uffs_nandif.o(.constdata)
</UL>
<P><STRONG><a name="[95]"></a>nand_read_page</STRONG> (Thumb, 120 bytes, Stack size 112 bytes, uffs_nandif.o(.text))
<BR><BR>[Stack]<UL><LI>Max Depth = 176<LI>Call Chain = nand_read_page &rArr; rt_mtd_nand_read &rArr; rt_assert_handler &rArr;  rt_kprintf (Cycle)
</UL>
<BR>[Calls]<UL><LI><a href="#[137]">&gt;&gt;</a>&nbsp;&nbsp;&nbsp;rt_memset
<LI><a href="#[17b]">&gt;&gt;</a>&nbsp;&nbsp;&nbsp;rt_mtd_nand_read
</UL>
<BR>[Address Reference Count : 1]<UL><LI> uffs_nandif.o(.constdata)
</UL>
<P><STRONG><a name="[96]"></a>nand_write_page</STRONG> (Thumb, 142 bytes, Stack size 112 bytes, uffs_nandif.o(.text))
<BR><BR>[Stack]<UL><LI>Max Depth = 176<LI>Call Chain = nand_write_page &rArr; rt_mtd_nand_write &rArr; rt_assert_handler &rArr;  rt_kprintf (Cycle)
</UL>
<BR>[Calls]<UL><LI><a href="#[137]">&gt;&gt;</a>&nbsp;&nbsp;&nbsp;rt_memset
<LI><a href="#[10a]">&gt;&gt;</a>&nbsp;&nbsp;&nbsp;rt_assert_handler
<LI><a href="#[17c]">&gt;&gt;</a>&nbsp;&nbsp;&nbsp;rt_mtd_nand_write
</UL>
<BR>[Address Reference Count : 1]<UL><LI> uffs_nandif.o(.constdata)
</UL>
<P><STRONG><a name="[56e]"></a>do_TruncateInternalWithBlockRecover</STRONG> (Thumb, 542 bytes, Stack size 96 bytes, uffs_fs.o(.text))
<BR><BR>[Stack]<UL><LI>Max Depth = 900 + Unknown Stack Size
<LI>Call Chain = do_TruncateInternalWithBlockRecover &rArr; uffs_BufGetEx &rArr; uffs_BufFlushMostDirtyGroup &rArr; _BufFlush &rArr; uffs_BufFlush_Exist_With_Enough_FreePage &rArr; uffs_BufFlush_Exist_With_BlockCover &rArr; uffs_FlashWritePageCombine &rArr; uffs_FlashReadPage &rArr; uffs_PoolPut &rArr; rt_kprintf &rArr; rt_vsnprintf &rArr; print_number &rArr; __aeabi_memclr4
</UL>
<BR>[Calls]<UL><LI><a href="#[107]">&gt;&gt;</a>&nbsp;&nbsp;&nbsp;rt_kprintf
<LI><a href="#[48d]">&gt;&gt;</a>&nbsp;&nbsp;&nbsp;uffs_TreeFindDataNode
<LI><a href="#[47f]">&gt;&gt;</a>&nbsp;&nbsp;&nbsp;uffs_BlockInfoPut
<LI><a href="#[476]">&gt;&gt;</a>&nbsp;&nbsp;&nbsp;uffs_BlockInfoGet
<LI><a href="#[47e]">&gt;&gt;</a>&nbsp;&nbsp;&nbsp;uffs_BlockInfoExpire
<LI><a href="#[4a1]">&gt;&gt;</a>&nbsp;&nbsp;&nbsp;uffs_BufWrite
<LI><a href="#[4a0]">&gt;&gt;</a>&nbsp;&nbsp;&nbsp;uffs_BufMarkEmpty
<LI><a href="#[49f]">&gt;&gt;</a>&nbsp;&nbsp;&nbsp;uffs_BufGetEx
<LI><a href="#[49b]">&gt;&gt;</a>&nbsp;&nbsp;&nbsp;uffs_BufFlushGroupEx
<LI><a href="#[49a]">&gt;&gt;</a>&nbsp;&nbsp;&nbsp;uffs_BufFlushGroup
<LI><a href="#[494]">&gt;&gt;</a>&nbsp;&nbsp;&nbsp;uffs_BufUnLockGroup
<LI><a href="#[56f]">&gt;&gt;</a>&nbsp;&nbsp;&nbsp;uffs_BufLockGroup
<LI><a href="#[470]">&gt;&gt;</a>&nbsp;&nbsp;&nbsp;uffs_BufFind
<LI><a href="#[468]">&gt;&gt;</a>&nbsp;&nbsp;&nbsp;uffs_BufPut
<LI><a href="#[465]">&gt;&gt;</a>&nbsp;&nbsp;&nbsp;uffs_BufFindGroupSlot
</UL>
<BR>[Called By]<UL><LI><a href="#[575]">&gt;&gt;</a>&nbsp;&nbsp;&nbsp;do_TruncateObject
</UL>

<P><STRONG><a name="[571]"></a>GetStartOfDataBlock</STRONG> (Thumb, 42 bytes, Stack size 8 bytes, uffs_fs.o(.text))
<BR><BR>[Stack]<UL><LI>Max Depth = 8<LI>Call Chain = GetStartOfDataBlock
</UL>
<BR>[Called By]<UL><LI><a href="#[538]">&gt;&gt;</a>&nbsp;&nbsp;&nbsp;uffs_ReadObject
<LI><a href="#[575]">&gt;&gt;</a>&nbsp;&nbsp;&nbsp;do_TruncateObject
<LI><a href="#[573]">&gt;&gt;</a>&nbsp;&nbsp;&nbsp;do_WriteObject
<LI><a href="#[570]">&gt;&gt;</a>&nbsp;&nbsp;&nbsp;do_WriteInternalBlock
</UL>

<P><STRONG><a name="[574]"></a>GetFdnByOfs</STRONG> (Thumb, 52 bytes, Stack size 8 bytes, uffs_fs.o(.text))
<BR><BR>[Stack]<UL><LI>Max Depth = 8<LI>Call Chain = GetFdnByOfs
</UL>
<BR>[Called By]<UL><LI><a href="#[538]">&gt;&gt;</a>&nbsp;&nbsp;&nbsp;uffs_ReadObject
<LI><a href="#[542]">&gt;&gt;</a>&nbsp;&nbsp;&nbsp;uffs_DeleteObject
<LI><a href="#[57c]">&gt;&gt;</a>&nbsp;&nbsp;&nbsp;_CheckObjBufRef
<LI><a href="#[575]">&gt;&gt;</a>&nbsp;&nbsp;&nbsp;do_TruncateObject
<LI><a href="#[573]">&gt;&gt;</a>&nbsp;&nbsp;&nbsp;do_WriteObject
</UL>

<P><STRONG><a name="[570]"></a>do_WriteInternalBlock</STRONG> (Thumb, 538 bytes, Stack size 88 bytes, uffs_fs.o(.text))
<BR><BR>[Stack]<UL><LI>Max Depth = 892 + Unknown Stack Size
<LI>Call Chain = do_WriteInternalBlock &rArr; uffs_BufGetEx &rArr; uffs_BufFlushMostDirtyGroup &rArr; _BufFlush &rArr; uffs_BufFlush_Exist_With_Enough_FreePage &rArr; uffs_BufFlush_Exist_With_BlockCover &rArr; uffs_FlashWritePageCombine &rArr; uffs_FlashReadPage &rArr; uffs_PoolPut &rArr; rt_kprintf &rArr; rt_vsnprintf &rArr; print_number &rArr; __aeabi_memclr4
</UL>
<BR>[Calls]<UL><LI><a href="#[107]">&gt;&gt;</a>&nbsp;&nbsp;&nbsp;rt_kprintf
<LI><a href="#[4a1]">&gt;&gt;</a>&nbsp;&nbsp;&nbsp;uffs_BufWrite
<LI><a href="#[49f]">&gt;&gt;</a>&nbsp;&nbsp;&nbsp;uffs_BufGetEx
<LI><a href="#[49d]">&gt;&gt;</a>&nbsp;&nbsp;&nbsp;uffs_BufNew
<LI><a href="#[468]">&gt;&gt;</a>&nbsp;&nbsp;&nbsp;uffs_BufPut
<LI><a href="#[571]">&gt;&gt;</a>&nbsp;&nbsp;&nbsp;GetStartOfDataBlock
</UL>
<BR>[Called By]<UL><LI><a href="#[573]">&gt;&gt;</a>&nbsp;&nbsp;&nbsp;do_WriteObject
</UL>

<P><STRONG><a name="[572]"></a>do_WriteNewBlock</STRONG> (Thumb, 178 bytes, Stack size 64 bytes, uffs_fs.o(.text))
<BR><BR>[Stack]<UL><LI>Max Depth = 852 + Unknown Stack Size
<LI>Call Chain = do_WriteNewBlock &rArr; uffs_BufWrite &rArr; uffs_BufFlushGroup &rArr; _BufFlush &rArr; uffs_BufFlush_Exist_With_Enough_FreePage &rArr; uffs_BufFlush_Exist_With_BlockCover &rArr; uffs_FlashWritePageCombine &rArr; uffs_FlashReadPage &rArr; uffs_PoolPut &rArr; rt_kprintf &rArr; rt_vsnprintf &rArr; print_number &rArr; __aeabi_memclr4
</UL>
<BR>[Calls]<UL><LI><a href="#[107]">&gt;&gt;</a>&nbsp;&nbsp;&nbsp;rt_kprintf
<LI><a href="#[4a1]">&gt;&gt;</a>&nbsp;&nbsp;&nbsp;uffs_BufWrite
<LI><a href="#[49d]">&gt;&gt;</a>&nbsp;&nbsp;&nbsp;uffs_BufNew
<LI><a href="#[468]">&gt;&gt;</a>&nbsp;&nbsp;&nbsp;uffs_BufPut
</UL>
<BR>[Called By]<UL><LI><a href="#[573]">&gt;&gt;</a>&nbsp;&nbsp;&nbsp;do_WriteObject
</UL>

<P><STRONG><a name="[573]"></a>do_WriteObject</STRONG> (Thumb, 346 bytes, Stack size 56 bytes, uffs_fs.o(.text))
<BR><BR>[Stack]<UL><LI>Max Depth = 948 + Unknown Stack Size
<LI>Call Chain = do_WriteObject &rArr; do_WriteInternalBlock &rArr; uffs_BufGetEx &rArr; uffs_BufFlushMostDirtyGroup &rArr; _BufFlush &rArr; uffs_BufFlush_Exist_With_Enough_FreePage &rArr; uffs_BufFlush_Exist_With_BlockCover &rArr; uffs_FlashWritePageCombine &rArr; uffs_FlashReadPage &rArr; uffs_PoolPut &rArr; rt_kprintf &rArr; rt_vsnprintf &rArr; print_number &rArr; __aeabi_memclr4
</UL>
<BR>[Calls]<UL><LI><a href="#[107]">&gt;&gt;</a>&nbsp;&nbsp;&nbsp;rt_kprintf
<LI><a href="#[48d]">&gt;&gt;</a>&nbsp;&nbsp;&nbsp;uffs_TreeFindDataNode
<LI><a href="#[49a]">&gt;&gt;</a>&nbsp;&nbsp;&nbsp;uffs_BufFlushGroup
<LI><a href="#[572]">&gt;&gt;</a>&nbsp;&nbsp;&nbsp;do_WriteNewBlock
<LI><a href="#[570]">&gt;&gt;</a>&nbsp;&nbsp;&nbsp;do_WriteInternalBlock
<LI><a href="#[574]">&gt;&gt;</a>&nbsp;&nbsp;&nbsp;GetFdnByOfs
<LI><a href="#[571]">&gt;&gt;</a>&nbsp;&nbsp;&nbsp;GetStartOfDataBlock
</UL>
<BR>[Called By]<UL><LI><a href="#[539]">&gt;&gt;</a>&nbsp;&nbsp;&nbsp;uffs_WriteObject
<LI><a href="#[575]">&gt;&gt;</a>&nbsp;&nbsp;&nbsp;do_TruncateObject
</UL>

<P><STRONG><a name="[575]"></a>do_TruncateObject</STRONG> (Thumb, 904 bytes, Stack size 56 bytes, uffs_fs.o(.text))
<BR><BR>[Stack]<UL><LI>Max Depth = 1004 + Unknown Stack Size
<LI>Call Chain = do_TruncateObject &rArr; do_WriteObject &rArr; do_WriteInternalBlock &rArr; uffs_BufGetEx &rArr; uffs_BufFlushMostDirtyGroup &rArr; _BufFlush &rArr; uffs_BufFlush_Exist_With_Enough_FreePage &rArr; uffs_BufFlush_Exist_With_BlockCover &rArr; uffs_FlashWritePageCombine &rArr; uffs_FlashReadPage &rArr; uffs_PoolPut &rArr; rt_kprintf &rArr; rt_vsnprintf &rArr; print_number &rArr; __aeabi_memclr4
</UL>
<BR>[Calls]<UL><LI><a href="#[107]">&gt;&gt;</a>&nbsp;&nbsp;&nbsp;rt_kprintf
<LI><a href="#[4f1]">&gt;&gt;</a>&nbsp;&nbsp;&nbsp;uffs_BreakFromEntry
<LI><a href="#[483]">&gt;&gt;</a>&nbsp;&nbsp;&nbsp;uffs_TreeInsertToErasedListTail
<LI><a href="#[48d]">&gt;&gt;</a>&nbsp;&nbsp;&nbsp;uffs_TreeFindDataNode
<LI><a href="#[482]">&gt;&gt;</a>&nbsp;&nbsp;&nbsp;uffs_FlashEraseBlock
<LI><a href="#[47f]">&gt;&gt;</a>&nbsp;&nbsp;&nbsp;uffs_BlockInfoPut
<LI><a href="#[476]">&gt;&gt;</a>&nbsp;&nbsp;&nbsp;uffs_BlockInfoGet
<LI><a href="#[480]">&gt;&gt;</a>&nbsp;&nbsp;&nbsp;uffs_BadBlockProcess
<LI><a href="#[4a0]">&gt;&gt;</a>&nbsp;&nbsp;&nbsp;uffs_BufMarkEmpty
<LI><a href="#[470]">&gt;&gt;</a>&nbsp;&nbsp;&nbsp;uffs_BufFind
<LI><a href="#[573]">&gt;&gt;</a>&nbsp;&nbsp;&nbsp;do_WriteObject
<LI><a href="#[574]">&gt;&gt;</a>&nbsp;&nbsp;&nbsp;GetFdnByOfs
<LI><a href="#[571]">&gt;&gt;</a>&nbsp;&nbsp;&nbsp;GetStartOfDataBlock
<LI><a href="#[56e]">&gt;&gt;</a>&nbsp;&nbsp;&nbsp;do_TruncateInternalWithBlockRecover
<LI><a href="#[561]">&gt;&gt;</a>&nbsp;&nbsp;&nbsp;uffs_BadBlockRecover
</UL>
<BR>[Called By]<UL><LI><a href="#[544]">&gt;&gt;</a>&nbsp;&nbsp;&nbsp;uffs_TruncateObject
<LI><a href="#[579]">&gt;&gt;</a>&nbsp;&nbsp;&nbsp;uffs_OpenObjectEx
<LI><a href="#[576]">&gt;&gt;</a>&nbsp;&nbsp;&nbsp;uffs_CreateObjectEx
</UL>

<P><STRONG><a name="[578]"></a>GetDirLengthFromPath</STRONG> (Thumb, 40 bytes, Stack size 0 bytes, uffs_fs.o(.text))
<BR><BR>[Called By]<UL><LI><a href="#[577]">&gt;&gt;</a>&nbsp;&nbsp;&nbsp;uffs_ParseObject
</UL>

<P><STRONG><a name="[57a]"></a>do_ReleaseObjectResource</STRONG> (Thumb, 54 bytes, Stack size 8 bytes, uffs_fs.o(.text))
<BR><BR>[Stack]<UL><LI>Max Depth = 596 + Unknown Stack Size
<LI>Call Chain = do_ReleaseObjectResource &rArr; uffs_BadBlockRecover &rArr; uffs_FlashWritePageCombine &rArr; uffs_FlashReadPage &rArr; uffs_PoolPut &rArr; rt_kprintf &rArr; rt_vsnprintf &rArr; print_number &rArr; __aeabi_memclr4
</UL>
<BR>[Calls]<UL><LI><a href="#[4c7]">&gt;&gt;</a>&nbsp;&nbsp;&nbsp;uffs_PutDevice
<LI><a href="#[561]">&gt;&gt;</a>&nbsp;&nbsp;&nbsp;uffs_BadBlockRecover
</UL>
<BR>[Called By]<UL><LI><a href="#[540]">&gt;&gt;</a>&nbsp;&nbsp;&nbsp;uffs_RenameObject
<LI><a href="#[532]">&gt;&gt;</a>&nbsp;&nbsp;&nbsp;uffs_OpenObject
<LI><a href="#[542]">&gt;&gt;</a>&nbsp;&nbsp;&nbsp;uffs_DeleteObject
<LI><a href="#[537]">&gt;&gt;</a>&nbsp;&nbsp;&nbsp;uffs_CloseObject
</UL>

<P><STRONG><a name="[57b]"></a>do_FlushObject</STRONG> (Thumb, 108 bytes, Stack size 24 bytes, uffs_fs.o(.text))
<BR><BR>[Stack]<UL><LI>Max Depth = 780 + Unknown Stack Size
<LI>Call Chain = do_FlushObject &rArr; uffs_BufFlushGroupMatchParent &rArr; _BufFlush &rArr; uffs_BufFlush_Exist_With_Enough_FreePage &rArr; uffs_BufFlush_Exist_With_BlockCover &rArr; uffs_FlashWritePageCombine &rArr; uffs_FlashReadPage &rArr; uffs_PoolPut &rArr; rt_kprintf &rArr; rt_vsnprintf &rArr; print_number &rArr; __aeabi_memclr4
</UL>
<BR>[Calls]<UL><LI><a href="#[107]">&gt;&gt;</a>&nbsp;&nbsp;&nbsp;rt_kprintf
<LI><a href="#[49c]">&gt;&gt;</a>&nbsp;&nbsp;&nbsp;uffs_BufFlushGroupMatchParent
<LI><a href="#[49a]">&gt;&gt;</a>&nbsp;&nbsp;&nbsp;uffs_BufFlushGroup
</UL>
<BR>[Called By]<UL><LI><a href="#[53f]">&gt;&gt;</a>&nbsp;&nbsp;&nbsp;uffs_FlushObject
<LI><a href="#[537]">&gt;&gt;</a>&nbsp;&nbsp;&nbsp;uffs_CloseObject
</UL>

<P><STRONG><a name="[580]"></a>output_unlock</STRONG> (Thumb, 46 bytes, Stack size 8 bytes, ulog.o(.text))
<BR><BR>[Stack]<UL><LI>Max Depth = 324<LI>Call Chain = output_unlock &rArr; rt_mutex_release &rArr; rt_thread_control &rArr; rt_thread_startup &rArr; rt_schedule &rArr; _scheduler_stack_check &rArr; rt_kprintf &rArr; rt_vsnprintf &rArr; print_number &rArr; __aeabi_memclr4
</UL>
<BR>[Calls]<UL><LI><a href="#[eb]">&gt;&gt;</a>&nbsp;&nbsp;&nbsp;rt_thread_self
<LI><a href="#[19b]">&gt;&gt;</a>&nbsp;&nbsp;&nbsp;rt_mutex_release
<LI><a href="#[148]">&gt;&gt;</a>&nbsp;&nbsp;&nbsp;rt_interrupt_get_nest
<LI><a href="#[144]">&gt;&gt;</a>&nbsp;&nbsp;&nbsp;rt_hw_interrupt_enable
</UL>
<BR>[Called By]<UL><LI><a href="#[58e]">&gt;&gt;</a>&nbsp;&nbsp;&nbsp;ulog_raw
<LI><a href="#[58d]">&gt;&gt;</a>&nbsp;&nbsp;&nbsp;ulog_voutput
</UL>

<P><STRONG><a name="[581]"></a>output_lock</STRONG> (Thumb, 50 bytes, Stack size 8 bytes, ulog.o(.text))
<BR><BR>[Stack]<UL><LI>Max Depth = 412<LI>Call Chain = output_lock &rArr; rt_mutex_take &rArr; _rt_mutex_take &rArr; _thread_update_priority &rArr; rt_thread_control &rArr; rt_thread_startup &rArr; rt_schedule &rArr; _scheduler_stack_check &rArr; rt_kprintf &rArr; rt_vsnprintf &rArr; print_number &rArr; __aeabi_memclr4
</UL>
<BR>[Calls]<UL><LI><a href="#[eb]">&gt;&gt;</a>&nbsp;&nbsp;&nbsp;rt_thread_self
<LI><a href="#[19a]">&gt;&gt;</a>&nbsp;&nbsp;&nbsp;rt_mutex_take
<LI><a href="#[148]">&gt;&gt;</a>&nbsp;&nbsp;&nbsp;rt_interrupt_get_nest
<LI><a href="#[143]">&gt;&gt;</a>&nbsp;&nbsp;&nbsp;rt_hw_interrupt_disable
</UL>
<BR>[Called By]<UL><LI><a href="#[58e]">&gt;&gt;</a>&nbsp;&nbsp;&nbsp;ulog_raw
<LI><a href="#[58d]">&gt;&gt;</a>&nbsp;&nbsp;&nbsp;ulog_voutput
</UL>

<P><STRONG><a name="[582]"></a>get_log_buf</STRONG> (Thumb, 20 bytes, Stack size 8 bytes, ulog.o(.text))
<BR><BR>[Stack]<UL><LI>Max Depth = 24<LI>Call Chain = get_log_buf &rArr; rt_interrupt_get_nest
</UL>
<BR>[Calls]<UL><LI><a href="#[148]">&gt;&gt;</a>&nbsp;&nbsp;&nbsp;rt_interrupt_get_nest
</UL>
<BR>[Called By]<UL><LI><a href="#[58e]">&gt;&gt;</a>&nbsp;&nbsp;&nbsp;ulog_raw
<LI><a href="#[58d]">&gt;&gt;</a>&nbsp;&nbsp;&nbsp;ulog_voutput
</UL>

<P><STRONG><a name="[588]"></a>ulog_output_to_all_backend</STRONG> (Thumb, 236 bytes, Stack size 56 bytes, ulog.o(.text))
<BR><BR>[Stack]<UL><LI>Max Depth = 128<LI>Call Chain = ulog_output_to_all_backend &rArr; rt_kputs &rArr; rt_device_write &rArr; rt_object_get_type &rArr; rt_assert_handler &rArr;  rt_kprintf (Cycle)
</UL>
<BR>[Calls]<UL><LI><a href="#[109]">&gt;&gt;</a>&nbsp;&nbsp;&nbsp;rt_strlen
<LI><a href="#[2a6]">&gt;&gt;</a>&nbsp;&nbsp;&nbsp;rt_kputs
<LI><a href="#[58a]">&gt;&gt;</a>&nbsp;&nbsp;&nbsp;rt_slist_next
<LI><a href="#[589]">&gt;&gt;</a>&nbsp;&nbsp;&nbsp;rt_slist_first
</UL>
<BR>[Called By]<UL><LI><a href="#[58b]">&gt;&gt;</a>&nbsp;&nbsp;&nbsp;do_output
</UL>

<P><STRONG><a name="[58b]"></a>do_output</STRONG> (Thumb, 60 bytes, Stack size 32 bytes, ulog.o(.text))
<BR><BR>[Stack]<UL><LI>Max Depth = 160<LI>Call Chain = do_output &rArr; ulog_output_to_all_backend &rArr; rt_kputs &rArr; rt_device_write &rArr; rt_object_get_type &rArr; rt_assert_handler &rArr;  rt_kprintf (Cycle)
</UL>
<BR>[Calls]<UL><LI><a href="#[148]">&gt;&gt;</a>&nbsp;&nbsp;&nbsp;rt_interrupt_get_nest
<LI><a href="#[58c]">&gt;&gt;</a>&nbsp;&nbsp;&nbsp;ulog_console_backend_output
<LI><a href="#[588]">&gt;&gt;</a>&nbsp;&nbsp;&nbsp;ulog_output_to_all_backend
</UL>
<BR>[Called By]<UL><LI><a href="#[58e]">&gt;&gt;</a>&nbsp;&nbsp;&nbsp;ulog_raw
<LI><a href="#[58d]">&gt;&gt;</a>&nbsp;&nbsp;&nbsp;ulog_voutput
</UL>

<P><STRONG><a name="[589]"></a>rt_slist_first</STRONG> (Thumb, 6 bytes, Stack size 0 bytes, ulog.o(.text))
<BR><BR>[Called By]<UL><LI><a href="#[e8]">&gt;&gt;</a>&nbsp;&nbsp;&nbsp;ulog_flush
<LI><a href="#[594]">&gt;&gt;</a>&nbsp;&nbsp;&nbsp;ulog_deinit
<LI><a href="#[593]">&gt;&gt;</a>&nbsp;&nbsp;&nbsp;ulog_backend_find
<LI><a href="#[588]">&gt;&gt;</a>&nbsp;&nbsp;&nbsp;ulog_output_to_all_backend
</UL>

<P><STRONG><a name="[58a]"></a>rt_slist_next</STRONG> (Thumb, 6 bytes, Stack size 0 bytes, ulog.o(.text))
<BR><BR>[Called By]<UL><LI><a href="#[e8]">&gt;&gt;</a>&nbsp;&nbsp;&nbsp;ulog_flush
<LI><a href="#[594]">&gt;&gt;</a>&nbsp;&nbsp;&nbsp;ulog_deinit
<LI><a href="#[593]">&gt;&gt;</a>&nbsp;&nbsp;&nbsp;ulog_backend_find
<LI><a href="#[588]">&gt;&gt;</a>&nbsp;&nbsp;&nbsp;ulog_output_to_all_backend
</UL>

<P><STRONG><a name="[70]"></a>_printf_input_char</STRONG> (Thumb, 10 bytes, Stack size 0 bytes, _printf_char_common.o(.text))
<BR>[Address Reference Count : 1]<UL><LI> _printf_char_common.o(.text)
</UL><P>
<H3>
Undefined Global Symbols
</H3><HR></body></html>
