Component: ARM Compiler 5.06 update 5 (build 528) Tool: armlink [4d35e2]

==============================================================================

Section Cross References

    t_ads.o(.text) refers to spi_core.o(.text) for rt_spi_transfer_message
    t_ads.o(.text) refers to kservice.o(.text) for rt_malloc
    t_ads.o(.text) refers to ulog.o(.text) for ulog_output
    t_ads.o(.text) refers to irq.o(.text) for rt_interrupt_enter
    t_ads.o(.text) refers to ipc.o(.text) for rt_sem_release
    t_ads.o(.text) refers to pin.o(.text) for rt_pin_mode
    t_ads.o(.text) refers to drv_ads.o(.text) for adcStartup
    t_ads.o(.text) refers to thread.o(.text) for rt_thread_mdelay
    t_ads.o(.text) refers to t_ads.o(.data) for cfg
    t_ads.o(.text) refers to t_ads.o(.bss) for ads_DataRdy_sem
    drv_mtd_nand.o(.text) refers to ulog.o(.text) for ulog_output
    drv_mtd_nand.o(.text) refers to kservice.o(.text) for rt_assert_handler
    drv_mtd_nand.o(.text) refers to nrfx_systick.o(.text) for nrfx_systick_delay_us
    drv_mtd_nand.o(.text) refers to strcmpv7m.o(.text) for strcmp
    drv_mtd_nand.o(.text) refers to drv_mtd_nand.o(.constdata) for nand_flash_chip_table
    drv_mtd_nand.o(.text) refers to thread.o(.text) for rt_thread_mdelay
    drv_mtd_nand.o(.text) refers to spi_core.o(.text) for rt_spi_send_then_send
    drv_mtd_nand.o(.text) refers to rt_memcpy_v6.o(.text) for __aeabi_memcpy
    drv_mtd_nand.o(.text) refers to mtd_nand.o(.text) for rt_mtd_nand_register_device
    drv_mtd_nand.o(.text) refers to device.o(.text) for rt_device_unregister
    drv_mtd_nand.o(.constdata) refers to drv_mtd_nand.o(.conststring) for .conststring
    drv_mtd_nand.o(.constdata) refers to drv_mtd_nand.o(.text) for _read_id
    t_w25.o(.text) refers to ipc.o(.text) for rt_sem_create
    t_w25.o(.text) refers to kservice.o(.text) for rt_malloc
    t_w25.o(.text) refers to spi_core.o(.text) for rt_spi_bus_attach_device_cspin
    t_w25.o(.text) refers to ulog.o(.text) for ulog_output
    t_w25.o(.text) refers to drv_nand_qspi.o(.text) for rt_spi_nand_probe
    t_w25.o(.text) refers to dfs_fs.o(.text) for dfs_mount
    t_w25.o(.text) refers to t_w25.o(.data) for mount_ok_sem
    drv_nand_qspi.o(.text) refers to kservice.o(.text) for rt_assert_handler
    drv_nand_qspi.o(.text) refers to spi_core.o(.text) for rt_spi_send_then_recv
    drv_nand_qspi.o(.text) refers to ipc.o(.text) for rt_mutex_take
    drv_nand_qspi.o(.text) refers to thread.o(.text) for rt_thread_delay
    drv_nand_qspi.o(.text) refers to device.o(.text) for rt_device_find
    drv_nand_qspi.o(.text) refers to ulog.o(.text) for ulog_output
    drv_nand_qspi.o(.text) refers to drv_mtd_nand.o(.text) for rt_hw_nand_init
    drv_nand_qspi.o(.text) refers to drv_nand_qspi.o(.constdata) for __FUNCTION__
    application.o(.text) refers to pin.o(.text) for rt_pin_mode
    application.o(.text) refers to thread.o(.text) for rt_thread_mdelay
    drv_ads.o(.text) refers to kservice.o(.text) for rt_assert_handler
    drv_ads.o(.text) refers to pin.o(.text) for rt_pin_write
    drv_ads.o(.text) refers to spi_core.o(.text) for rt_spi_transfer_message
    drv_ads.o(.text) refers to nrfx_systick.o(.text) for nrfx_systick_delay_us
    drv_ads.o(.text) refers to drv_ads.o(.constdata) for __FUNCTION__
    drv_ads.o(.text) refers to drv_ads.o(.bss) for registerMap
    drv_ads.o(.text) refers to rt_memclr_w.o(.text) for __aeabi_memclr4
    drv_ads.o(.text) refers to t_ads.o(.text) for spiSwapBytes
    drv_ads.o(.text) refers to drv_ads.o(.data) for crcWordIn
    cm_backtrace.o(.text) refers to _printf_pad.o(.text) for _printf_pre_padding
    cm_backtrace.o(.text) refers to _printf_percent.o(.ARM.Collect$$_printf_percent$$00000000) for _printf_percent
    cm_backtrace.o(.text) refers to _printf_x.o(.ARM.Collect$$_printf_percent$$0000000C) for _printf_x
    cm_backtrace.o(.text) refers to _printf_hex_int.o(.text) for _printf_longlong_hex
    cm_backtrace.o(.text) refers to strncpy.o(.text) for strncpy
    cm_backtrace.o(.text) refers to ulog.o(.text) for ulog_output
    cm_backtrace.o(.text) refers to thread.o(.text) for rt_thread_self
    cm_backtrace.o(.text) refers to cm_backtrace.o(.emb_text) for __asm___14_cm_backtrace_c_13c737ea__cmb_get_sp
    cm_backtrace.o(.text) refers to rt_memclr_w.o(.text) for __aeabi_memclr4
    cm_backtrace.o(.text) refers to noretval__2sprintf.o(.text) for __2sprintf
    cm_backtrace.o(.text) refers to cm_backtrace.o(.bss) for fw_name
    cm_backtrace.o(.text) refers to cm_backtrace.o(.data) for main_stack_start_addr
    cm_backtrace.o(.text) refers to cm_backtrace.o(.constdata) for print_info
    cm_backtrace.o(.text) refers to rt_memcpy_w.o(.text) for __aeabi_memcpy4
    cm_backtrace.o(.text) refers to cm_backtrace.o(.conststring) for .conststring
    cm_backtrace.o(.constdata) refers to cm_backtrace.o(.conststring) for .conststring
    cmb_port.o(.text) refers to irq.o(.text) for rt_interrupt_enter
[...]
    uffs_TreeSuspendAdd                      0x00045dc3   Thumb Code    20  uffs_tree.o(.text)
    uffs_TreeFindSuspendNode                 0x00045dd7   Thumb Code    24  uffs_tree.o(.text)
    uffs_TreeRemoveSuspendNode               0x00045def   Thumb Code    32  uffs_tree.o(.text)
    uffs_TreeFindFileNodeWithParent          0x00045e0f   Thumb Code    72  uffs_tree.o(.text)
    uffs_TreeFindDirNodeWithParent           0x00045e57   Thumb Code    72  uffs_tree.o(.text)
    uffs_CompareFileName                     0x00045e9f   Thumb Code    34  uffs_tree.o(.text)
    uffs_TreeCompareFileName                 0x00045ec1   Thumb Code   124  uffs_tree.o(.text)
    uffs_TreeFindFileNodeByName              0x00045f3d   Thumb Code   110  uffs_tree.o(.text)
    uffs_TreeFindDirNodeByBlock              0x00045fab   Thumb Code    72  uffs_tree.o(.text)
    uffs_TreeFindErasedNodeByBlock           0x00045ff3   Thumb Code    28  uffs_tree.o(.text)
    uffs_TreeFindBadNodeByBlock              0x0004600f   Thumb Code    30  uffs_tree.o(.text)
    uffs_TreeFindFileNodeByBlock             0x0004602d   Thumb Code    72  uffs_tree.o(.text)
    uffs_TreeFindDataNodeByBlock             0x00046075   Thumb Code    74  uffs_tree.o(.text)
    uffs_TreeFindNodeByBlock                 0x000460bf   Thumb Code   334  uffs_tree.o(.text)
    uffs_TreeFindDirNodeByName               0x0004620d   Thumb Code   110  uffs_tree.o(.text)
    uffs_BreakFromEntry                      0x0004627b   Thumb Code   180  uffs_tree.o(.text)
    uffs_BuildTree                           0x000463f3   Thumb Code    80  uffs_tree.o(.text)
    uffs_FindFreeFsnSerial                   0x00046443   Thumb Code    66  uffs_tree.o(.text)
    uffs_TreeGetErasedNode                   0x00046485   Thumb Code    46  uffs_tree.o(.text)
    uffs_InsertToErasedListHead              0x000464b3   Thumb Code    44  uffs_tree.o(.text)
    uffs_TreeSetNodeBlock                    0x000464df   Thumb Code    28  uffs_tree.o(.text)
    uffs_FlashInterfaceInit                  0x00046767   Thumb Code   450  uffs_flash.o(.text)
    uffs_FlashInterfaceRelease               0x00046929   Thumb Code    86  uffs_flash.o(.text)
    uffs_FlashUnloadSpare                    0x0004697f   Thumb Code   152  uffs_flash.o(.text)
    uffs_FlashReadPageTag                    0x00046a17   Thumb Code   356  uffs_flash.o(.text)
    uffs_FlashReadPage                       0x00046b7b   Thumb Code   954  uffs_flash.o(.text)
    uffs_FlashMakeSpare                      0x00046f35   Thumb Code   226  uffs_flash.o(.text)
    uffs_FlashWritePageCombine               0x00047017   Thumb Code  1114  uffs_flash.o(.text)
    uffs_FlashMarkDirtyPage                  0x00047471   Thumb Code   216  uffs_flash.o(.text)
    uffs_FlashMarkBadBlock                   0x00047549   Thumb Code   150  uffs_flash.o(.text)
    uffs_FlashIsBadBlock                     0x000475df   Thumb Code   202  uffs_flash.o(.text)
    uffs_FlashEraseBlock                     0x000476a9   Thumb Code    82  uffs_flash.o(.text)
    uffs_FlashCheckErasedBlock               0x000476fb   Thumb Code   364  uffs_flash.o(.text)
    uffs_Version2Str                         0x000478c1   Thumb Code    26  uffs_version.o(.text)
    uffs_GetVersion                          0x000478db   Thumb Code     4  uffs_version.o(.text)
    uffs_GetMainVersion                      0x000478df   Thumb Code     6  uffs_version.o(.text)
    uffs_GetMinorVersion                     0x000478e5   Thumb Code     8  uffs_version.o(.text)
    uffs_GetTrivialVersion                   0x000478ed   Thumb Code     8  uffs_version.o(.text)
    uffs_BlockInfoReleaseCache               0x0004790d   Thumb Code    80  uffs_blockinfo.o(.text)
    uffs_BlockInfoInitCache                  0x0004795d   Thumb Code   356  uffs_blockinfo.o(.text)
    uffs_BlockInfoLoad                       0x00047b13   Thumb Code   204  uffs_blockinfo.o(.text)
    uffs_BlockInfoFindInCache                0x00047bdf   Thumb Code    34  uffs_blockinfo.o(.text)
    uffs_BlockInfoGet                        0x00047c01   Thumb Code   116  uffs_blockinfo.o(.text)
    uffs_BlockInfoPut                        0x00047c75   Thumb Code    32  uffs_blockinfo.o(.text)
    uffs_BlockInfoExpire                     0x00047c95   Thumb Code    90  uffs_blockinfo.o(.text)
    uffs_BlockInfoIsAllFree                  0x00047cef   Thumb Code   314  uffs_blockinfo.o(.text)
    uffs_BlockInfoExpireAll                  0x00047e29   Thumb Code    28  uffs_blockinfo.o(.text)
    uffs_GetFirstBlockTimeStamp              0x00047e45   Thumb Code     4  uffs_public.o(.text)
    uffs_GetNextBlockTimeStamp               0x00047e49   Thumb Code    16  uffs_public.o(.text)
    uffs_IsSrcNewerThanObj                   0x00047e59   Thumb Code    66  uffs_public.o(.text)
    uffs_FindBestPageInBlock                 0x00047e9b   Thumb Code   214  uffs_public.o(.text)
    uffs_FindPageInBlockWithPageId           0x00047f71   Thumb Code    80  uffs_public.o(.text)
    uffs_IsBlockPagesFullUsed                0x00047fc1   Thumb Code    54  uffs_public.o(.text)
    uffs_IsThisBlockUsed                     0x00047ff7   Thumb Code    32  uffs_public.o(.text)
    uffs_GetBlockTimeStamp                   0x00048017   Thumb Code    42  uffs_public.o(.text)
    uffs_IsPageErased                        0x00048041   Thumb Code    56  uffs_public.o(.text)
    uffs_FindFirstFreePage                   0x00048079   Thumb Code    62  uffs_public.o(.text)
    uffs_MakeSum8                            0x000480b7   Thumb Code    18  uffs_public.o(.text)
    uffs_MakeSum16                           0x000480c9   Thumb Code    16  uffs_public.o(.text)
    uffs_CreateNewFile                       0x000480d9   Thumb Code   120  uffs_public.o(.text)
    uffs_GetBlockFileDataLength              0x00048151   Thumb Code   576  uffs_public.o(.text)
    uffs_GetFreePagesCount                   0x00048391   Thumb Code    88  uffs_public.o(.text)
    uffs_GetDeviceUsed                       0x000483e9   Thumb Code    34  uffs_public.o(.text)
    uffs_GetDeviceFree                       0x0004840b   Thumb Code    18  uffs_public.o(.text)
    uffs_GetDeviceTotal                      0x0004841d   Thumb Code    24  uffs_public.o(.text)
    uffs_LoadMiniHeader                      0x00048435   Thumb Code    98  uffs_public.o(.text)
    uffs_GetObjectInfo                       0x00048573   Thumb Code   108  uffs_find.o(.text)
    uffs_FindObjectOpen                      0x000485df   Thumb Code    44  uffs_find.o(.text)
    uffs_FindObjectOpenEx                    0x0004860b   Thumb Code    54  uffs_find.o(.text)
    uffs_FindObjectFirst                     0x000487bf   Thumb Code    50  uffs_find.o(.text)
    uffs_FindObjectNext                      0x000487f1   Thumb Code    72  uffs_find.o(.text)
    uffs_FindObjectRewind                    0x00048839   Thumb Code    22  uffs_find.o(.text)
    uffs_FindObjectClose                     0x0004884f   Thumb Code    26  uffs_find.o(.text)
    uffs_FindObjectCount                     0x00048869   Thumb Code    32  uffs_find.o(.text)
    uffs_FindObjectTell                      0x00048889   Thumb Code     6  uffs_find.o(.text)
    uffs_SemCreate                           0x00048891   Thumb Code    62  uffs_rtthread.o(.text)
    uffs_SemWait                             0x000488cf   Thumb Code    16  uffs_rtthread.o(.text)
    uffs_SemSignal                           0x000488df   Thumb Code    12  uffs_rtthread.o(.text)
    uffs_SemDelete                           0x000488eb   Thumb Code    28  uffs_rtthread.o(.text)
    uffs_OSGetTaskId                         0x00048907   Thumb Code     4  uffs_rtthread.o(.text)
    uffs_GetCurDateTime                      0x0004890b   Thumb Code     4  uffs_rtthread.o(.text)
    uffs_MemSetupSystemAllocator             0x0004893d   Thumb Code    10  uffs_rtthread.o(.text)
    uffs_SetupDebugOutput                    0x00048947   Thumb Code     2  uffs_rtthread.o(.text)
    uffs_PoolInit                            0x0004899d   Thumb Code   218  uffs_pool.o(.text)
    uffs_PoolVerify                          0x00048a77   Thumb Code    48  uffs_pool.o(.text)
    uffs_PoolRelease                         0x00048aa7   Thumb Code    42  uffs_pool.o(.text)
    uffs_PoolGet                             0x00048ad1   Thumb Code    40  uffs_pool.o(.text)
    uffs_PoolGetLocked                       0x00048af9   Thumb Code    52  uffs_pool.o(.text)
    uffs_PoolPut                             0x00048b2d   Thumb Code    52  uffs_pool.o(.text)
    uffs_PoolPutLocked                       0x00048b61   Thumb Code    64  uffs_pool.o(.text)
    uffs_PoolGetBufByIndex                   0x00048ba1   Thumb Code    70  uffs_pool.o(.text)
    uffs_PoolGetIndex                        0x00048be7   Thumb Code    98  uffs_pool.o(.text)
    uffs_PoolCheckFreeList                   0x00048c49   Thumb Code    26  uffs_pool.o(.text)
    uffs_PoolFindNextAllocated               0x00048cc1   Thumb Code   480  uffs_pool.o(.text)
    uffs_PoolGetFreeCount                    0x00048ea1   Thumb Code    18  uffs_pool.o(.text)
    uffs_PoolPutAll                          0x00048eb3   Thumb Code    40  uffs_pool.o(.text)
    uffs_DeviceInitLock                      0x00048edb   Thumb Code     2  uffs_device.o(.text)
    uffs_DeviceReleaseLock                   0x00048edd   Thumb Code     2  uffs_device.o(.text)
    uffs_DeviceLock                          0x00048edf   Thumb Code     2  uffs_device.o(.text)
    uffs_DeviceUnLock                        0x00048ee1   Thumb Code     2  uffs_device.o(.text)
    uffs_FdSignatureIncrease                 0x00048ee5   Thumb Code    24  uffs_fd.o(.text)
    uffs_DirEntryBufInit                     0x00048efd   Thumb Code    24  uffs_fd.o(.text)
    uffs_DirEntryBufRelease                  0x00048f15   Thumb Code    10  uffs_fd.o(.text)
    uffs_DirEntryBufPutAll                   0x00048f1f   Thumb Code    66  uffs_fd.o(.text)
    uffs_DirEntryBufGetPool                  0x00048f61   Thumb Code     4  uffs_fd.o(.text)
    uffs_get_error                           0x00048f8d   Thumb Code     6  uffs_fd.o(.text)
    uffs_set_error                           0x00048f93   Thumb Code     6  uffs_fd.o(.text)
    uffs_open                                0x00048f99   Thumb Code    98  uffs_fd.o(.text)
    uffs_close                               0x00048ffb   Thumb Code   170  uffs_fd.o(.text)
    uffs_read                                0x000490a5   Thumb Code   162  uffs_fd.o(.text)
    uffs_write                               0x00049147   Thumb Code   162  uffs_fd.o(.text)
    uffs_seek                                0x000491e9   Thumb Code   162  uffs_fd.o(.text)
    uffs_tell                                0x0004928b   Thumb Code   174  uffs_fd.o(.text)
    uffs_eof                                 0x00049339   Thumb Code   154  uffs_fd.o(.text)
    uffs_flush                               0x000493d3   Thumb Code   164  uffs_fd.o(.text)
    uffs_rename                              0x00049477   Thumb Code    54  uffs_fd.o(.text)
    uffs_stat                                0x00049533   Thumb Code   152  uffs_fd.o(.text)
    uffs_remove                              0x000495cb   Thumb Code    90  uffs_fd.o(.text)
    uffs_ftruncate                           0x00049625   Thumb Code   168  uffs_fd.o(.text)
    uffs_lstat                               0x000496cd   Thumb Code    16  uffs_fd.o(.text)
    uffs_fstat                               0x000496dd   Thumb Code   148  uffs_fd.o(.text)
    uffs_closedir                            0x00049771   Thumb Code    94  uffs_fd.o(.text)
    uffs_opendir                             0x000497cf   Thumb Code   114  uffs_fd.o(.text)
    uffs_readdir                             0x00049841   Thumb Code   140  uffs_fd.o(.text)
    uffs_rewinddir                           0x000498cd   Thumb Code    68  uffs_fd.o(.text)
    uffs_mkdir                               0x00049911   Thumb Code    78  uffs_fd.o(.text)
    uffs_rmdir                               0x0004995f   Thumb Code    90  uffs_fd.o(.text)
    uffs_version                             0x000499b9   Thumb Code     8  uffs_fd.o(.text)
    uffs_format                              0x000499c1   Thumb Code    48  uffs_fd.o(.text)
    uffs_space_total                         0x000499f1   Thumb Code    38  uffs_fd.o(.text)
    uffs_space_used                          0x00049a17   Thumb Code    38  uffs_fd.o(.text)
    uffs_space_free                          0x00049a3d   Thumb Code    38  uffs_fd.o(.text)
    uffs_flush_all                           0x00049a63   Thumb Code    38  uffs_fd.o(.text)
    uffs_InitGlobalFsLock                    0x00049a8d   Thumb Code    10  uffs_utils.o(.text)
    uffs_ReleaseGlobalFsLock                 0x00049a97   Thumb Code    10  uffs_utils.o(.text)
    uffs_GlobalFsLockLock                    0x00049aa1   Thumb Code    12  uffs_utils.o(.text)
    uffs_GlobalFsLockUnlock                  0x00049aad   Thumb Code    12  uffs_utils.o(.text)
    uffs_FormatDevice                        0x00049dcd   Thumb Code   512  uffs_utils.o(.text)
    uffs_DumpDevice                          0x0004a181   Thumb Code    30  uffs_utils.o(.text)
    uffs_EccMake                             0x0004a3c7   Thumb Code    74  uffs_ecc.o(.text)
    uffs_EccCorrect                          0x0004a52b   Thumb Code   114  uffs_ecc.o(.text)
    uffs_EccMake8                            0x0004a59d   Thumb Code   128  uffs_ecc.o(.text)
    uffs_EccCorrect8                         0x0004a61d   Thumb Code   212  uffs_ecc.o(.text)
    uffs_BadBlockInit                        0x0004a701   Thumb Code    10  uffs_badblock.o(.text)
    uffs_BadBlockProcess                     0x0004a70b   Thumb Code    48  uffs_badblock.o(.text)
    uffs_BadBlockProcessSuspend              0x0004a73b   Thumb Code    48  uffs_badblock.o(.text)
    uffs_BadBlockRecover                     0x0004a76b   Thumb Code   584  uffs_badblock.o(.text)
    uffs_BadBlockAdd                         0x0004a9b3   Thumb Code    46  uffs_badblock.o(.text)
    uffs_InitDevice                          0x0004abad   Thumb Code   220  uffs_init.o(.text)
    uffs_ReleaseDevice                       0x0004ac89   Thumb Code   136  uffs_init.o(.text)
    uffs_InitFileSystemObjects               0x0004ad11   Thumb Code    28  uffs_init.o(.text)
    uffs_ReleaseFileSystemObjects            0x0004ad2d   Thumb Code    28  uffs_init.o(.text)
    uffs_setup_storage                       0x0004b07f   Thumb Code    50  uffs_nandif.o(.text)
    uffs_GetObjectPool                       0x0004b0e5   Thumb Code     4  uffs_fs.o(.text)
    uffs_InitObjectBuf                       0x0004b0e9   Thumb Code    22  uffs_fs.o(.text)
    uffs_ReleaseObjectBuf                    0x0004b0ff   Thumb Code    10  uffs_fs.o(.text)
    uffs_GetFreeObjectHandlers               0x0004b109   Thumb Code    24  uffs_fs.o(.text)
    uffs_PutObject                           0x0004b121   Thumb Code    16  uffs_fs.o(.text)
    uffs_PutAllObjectBuf                     0x0004b131   Thumb Code    56  uffs_fs.o(.text)
    uffs_GetObject                           0x0004b169   Thumb Code    30  uffs_fs.o(.text)
    uffs_ReInitObject                        0x0004b187   Thumb Code    40  uffs_fs.o(.text)
    uffs_GetObjectIndex                      0x0004b1af   Thumb Code    14  uffs_fs.o(.text)
    uffs_GetObjectByIndex                    0x0004b1bd   Thumb Code    14  uffs_fs.o(.text)
    uffs_CreateObjectEx                      0x0004bbf5   Thumb Code   556  uffs_fs.o(.text)
    uffs_ParseObject                         0x0004be49   Thumb Code   252  uffs_fs.o(.text)
    uffs_CreateObject                        0x0004bf45   Thumb Code    78  uffs_fs.o(.text)
    uffs_OpenObjectEx                        0x0004bf93   Thumb Code   530  uffs_fs.o(.text)
    uffs_OpenObject                          0x0004c1db   Thumb Code    64  uffs_fs.o(.text)
    uffs_FlushObject                         0x0004c287   Thumb Code    56  uffs_fs.o(.text)
    uffs_CloseObject                         0x0004c2bf   Thumb Code    66  uffs_fs.o(.text)
    uffs_WriteObject                         0x0004c301   Thumb Code   206  uffs_fs.o(.text)
    uffs_ReadObject                          0x0004c3cf   Thumb Code   408  uffs_fs.o(.text)
    uffs_SeekObject                          0x0004c567   Thumb Code   114  uffs_fs.o(.text)
    uffs_GetCurOffset                        0x0004c5d9   Thumb Code    24  uffs_fs.o(.text)
    uffs_EndOfFile                           0x0004c5f1   Thumb Code    44  uffs_fs.o(.text)
    uffs_TruncateObject                      0x0004c61d   Thumb Code    56  uffs_fs.o(.text)
    _CheckObjBufRef                          0x0004c655   Thumb Code   210  uffs_fs.o(.text)
    uffs_DeleteObject                        0x0004c727   Thumb Code   608  uffs_fs.o(.text)
    uffs_MoveObjectEx                        0x0004c987   Thumb Code   244  uffs_fs.o(.text)
    uffs_RenameObject                        0x0004ca7b   Thumb Code   270  uffs_fs.o(.text)
    ulog_strcpy                              0x0004cbf1   Thumb Code    72  ulog.o(.text)
    ulog_ultoa                               0x0004cc39   Thumb Code    68  ulog.o(.text)
    ulog_output_lock_enabled                 0x0004ccdd   Thumb Code     6  ulog.o(.text)
    ulog_head_formater                       0x0004ccf7   Thumb Code   330  ulog.o(.text)
    ulog_tail_formater                       0x0004ce41   Thumb Code   104  ulog.o(.text)
    ulog_formater                            0x0004cea9   Thumb Code   142  ulog.o(.text)
    ulog_hex_formater                        0x0004cf37   Thumb Code   544  ulog.o(.text)
    ulog_voutput                             0x0004d27f   Thumb Code   218  ulog.o(.text)
    ulog_output                              0x0004d359   Thumb Code    56  ulog.o(.text)
    ulog_raw                                 0x0004d391   Thumb Code    96  ulog.o(.text)
    ulog_hexdump                             0x0004d3f1   Thumb Code    90  ulog.o(.text)
    ulog_backend_register                    0x0004d44b   Thumb Code   282  ulog.o(.text)
    ulog_backend_unregister                  0x0004d565   Thumb Code   102  ulog.o(.text)
    ulog_backend_set_filter                  0x0004d5cb   Thumb Code    40  ulog.o(.text)
    ulog_backend_find                        0x0004d5f3   Thumb Code    94  ulog.o(.text)
    ulog_flush                               0x0004d651   Thumb Code    52  ulog.o(.text)
    ulog_init                                0x0004d685   Thumb Code    54  ulog.o(.text)
    ulog_deinit                              0x0004d6bb   Thumb Code    68  ulog.o(.text)
    ulog_console_backend_output              0x0004d725   Thumb Code    48  console_be.o(.text)
    ulog_console_backend_init                0x0004d755   Thumb Code    28  console_be.o(.text)
    __semihosting$guard                      0x0004d77d   Thumb Code     0  use_no_semi.o(.text)
    __use_no_semihosting_swi                 0x0004d77d   Thumb Code     2  use_no_semi.o(.text)
    __rt_ctype_table                         0x0004d781   Thumb Code    16  rt_ctype_table.o(.text)
    __aeabi_ldivmod                          0x0004d791   Thumb Code     0  llsdiv.o(.text)
    _ll_sdiv                                 0x0004d791   Thumb Code    72  llsdiv.o(.text)
    tolower                                  0x0004d7d9   Thumb Code    26  tolower.o(.text)
    __2sprintf                               0x0004d7f5   Thumb Code    34  noretval__2sprintf.o(.text)
    _printf_pre_padding                      0x0004d81d   Thumb Code    44  _printf_pad.o(.text)
    _printf_post_padding                     0x0004d849   Thumb Code    34  _printf_pad.o(.text)
    _printf_int_dec                          0x0004d86d   Thumb Code   104  _printf_dec.o(.text)
    _printf_int_hex                          0x0004d8e5   Thumb Code    84  _printf_hex_int.o(.text)
    _printf_longlong_hex                     0x0004d8e5   Thumb Code     0  _printf_hex_int.o(.text)
    __printf                                 0x0004d93d   Thumb Code   388  __printf_flags_ss_wp.o(.text)
    atoi                                     0x0004dac5   Thumb Code    26  atoi.o(.text)
    strchr                                   0x0004dadf   Thumb Code    20  strchr.o(.text)
    strstr                                   0x0004daf3   Thumb Code    36  strstr.o(.text)
    memcmp                                   0x0004db17   Thumb Code    88  memcmp.o(.text)
    strcpy                                   0x0004db6f   Thumb Code    72  strcpy.o(.text)
    strrchr                                  0x0004dbb7   Thumb Code    22  strrchr.o(.text)
    strlen                                   0x0004dbcd   Thumb Code    62  strlen.o(.text)
    strncmp                                  0x0004dc0b   Thumb Code   150  strncmp.o(.text)
    strcat                                   0x0004dca1   Thumb Code    24  strcat.o(.text)
    __aeabi_memcpy                           0x0004dcb9   Thumb Code     0  rt_memcpy_v6.o(.text)
    __rt_memcpy                              0x0004dcb9   Thumb Code   138  rt_memcpy_v6.o(.text)
    _memcpy_lastbytes                        0x0004dd1f   Thumb Code     0  rt_memcpy_v6.o(.text)
    __aeabi_memcpy4                          0x0004dd43   Thumb Code     0  rt_memcpy_w.o(.text)
    __aeabi_memcpy8                          0x0004dd43   Thumb Code     0  rt_memcpy_w.o(.text)
    __rt_memcpy_w                            0x0004dd43   Thumb Code   100  rt_memcpy_w.o(.text)
    _memcpy_lastbytes_aligned                0x0004dd8b   Thumb Code     0  rt_memcpy_w.o(.text)
    __aeabi_memset                           0x0004dda7   Thumb Code    16  aeabi_memset.o(.text)
    __aeabi_memclr                           0x0004ddb7   Thumb Code     0  rt_memclr.o(.text)
    __rt_memclr                              0x0004ddb7   Thumb Code    68  rt_memclr.o(.text)
    _memset                                  0x0004ddbb   Thumb Code     0  rt_memclr.o(.text)
    __aeabi_memclr4                          0x0004ddfb   Thumb Code     0  rt_memclr_w.o(.text)
    __aeabi_memclr8                          0x0004ddfb   Thumb Code     0  rt_memclr_w.o(.text)
    __rt_memclr_w                            0x0004ddfb   Thumb Code    78  rt_memclr_w.o(.text)
    _memset_w                                0x0004ddff   Thumb Code     0  rt_memclr_w.o(.text)
    strncpy                                  0x0004de49   Thumb Code    86  strncpy.o(.text)
    strcmp                                   0x0004dea1   Thumb Code   128  strcmpv7m.o(.text)
    __use_two_region_memory                  0x0004df21   Thumb Code     2  heapauxi.o(.text)
    __rt_heap_escrow$2region                 0x0004df23   Thumb Code     2  heapauxi.o(.text)
    __rt_heap_expand$2region                 0x0004df25   Thumb Code     2  heapauxi.o(.text)
    __rt_locale                              0x0004df29   Thumb Code     8  rt_locale_intlibspace.o(.text)
    __aeabi_errno_addr                       0x0004df31   Thumb Code     8  rt_errno_addr_intlibspace.o(.text)
    __errno$intlibspace                      0x0004df31   Thumb Code     0  rt_errno_addr_intlibspace.o(.text)
    __rt_errno_addr$intlibspace              0x0004df31   Thumb Code     0  rt_errno_addr_intlibspace.o(.text)
    __aeabi_uldivmod                         0x0004df39   Thumb Code     0  lludivv7m.o(.text)
    _ll_udiv                                 0x0004df39   Thumb Code   238  lludivv7m.o(.text)
    _printf_int_common                       0x0004e027   Thumb Code   178  _printf_intcommon.o(.text)
    _printf_char_common                      0x0004e0e3   Thumb Code    32  _printf_char_common.o(.text)
    _sputc                                   0x0004e109   Thumb Code    10  _sputc.o(.text)
    strtol                                   0x0004e113   Thumb Code   112  strtol.o(.text)
    __user_libspace                          0x0004e185   Thumb Code     8  libspace.o(.text)
    __user_perproc_libspace                  0x0004e185   Thumb Code     0  libspace.o(.text)
    __user_perthread_libspace                0x0004e185   Thumb Code     0  libspace.o(.text)
    _strtoul                                 0x0004e18d   Thumb Code   158  _strtoul.o(.text)
    __user_setup_stackheap                   0x0004e22b   Thumb Code    74  sys_stackheap_outer.o(.text)
    _chval                                   0x0004e275   Thumb Code    28  _chval.o(.text)
    exit                                     0x0004e291   Thumb Code    18  exit.o(.text)
    _is_digit                                0x0004e2a3   Thumb Code    14  __printf_wp.o(i._is_digit)
    _get_lc_ctype                            0x0004e2b1   Thumb Code    44  lc_ctype_c.o(locale$$code)
    _fp_init                                 0x0004e2dd   Thumb Code    10  fpinit.o(x$fpl$fpinit)
    __fplib_config_fpu_vfp                   0x0004e2e5   Thumb Code     0  fpinit.o(x$fpl$fpinit)
    __fplib_config_pureend_doubles           0x0004e2e5   Thumb Code     0  fpinit.o(x$fpl$fpinit)
    __stdin_name                             0x0004e3ed   Data           6  syscalls.o(.constdata)
    __stdout_name                            0x0004e3f3   Data           7  syscalls.o(.constdata)
    __stderr_name                            0x0004e3fa   Data           7  syscalls.o(.constdata)
    __lowest_bit_bitmap                      0x0004f130   Data         256  kservice.o(.constdata)
    m_ram_start                              0x0004f6d0   Data           4  nrf_sdh_ble_rtt.o(.constdata)
    nand_ops                                 0x0004fbac   Data          36  uffs_nandif.o(.constdata)
    __fsym_cmb_test_name                     0x00051bb4   Data           9  cmb_port.o(.rodata.name)
    __fsym_cmb_test_desc                     0x00051bbd   Data          62  cmb_port.o(.rodata.name)
    __fsym_pin_name                          0x00051bfb   Data           4  pin.o(.rodata.name)
    __fsym_pin_desc                          0x00051bff   Data          13  pin.o(.rodata.name)
    __fsym_mtd_nand_name                     0x00051c0c   Data           9  mtd_nand.o(.rodata.name)
    __fsym_mtd_nand_desc                     0x00051c15   Data          30  mtd_nand.o(.rodata.name)
    __fsym_gpio_sample_name                  0x00051c33   Data          12  drv_gpio.o(.rodata.name)
    __fsym_gpio_sample_desc                  0x00051c3f   Data          12  drv_gpio.o(.rodata.name)
    __fsym_list_fd_name                      0x00051c4b   Data           8  dfs.o(.rodata.name)
    __fsym_list_fd_desc                      0x00051c53   Data          21  dfs.o(.rodata.name)
    __fsym_help_name                         0x00051c68   Data           5  msh.o(.rodata.name)
    __fsym_help_desc                         0x00051c6d   Data          22  msh.o(.rodata.name)
    __fsym_ps_name                           0x00051c83   Data           3  msh.o(.rodata.name)
    __fsym_ps_desc                           0x00051c86   Data          28  msh.o(.rodata.name)
    __fsym_free_name                         0x00051ca2   Data           5  msh.o(.rodata.name)
    __fsym_free_desc                         0x00051ca7   Data          37  msh.o(.rodata.name)
    __fsym_clear_name                        0x00051ccc   Data           6  cmd.o(.rodata.name)
    __fsym_clear_desc                        0x00051cd2   Data          26  cmd.o(.rodata.name)
    __fsym_version_name                      0x00051cec   Data           8  cmd.o(.rodata.name)
    __fsym_version_desc                      0x00051cf4   Data          35  cmd.o(.rodata.name)
    __fsym_list_name                         0x00051d17   Data           5  cmd.o(.rodata.name)
    __fsym_list_desc                         0x00051d1c   Data          13  cmd.o(.rodata.name)
    __fsym_ls_name                           0x00051d29   Data           3  msh_file.o(.rodata.name)
    __fsym_ls_desc                           0x00051d2c   Data          34  msh_file.o(.rodata.name)
    __fsym_cp_name                           0x00051d4e   Data           3  msh_file.o(.rodata.name)
    __fsym_cp_desc                           0x00051d51   Data          21  msh_file.o(.rodata.name)
    __fsym_mv_name                           0x00051d66   Data           3  msh_file.o(.rodata.name)
    __fsym_mv_desc                           0x00051d69   Data          23  msh_file.o(.rodata.name)
    __fsym_cat_name                          0x00051d80   Data           4  msh_file.o(.rodata.name)
    __fsym_cat_desc                          0x00051d84   Data          20  msh_file.o(.rodata.name)
    __fsym_rm_name                           0x00051d98   Data           3  msh_file.o(.rodata.name)
    __fsym_rm_desc                           0x00051d9b   Data          28  msh_file.o(.rodata.name)
    __fsym_cd_name                           0x00051db7   Data           3  msh_file.o(.rodata.name)
    __fsym_cd_desc                           0x00051dba   Data          36  msh_file.o(.rodata.name)
    __fsym_pwd_name                          0x00051dde   Data           4  msh_file.o(.rodata.name)
    __fsym_pwd_desc                          0x00051de2   Data          49  msh_file.o(.rodata.name)
    __fsym_mkdir_name                        0x00051e13   Data           6  msh_file.o(.rodata.name)
    __fsym_mkdir_desc                        0x00051e19   Data          22  msh_file.o(.rodata.name)
    __fsym_mkfs_name                         0x00051e2f   Data           5  msh_file.o(.rodata.name)
    __fsym_mkfs_desc                         0x00051e34   Data          29  msh_file.o(.rodata.name)
    __fsym_mount_name                        0x00051e51   Data           6  msh_file.o(.rodata.name)
    __fsym_mount_desc                        0x00051e57   Data          37  msh_file.o(.rodata.name)
    __fsym_umount_name                       0x00051e7c   Data           7  msh_file.o(.rodata.name)
    __fsym_umount_desc                       0x00051e83   Data          23  msh_file.o(.rodata.name)
    __fsym_df_name                           0x00051e9a   Data           3  msh_file.o(.rodata.name)
    __fsym_df_desc                           0x00051e9d   Data          10  msh_file.o(.rodata.name)
    __fsym_echo_name                         0x00051ea7   Data           5  msh_file.o(.rodata.name)
    __fsym_echo_desc                         0x00051eac   Data          20  msh_file.o(.rodata.name)
    __fsym_tail_name                         0x00051ec0   Data           5  msh_file.o(.rodata.name)
    __fsym_tail_desc                         0x00051ec5   Data          48  msh_file.o(.rodata.name)
    __fsym_ble_app_uart_name                 0x00051ef5   Data          13  ble_app_uart.o(.rodata.name)
    __fsym_ble_app_uart_desc                 0x00051f02   Data          13  ble_app_uart.o(.rodata.name)
    __rt_init_rti_start                      0x00051f10   Data           4  components.o(.rti_fn.0)
    __rt_init_rti_board_start                0x00051f14   Data           4  components.o(.rti_fn.0.end)
    __rt_init_rt_hw_pin_init                 0x00051f18   Data           4  drv_gpio.o(.rti_fn.1)
    __rt_init_rt_hw_spi_init                 0x00051f1c   Data           4  drv_spi.o(.rti_fn.1)
    __rt_init_rt_hw_spim_init                0x00051f20   Data           4  drv_spim.o(.rti_fn.1)
    __rt_init_ulog_init                      0x00051f24   Data           4  ulog.o(.rti_fn.1)
    __rt_init_rti_board_end                  0x00051f28   Data           4  components.o(.rti_fn.1.end)
    __rt_init_dfs_init                       0x00051f2c   Data           4  dfs.o(.rti_fn.2)
    __rt_init_ulog_console_backend_init      0x00051f30   Data           4  console_be.o(.rti_fn.2)
    __rt_init_rt_cm_backtrace_init           0x00051f34   Data           4  cmb_port.o(.rti_fn.3)
    __rt_init_dfs_uffs_init                  0x00051f38   Data           4  dfs_uffs.o(.rti_fn.4)
    __rt_init_finsh_system_init              0x00051f3c   Data           4  shell.o(.rti_fn.6)
    __rt_init_rti_end                        0x00051f40   Data           4  components.o(.rti_fn.6.end)
    FSymTab$$Base                            0x00051f44   Number         0  cmb_port.o(FSymTab)
    __fsym_cmb_test                          0x00051f44   Data          16  cmb_port.o(FSymTab)
    __fsym_pin                               0x00051f54   Data          16  pin.o(FSymTab)
    __fsym_mtd_nand                          0x00051f64   Data          16  mtd_nand.o(FSymTab)
    __fsym_gpio_sample                       0x00051f74   Data          16  drv_gpio.o(FSymTab)
    __fsym_list_fd                           0x00051f84   Data          16  dfs.o(FSymTab)
    __fsym_help                              0x00051f94   Data          16  msh.o(FSymTab)
    __fsym_ps                                0x00051fa4   Data          16  msh.o(FSymTab)
    __fsym_free                              0x00051fb4   Data          16  msh.o(FSymTab)
    __fsym_clear                             0x00051fc4   Data          16  cmd.o(FSymTab)
    __fsym_version                           0x00051fd4   Data          16  cmd.o(FSymTab)
    __fsym_list                              0x00051fe4   Data          16  cmd.o(FSymTab)
    __fsym_ls                                0x00051ff4   Data          16  msh_file.o(FSymTab)
    __fsym_cp                                0x00052004   Data          16  msh_file.o(FSymTab)
    __fsym_mv                                0x00052014   Data          16  msh_file.o(FSymTab)
    __fsym_cat                               0x00052024   Data          16  msh_file.o(FSymTab)
    __fsym_rm                                0x00052034   Data          16  msh_file.o(FSymTab)
    __fsym_cd                                0x00052044   Data          16  msh_file.o(FSymTab)
    __fsym_pwd                               0x00052054   Data          16  msh_file.o(FSymTab)
    __fsym_mkdir                             0x00052064   Data          16  msh_file.o(FSymTab)
    __fsym_mkfs                              0x00052074   Data          16  msh_file.o(FSymTab)
    __fsym_mount                             0x00052084   Data          16  msh_file.o(FSymTab)
    __fsym_umount                            0x00052094   Data          16  msh_file.o(FSymTab)
    __fsym_df                                0x000520a4   Data          16  msh_file.o(FSymTab)
    __fsym_echo                              0x000520b4   Data          16  msh_file.o(FSymTab)
    __fsym_tail                              0x000520c4   Data          16  msh_file.o(FSymTab)
    __fsym_ble_app_uart                      0x000520d4   Data          16  ble_app_uart.o(FSymTab)
    FSymTab$$Limit                           0x000520e4   Number         0  ble_app_uart.o(FSymTab)
    Region$$Table$$Base                      0x000520e4   Number         0  anon$$obj.o(Region$$Table)
    Region$$Table$$Limit                     0x00052104   Number         0  anon$$obj.o(Region$$Table)
    __ctype                                  0x00052111   Data           0  lc_ctype_c.o(locale$$data)
    sdh_ble_observers0$$Base                 0x00052214   Number         0  ble_conn_state.o(sdh_ble_observers0)
    sdh_ble_observers0$$Limit                0x0005221c   Number         0  ble_conn_state.o(sdh_ble_observers0)
    sdh_ble_observers1$$Base                 0x0005221c   Number         0  ble_conn_params_rtt.o(sdh_ble_observers1)
    sdh_ble_observers1$$Limit                0x00052234   Number         0  ble_app_uart.o(sdh_ble_observers1)
    sdh_ble_observers2$$Base                 0x00052234   Number         0  ble_app_uart.o(sdh_ble_observers2)
    sdh_ble_observers2$$Limit                0x00052244   Number         0  ble_app_uart.o(sdh_ble_observers2)
    sdh_ble_observers3$$Base                 0x00052244   Number         0  ble_app_uart.o(sdh_ble_observers3)
    sdh_ble_observers3$$Limit                0x0005224c   Number         0  ble_app_uart.o(sdh_ble_observers3)
    sdh_stack_observers0$$Base               0x00052254   Number         0  nrf_sdh_ble_rtt.o(sdh_stack_observers0)
    sdh_stack_observers0$$Limit              0x0005225c   Number         0  nrf_sdh_ble_rtt.o(sdh_stack_observers0)
    sdh_state_observers0$$Base               0x0005225c   Number         0  nrf_drv_clock.o(sdh_state_observers0)
    Image$$ER_IROM1$$Limit                   0x00052264   Number         0  anon$$obj.o ABSOLUTE
    sdh_state_observers0$$Limit              0x00052264   Number         0  nrf_drv_clock.o(sdh_state_observers0)
    Image$$RW_IRAM1$$Base                    0x20002ae8   Number         0  anon$$obj.o ABSOLUTE
    rt_interrupt_from_thread                 0x20002b04   Data           4  cpuport.o(.data)
    rt_interrupt_to_thread                   0x20002b08   Data           4  cpuport.o(.data)
    rt_thread_switch_interrupt_flag          0x20002b0c   Data           4  cpuport.o(.data)
    spi_handler                              0x20002bc8   Data          12  drv_spi.o(.data)
    spim_handler                             0x20002be4   Data           4  drv_spim.o(.data)
    m_uart0_cfg                              0x20002be8   Data          28  drv_uart.o(.data)
    working_directory                        0x20002c18   Data         256  dfs.o(.data)
    _syscall_table_begin                     0x20002d24   Data           4  shell.o(.data)
    _syscall_table_end                       0x20002d28   Data           4  shell.o(.data)
    shell                                    0x20002d2c   Data           4  shell.o(.data)
    rt_interrupt_nest                        0x20002dc4   Data           1  irq.o(.data)
    rt_assert_hook                           0x20002e54   Data           4  kservice.o(.data)
    rt_object_trytake_hook                   0x20002f00   Data           4  object.o(.data)
    rt_object_take_hook                      0x20002f04   Data           4  object.o(.data)
    rt_object_put_hook                       0x20002f08   Data           4  object.o(.data)
    rt_thread_ready_priority_group           0x20002f0c   Data           4  scheduler_up.o(.data)
    rt_current_thread                        0x20002f14   Data           4  scheduler_up.o(.data)
    rt_current_priority                      0x20002f18   Data           1  scheduler_up.o(.data)
    SystemCoreClock                          0x20002f58   Data           4  system_nrf52840.o(.data)
    filesystem_operation_table               0x20003388   Data          16  dfs.o(.bss)
    filesystem_table                         0x20003398   Data          64  dfs.o(.bss)
    rt_thread_priority_table                 0x200037fc   Data         256  scheduler_up.o(.bss)
    nrf_nvic_state                           0x20003c68   Data          12  app_util_platform.o(.bss)
    __libspace_start                         0x200076cc   Data          96  libspace.o(.bss)
    __temporary_stack_top$libspace           0x2000772c   Data           0  libspace.o(.bss)
    STACK$$Base                              0x2000b730   Number         0  arm_startup_nrf52840.o(STACK)
    Image$$RW_IRAM1$$ZI$$Limit               0x2000f730   Number         0  anon$$obj.o ABSOLUTE
    STACK$$Limit                             0x2000f730   Number         0  arm_startup_nrf52840.o(STACK)



==============================================================================

Memory Map of the image

  Image Entry point : 0x00027201

  Load Region LR_IROM1 (Base: 0x00027000, Size: 0x0002b770, Max: 0x000d9000, ABSOLUTE, COMPRESSED[0x0002b3cc])

    Execution Region ER_IROM1 (Exec base: 0x00027000, Load base: 0x00027000, Size: 0x0002b264, Max: 0x000d9000, ABSOLUTE)

    Exec Addr    Load Addr    Size         Type   Attr      Idx    E Section Name        Object

    0x00027000   0x00027000   0x00000200   Data   RO         2237    RESET               arm_startup_nrf52840.o
    0x00027200   0x00027200   0x00000008   Code   RO         4029  * !!!main             c_w.l(__main.o)
    0x00027208   0x00027208   0x00000034   Code   RO         4226    !!!scatter          c_w.l(__scatter.o)
    0x0002723c   0x0002723c   0x0000005a   Code   RO         4224    !!dczerorl2         c_w.l(__dczerorl2.o)
    0x00027296   0x00027296   0x00000002   PAD
    0x00027298   0x00027298   0x0000001c   Code   RO         4228    !!handler_zi        c_w.l(__scatter_zi.o)
    0x000272b4   0x000272b4   0x00000000   Code   RO         3994    .ARM.Collect$$_printf_percent$$00000000  c_w.l(_printf_percent.o)
    0x000272b4   0x000272b4   0x00000006   Code   RO         3993    .ARM.Collect$$_printf_percent$$00000009  c_w.l(_printf_d.o)
    0x000272ba   0x000272ba   0x00000006   Code   RO         3992    .ARM.Collect$$_printf_percent$$0000000C  c_w.l(_printf_x.o)
    0x000272c0   0x000272c0   0x00000004   Code   RO         4056    .ARM.Collect$$_printf_percent$$00000017  c_w.l(_printf_percent_end.o)
    0x000272c4   0x000272c4   0x00000002   Code   RO         4149    .ARM.Collect$$libinit$$00000000  c_w.l(libinit.o)
    0x000272c6   0x000272c6   0x00000004   Code   RO         4089    .ARM.Collect$$libinit$$00000001  c_w.l(libinit2.o)
    0x000272ca   0x000272ca   0x00000000   Code   RO         4092    .ARM.Collect$$libinit$$00000004  c_w.l(libinit2.o)
    0x000272ca   0x000272ca   0x00000000   Code   RO         4095    .ARM.Collect$$libinit$$0000000A  c_w.l(libinit2.o)
    0x000272ca   0x000272ca   0x00000000   Code   RO         4097    .ARM.Collect$$libinit$$0000000C  c_w.l(libinit2.o)
    0x000272ca   0x000272ca   0x00000000   Code   RO         4099    .ARM.Collect$$libinit$$0000000E  c_w.l(libinit2.o)
    0x000272ca   0x000272ca   0x00000006   Code   RO         4100    .ARM.Collect$$libinit$$0000000F  c_w.l(libinit2.o)
    0x000272d0   0x000272d0   0x00000000   Code   RO         4102    .ARM.Collect$$libinit$$00000011  c_w.l(libinit2.o)
    0x000272d0   0x000272d0   0x0000000c   Code   RO         4103    .ARM.Collect$$libinit$$00000012  c_w.l(libinit2.o)
    0x000272dc   0x000272dc   0x00000000   Code   RO         4104    .ARM.Collect$$libinit$$00000013  c_w.l(libinit2.o)
    0x000272dc   0x000272dc   0x00000000   Code   RO         4106    .ARM.Collect$$libinit$$00000015  c_w.l(libinit2.o)
    0x000272dc   0x000272dc   0x00000000   Code   RO         4108    .ARM.Collect$$libinit$$00000017  c_w.l(libinit2.o)
    0x000272dc   0x000272dc   0x00000000   Code   RO         4110    .ARM.Collect$$libinit$$00000019  c_w.l(libinit2.o)
    0x000272dc   0x000272dc   0x00000000   Code   RO         4112    .ARM.Collect$$libinit$$0000001B  c_w.l(libinit2.o)
    0x000272dc   0x000272dc   0x00000000   Code   RO         4114    .ARM.Collect$$libinit$$0000001D  c_w.l(libinit2.o)
    0x000272dc   0x000272dc   0x00000000   Code   RO         4116    .ARM.Collect$$libinit$$0000001F  c_w.l(libinit2.o)
    0x000272dc   0x000272dc   0x00000000   Code   RO         4118    .ARM.Collect$$libinit$$00000021  c_w.l(libinit2.o)
    0x000272dc   0x000272dc   0x00000000   Code   RO         4120    .ARM.Collect$$libinit$$00000023  c_w.l(libinit2.o)
    0x000272dc   0x000272dc   0x00000000   Code   RO         4122    .ARM.Collect$$libinit$$00000025  c_w.l(libinit2.o)
    0x000272dc   0x000272dc   0x00000000   Code   RO         4126    .ARM.Collect$$libinit$$0000002C  c_w.l(libinit2.o)
    0x000272dc   0x000272dc   0x00000000   Code   RO         4128    .ARM.Collect$$libinit$$0000002E  c_w.l(libinit2.o)
    0x000272dc   0x000272dc   0x00000000   Code   RO         4130    .ARM.Collect$$libinit$$00000030  c_w.l(libinit2.o)
    0x000272dc   0x000272dc   0x00000000   Code   RO         4132    .ARM.Collect$$libinit$$00000032  c_w.l(libinit2.o)
    0x000272dc   0x000272dc   0x00000002   Code   RO         4133    .ARM.Collect$$libinit$$00000033  c_w.l(libinit2.o)
    0x000272de   0x000272de   0x00000002   Code   RO         4189    .ARM.Collect$$libshutdown$$00000000  c_w.l(libshutdown.o)
    0x000272e0   0x000272e0   0x00000000   Code   RO         4193    .ARM.Collect$$libshutdown$$00000002  c_w.l(libshutdown2.o)
    0x000272e0   0x000272e0   0x00000000   Code   RO         4195    .ARM.Collect$$libshutdown$$00000004  c_w.l(libshutdown2.o)
    0x000272e0   0x000272e0   0x00000000   Code   RO         4198    .ARM.Collect$$libshutdown$$00000007  c_w.l(libshutdown2.o)
    0x000272e0   0x000272e0   0x00000000   Code   RO         4201    .ARM.Collect$$libshutdown$$0000000A  c_w.l(libshutdown2.o)
    0x000272e0   0x000272e0   0x00000000   Code   RO         4203    .ARM.Collect$$libshutdown$$0000000C  c_w.l(libshutdown2.o)
    0x000272e0   0x000272e0   0x00000000   Code   RO         4206    .ARM.Collect$$libshutdown$$0000000F  c_w.l(libshutdown2.o)
    0x000272e0   0x000272e0   0x00000002   Code   RO         4207    .ARM.Collect$$libshutdown$$00000010  c_w.l(libshutdown2.o)
    0x000272e2   0x000272e2   0x00000000   Code   RO         4037    .ARM.Collect$$rtentry$$00000000  c_w.l(__rtentry.o)
    0x000272e2   0x000272e2   0x00000000   Code   RO         4067    .ARM.Collect$$rtentry$$00000002  c_w.l(__rtentry2.o)
    0x000272e2   0x000272e2   0x00000006   Code   RO         4079    .ARM.Collect$$rtentry$$00000004  c_w.l(__rtentry4.o)
    0x000272e8   0x000272e8   0x00000000   Code   RO         4069    .ARM.Collect$$rtentry$$00000009  c_w.l(__rtentry2.o)
    0x000272e8   0x000272e8   0x00000004   Code   RO         4070    .ARM.Collect$$rtentry$$0000000A  c_w.l(__rtentry2.o)
    0x000272ec   0x000272ec   0x00000000   Code   RO         4072    .ARM.Collect$$rtentry$$0000000C  c_w.l(__rtentry2.o)
    0x000272ec   0x000272ec   0x00000008   Code   RO         4073    .ARM.Collect$$rtentry$$0000000D  c_w.l(__rtentry2.o)
    0x000272f4   0x000272f4   0x00000002   Code   RO         4152    .ARM.Collect$$rtexit$$00000000  c_w.l(rtexit.o)
    0x000272f6   0x000272f6   0x00000000   Code   RO         4163    .ARM.Collect$$rtexit$$00000002  c_w.l(rtexit2.o)
    0x000272f6   0x000272f6   0x00000004   Code   RO         4164    .ARM.Collect$$rtexit$$00000003  c_w.l(rtexit2.o)
    0x000272fa   0x000272fa   0x00000006   Code   RO         4165    .ARM.Collect$$rtexit$$00000004  c_w.l(rtexit2.o)
    0x00027300   0x00027300   0x00000010   Code   RO          445    .emb_text           cm_backtrace.o
    0x00027310   0x00027310   0x00000016   Code   RO          470    .emb_text           cmb_port.o
    0x00027326   0x00027326   0x00000002   PAD
    0x00027328   0x00027328   0x000000e2   Code   RO         3377    .emb_text           nrf_atomic.o
    0x0002740a   0x0002740a   0x00000038   Code   RO          367    .text               application.o
    0x00027442   0x00027442   0x00000002   PAD
    0x00027444   0x00027444   0x00000c18   Code   RO          446    .text               cm_backtrace.o
    0x0002805c   0x0002805c   0x000002a8   Code   RO          471    .text               cmb_port.o
    0x00028304   0x00028304   0x0000025c   Code   RO          505    .text               syscalls.o
    0x00028560   0x00028560   0x00000180   Code   RO          553    .text               cstdlib.o
    0x000286e0   0x000286e0   0x0000013c   Code   RO          656    .text               context_rvds.o
    0x0002881c   0x0002881c   0x000005dc   Code   RO          660    .text               cpuport.o
    0x00028df8   0x00028df8   0x000004f4   Code   RO          675    .text               device.o
    0x000292ec   0x000292ec   0x000002f8   Code   RO          691    .text               completion.o
    0x000295e4   0x000295e4   0x000007b8   Code   RO          707    .text               dataqueue.o
    0x00029d9c   0x00029d9c   0x00000578   Code   RO          764    .text               ringbuffer.o
    0x0002a314   0x0002a314   0x000006e0   Code   RO          809    .text               pin.o
    0x0002a9f4   0x0002a9f4   0x00000764   Code   RO          831    .text               mtd_nand.o
    0x0002b158   0x0002b158   0x00000d4c   Code   RO          849    .text               serial.o
    0x0002bea4   0x0002bea4   0x0000077c   Code   RO          864    .text               spi_core.o
    0x0002c620   0x0002c620   0x000001f4   Code   RO          915    .text               spi_dev.o
    0x0002c814   0x0002c814   0x00000100   Code   RO          931    .text               board.o
    0x0002c914   0x0002c914   0x000005c0   Code   RO          976    .text               drv_gpio.o
    0x0002ced4   0x0002ced4   0x00000634   Code   RO         1019    .text               drv_spi.o
    0x0002d508   0x0002d508   0x000004d0   Code   RO         1133    .text               drv_spim.o
    0x0002d9d8   0x0002d9d8   0x00000300   Code   RO         1179    .text               drv_uart.o
    0x0002dcd8   0x0002dcd8   0x00000378   Code   RO         1214    .text               devfs.o
    0x0002e050   0x0002e050   0x00000670   Code   RO         1241    .text               dfs.o
    0x0002e6c0   0x0002e6c0   0x00000a7c   Code   RO         1361    .text               dfs_file.o
    0x0002f13c   0x0002f13c   0x00000794   Code   RO         1379    .text               dfs_fs.o
    0x0002f8d0   0x0002f8d0   0x00000708   Code   RO         1393    .text               dfs_posix.o
    0x0002ffd8   0x0002ffd8   0x000009c4   Code   RO         1408    .text               shell.o
    0x0003099c   0x0003099c   0x000007e0   Code   RO         1437    .text               msh.o
    0x0003117c   0x0003117c   0x000000c8   Code   RO         1454    .text               msh_parse.o
    0x00031244   0x00031244   0x00000df4   Code   RO         1469    .text               cmd.o
    0x00032038   0x00032038   0x00000d18   Code   RO         1491    .text               msh_file.o
    0x00032d50   0x00032d50   0x000000c4   Code   RO         1508    .text               clock.o
    0x00032e14   0x00032e14   0x000000d4   Code   RO         1522    .text               components.o
    0x00032ee8   0x00032ee8   0x000001b0   Code   RO         1541    .text               idle.o
    0x00033098   0x00033098   0x00001e40   Code   RO         1559    .text               ipc.o
    0x00034ed8   0x00034ed8   0x00000088   Code   RO         1577    .text               irq.o
    0x00034f60   0x00034f60   0x00000e68   Code   RO         1592    .text               kservice.o
    0x00035dc8   0x00035dc8   0x000007ec   Code   RO         1613    .text               mem.o
    0x000365b4   0x000365b4   0x000004a4   Code   RO         1645    .text               object.o
    0x00036a58   0x00036a58   0x000003f0   Code   RO         1664    .text               scheduler_up.o
    0x00036e48   0x00036e48   0x00000a60   Code   RO         1685    .text               thread.o
    0x000378a8   0x000378a8   0x0000088c   Code   RO         1705    .text               timer.o
    0x00038134   0x00038134   0x00000890   Code   RO         1761    .text               nrfx_uart.o
    0x000389c4   0x000389c4   0x000008f0   Code   RO         1884    .text               nrfx_spim.o
    0x000392b4   0x000392b4   0x00002124   Code   RO         1946    .text               nrfx_clock.o
    0x0003b3d8   0x0003b3d8   0x00000040   Code   RO         2238    .text               arm_startup_nrf52840.o
    0x0003b418   0x0003b418   0x0000202c   Code   RO         2347    .text               system_nrf52840.o
    0x0003d444   0x0003d444   0x00000d80   Code   RO         2408    .text               nrfx_gpiote.o
    0x0003e1c4   0x0003e1c4   0x0000042a   Code   RO         2505    .text               nrfx_rtc.o
    0x0003e5ee   0x0003e5ee   0x00000002   PAD
    0x0003e5f0   0x0003e5f0   0x00000548   Code   RO         2555    .text               nrfx_spi.o
    0x0003eb38   0x0003eb38   0x0000005c   Code   RO         2590    .text               app_error_weak.o
    0x0003eb94   0x0003eb94   0x000003b0   Code   RO         2707    .text               nrf_ble_gatt.o
    0x0003ef44   0x0003ef44   0x000003c2   Code   RO         2775    .text               ble_srv_common.o
    0x0003f306   0x0003f306   0x00000002   PAD
    0x0003f308   0x0003f308   0x0000005c   Code   RO         2819    .text               nrf_strerror.o
    0x0003f364   0x0003f364   0x000006e2   Code   RO         2846    .text               ble_advertising.o
    0x0003fa46   0x0003fa46   0x00000002   PAD
    0x0003fa48   0x0003fa48   0x00000140   Code   RO         2882    .text               app_util_platform.o
    0x0003fb88   0x0003fb88   0x0000019c   Code   RO         2935    .text               nrf_atflags.o
    0x0003fd24   0x0003fd24   0x0000006c   Code   RO         2965    .text               ble_link_ctx_manager.o
    0x0003fd90   0x0003fd90   0x000008a0   Code   RO         2995    .text               ble_advdata.o
    0x00040630   0x00040630   0x000003c8   Code   RO         3026    .text               nrf_sdh.o
    0x000409f8   0x000409f8   0x00000070   Code   RO         3079    .text               nrf_section_iter.o
    0x00040a68   0x00040a68   0x00000434   Code   RO         3103    .text               ble_conn_params_rtt.o
    0x00040e9c   0x00040e9c   0x000003a0   Code   RO         3134    .text               nrf_sdh_ble_rtt.o
    0x0004123c   0x0004123c   0x00000186   Code   RO         3172    .text               nrf_ble_qwr.o
    0x000413c2   0x000413c2   0x00000002   PAD
    0x000413c4   0x000413c4   0x000000a4   Code   RO         3199    .text               app_error.o
    0x00041468   0x00041468   0x00000314   Code   RO         3227    .text               ble_nus.o
    0x0004177c   0x0004177c   0x00000690   Code   RO         3259    .text               ble_app_uart.o
    0x00041e0c   0x00041e0c   0x00000428   Code   RO         3301    .text               ble_conn_state.o
    0x00042234   0x00042234   0x000003b4   Code   RO         3328    .text               nrf_drv_clock.o
    0x000425e8   0x000425e8   0x00000180   Code   RO         3378    .text               nrf_atomic.o
    0x00042768   0x00042768   0x00001df4   Code   RO         3405    .text               uffs_buf.o
    0x0004455c   0x0004455c   0x00000898   Code   RO         3466    .text               dfs_uffs.o
    0x00044df4   0x00044df4   0x00000404   Code   RO         3536    .text               uffs_mtb.o
    0x000451f8   0x000451f8   0x00000040   Code   RO         3577    .text               uffs_crc.o
    0x00045238   0x00045238   0x00001358   Code   RO         3597    .text               uffs_tree.o
    0x00046590   0x00046590   0x00001330   Code   RO         3610    .text               uffs_flash.o
    0x000478c0   0x000478c0   0x0000004c   Code   RO         3626    .text               uffs_version.o
    0x0004790c   0x0004790c   0x00000538   Code   RO         3649    .text               uffs_blockinfo.o
    0x00047e44   0x00047e44   0x000006b8   Code   RO         3679    .text               uffs_public.o
    0x000484fc   0x000484fc   0x00000392   Code   RO         3712    .text               uffs_find.o
    0x0004888e   0x0004888e   0x00000002   PAD
    0x00048890   0x00048890   0x0000010c   Code   RO         3734    .text               uffs_rtthread.o
    0x0004899c   0x0004899c   0x0000053e   Code   RO         3747    .text               uffs_pool.o
    0x00048eda   0x00048eda   0x00000008   Code   RO         3759    .text               uffs_device.o
    0x00048ee2   0x00048ee2   0x00000002   PAD
    0x00048ee4   0x00048ee4   0x00000ba8   Code   RO         3774    .text               uffs_fd.o
    0x00049a8c   0x00049a8c   0x0000088c   Code   RO         3798    .text               uffs_utils.o
    0x0004a318   0x0004a318   0x000003e8   Code   RO         3817    .text               uffs_ecc.o
    0x0004a700   0x0004a700   0x000003fc   Code   RO         3834    .text               uffs_badblock.o
    0x0004aafc   0x0004aafc   0x00000454   Code   RO         3846    .text               uffs_init.o
    0x0004af50   0x0004af50   0x00000194   Code   RO         3858    .text               uffs_nandif.o
    0x0004b0e4   0x0004b0e4   0x00001b0c   Code   RO         3876    .text               uffs_fs.o
    0x0004cbf0   0x0004cbf0   0x00000b34   Code   RO         3891    .text               ulog.o
    0x0004d724   0x0004d724   0x00000058   Code   RO         3913    .text               console_be.o
    0x0004d77c   0x0004d77c   0x00000002   Code   RO         3931    .text               c_w.l(use_no_semi.o)
    0x0004d77e   0x0004d77e   0x00000002   PAD
    0x0004d780   0x0004d780   0x00000010   Code   RO         3933    .text               c_w.l(rt_ctype_table.o)
    0x0004d790   0x0004d790   0x00000048   Code   RO         3937    .text               c_w.l(llsdiv.o)
    0x0004d7d8   0x0004d7d8   0x0000001a   Code   RO         3939    .text               c_w.l(tolower.o)
    0x0004d7f2   0x0004d7f2   0x00000002   PAD
    0x0004d7f4   0x0004d7f4   0x00000028   Code   RO         3943    .text               c_w.l(noretval__2sprintf.o)
    0x0004d81c   0x0004d81c   0x0000004e   Code   RO         3947    .text               c_w.l(_printf_pad.o)
    0x0004d86a   0x0004d86a   0x00000002   PAD
    0x0004d86c   0x0004d86c   0x00000078   Code   RO         3949    .text               c_w.l(_printf_dec.o)
    0x0004d8e4   0x0004d8e4   0x00000058   Code   RO         3954    .text               c_w.l(_printf_hex_int.o)
    0x0004d93c   0x0004d93c   0x00000188   Code   RO         3989    .text               c_w.l(__printf_flags_ss_wp.o)
    0x0004dac4   0x0004dac4   0x0000001a   Code   RO         3995    .text               c_w.l(atoi.o)
    0x0004dade   0x0004dade   0x00000014   Code   RO         3997    .text               c_w.l(strchr.o)
    0x0004daf2   0x0004daf2   0x00000024   Code   RO         3999    .text               c_w.l(strstr.o)
    0x0004db16   0x0004db16   0x00000058   Code   RO         4001    .text               c_w.l(memcmp.o)
    0x0004db6e   0x0004db6e   0x00000048   Code   RO         4003    .text               c_w.l(strcpy.o)
    0x0004dbb6   0x0004dbb6   0x00000016   Code   RO         4005    .text               c_w.l(strrchr.o)
    0x0004dbcc   0x0004dbcc   0x0000003e   Code   RO         4007    .text               c_w.l(strlen.o)
    0x0004dc0a   0x0004dc0a   0x00000096   Code   RO         4009    .text               c_w.l(strncmp.o)
    0x0004dca0   0x0004dca0   0x00000018   Code   RO         4011    .text               c_w.l(strcat.o)
    0x0004dcb8   0x0004dcb8   0x0000008a   Code   RO         4013    .text               c_w.l(rt_memcpy_v6.o)
    0x0004dd42   0x0004dd42   0x00000064   Code   RO         4015    .text               c_w.l(rt_memcpy_w.o)
    0x0004dda6   0x0004dda6   0x00000010   Code   RO         4017    .text               c_w.l(aeabi_memset.o)
    0x0004ddb6   0x0004ddb6   0x00000044   Code   RO         4019    .text               c_w.l(rt_memclr.o)
    0x0004ddfa   0x0004ddfa   0x0000004e   Code   RO         4021    .text               c_w.l(rt_memclr_w.o)
    0x0004de48   0x0004de48   0x00000056   Code   RO         4023    .text               c_w.l(strncpy.o)
    0x0004de9e   0x0004de9e   0x00000002   PAD
    0x0004dea0   0x0004dea0   0x00000080   Code   RO         4025    .text               c_w.l(strcmpv7m.o)
    0x0004df20   0x0004df20   0x00000006   Code   RO         4027    .text               c_w.l(heapauxi.o)
    0x0004df26   0x0004df26   0x00000002   PAD
    0x0004df28   0x0004df28   0x00000008   Code   RO         4041    .text               c_w.l(rt_locale_intlibspace.o)
    0x0004df30   0x0004df30   0x00000008   Code   RO         4046    .text               c_w.l(rt_errno_addr_intlibspace.o)
    0x0004df38   0x0004df38   0x000000ee   Code   RO         4048    .text               c_w.l(lludivv7m.o)
    0x0004e026   0x0004e026   0x000000b2   Code   RO         4050    .text               c_w.l(_printf_intcommon.o)
    0x0004e0d8   0x0004e0d8   0x00000030   Code   RO         4052    .text               c_w.l(_printf_char_common.o)
    0x0004e108   0x0004e108   0x0000000a   Code   RO         4054    .text               c_w.l(_sputc.o)
    0x0004e112   0x0004e112   0x00000070   Code   RO         4057    .text               c_w.l(strtol.o)
    0x0004e182   0x0004e182   0x00000002   PAD
    0x0004e184   0x0004e184   0x00000008   Code   RO         4063    .text               c_w.l(libspace.o)
    0x0004e18c   0x0004e18c   0x0000009e   Code   RO         4087    .text               c_w.l(_strtoul.o)
    0x0004e22a   0x0004e22a   0x0000004a   Code   RO         4134    .text               c_w.l(sys_stackheap_outer.o)
    0x0004e274   0x0004e274   0x0000001c   Code   RO         4138    .text               c_w.l(_chval.o)
    0x0004e290   0x0004e290   0x00000012   Code   RO         4140    .text               c_w.l(exit.o)
    0x0004e2a2   0x0004e2a2   0x0000000e   Code   RO         3982    i._is_digit         c_w.l(__printf_wp.o)
    0x0004e2b0   0x0004e2b0   0x0000002c   Code   RO         4060    locale$$code        c_w.l(lc_ctype_c.o)
    0x0004e2dc   0x0004e2dc   0x0000000a   Code   RO         4150    x$fpl$fpinit        fz_wm.l(fpinit.o)
    0x0004e2e6   0x0004e2e6   0x00000002   PAD
    0x0004e2e8   0x0004e2e8   0x000000fc   Data   RO          448    .constdata          cm_backtrace.o
    0x0004e3e4   0x0004e3e4   0x00000009   Data   RO          472    .constdata          cmb_port.o
    0x0004e3ed   0x0004e3ed   0x0000001e   Data   RO          506    .constdata          syscalls.o
    0x0004e40b   0x0004e40b   0x000000ba   Data   RO          676    .constdata          device.o
    0x0004e4c5   0x0004e4c5   0x00000039   Data   RO          692    .constdata          completion.o
    0x0004e4fe   0x0004e4fe   0x00000086   Data   RO          708    .constdata          dataqueue.o
    0x0004e584   0x0004e584   0x000000e9   Data   RO          765    .constdata          ringbuffer.o
    0x0004e66d   0x0004e66d   0x00000088   Data   RO          811    .constdata          pin.o
    0x0004e6f5   0x0004e6f5   0x00000081   Data   RO          832    .constdata          mtd_nand.o
    0x0004e776   0x0004e776   0x0000012a   Data   RO          850    .constdata          serial.o
    0x0004e8a0   0x0004e8a0   0x000000a3   Data   RO          865    .constdata          spi_core.o
    0x0004e943   0x0004e943   0x00000081   Data   RO          916    .constdata          spi_dev.o
    0x0004e9c4   0x0004e9c4   0x00000267   Data   RO          977    .constdata          drv_gpio.o
    0x0004ec2b   0x0004ec2b   0x00000001   PAD
    0x0004ec2c   0x0004ec2c   0x0000005b   Data   RO         1021    .constdata          drv_spi.o
    0x0004ec87   0x0004ec87   0x00000001   PAD
    0x0004ec88   0x0004ec88   0x00000049   Data   RO         1135    .constdata          drv_spim.o
    0x0004ecd1   0x0004ecd1   0x00000003   PAD
    0x0004ecd4   0x0004ecd4   0x00000054   Data   RO         1181    .constdata          drv_uart.o
    0x0004ed28   0x0004ed28   0x000000c5   Data   RO         1215    .constdata          devfs.o
    0x0004eded   0x0004eded   0x00000023   Data   RO         1243    .constdata          dfs.o
    0x0004ee10   0x0004ee10   0x00000040   Data   RO         1380    .constdata          dfs_fs.o
    0x0004ee50   0x0004ee50   0x00000087   Data   RO         1410    .constdata          shell.o
    0x0004eed7   0x0004eed7   0x0000000e   Data   RO         1438    .constdata          msh.o
    0x0004eee5   0x0004eee5   0x00000003   PAD
    0x0004eee8   0x0004eee8   0x0000007c   Data   RO         1470    .constdata          cmd.o
    0x0004ef64   0x0004ef64   0x00000014   Data   RO         1523    .constdata          components.o
    0x0004ef78   0x0004ef78   0x000001b8   Data   RO         1560    .constdata          ipc.o
    0x0004f130   0x0004f130   0x00000160   Data   RO         1594    .constdata          kservice.o
    0x0004f290   0x0004f290   0x00000045   Data   RO         1614    .constdata          mem.o
    0x0004f2d5   0x0004f2d5   0x00000080   Data   RO         1646    .constdata          object.o
    0x0004f355   0x0004f355   0x0000004b   Data   RO         1666    .constdata          scheduler_up.o
    0x0004f3a0   0x0004f3a0   0x000000e1   Data   RO         1686    .constdata          thread.o
    0x0004f481   0x0004f481   0x0000006c   Data   RO         1707    .constdata          timer.o
    0x0004f4ed   0x0004f4ed   0x00000003   PAD
    0x0004f4f0   0x0004f4f0   0x00000008   Data   RO         2410    .constdata          nrfx_gpiote.o
    0x0004f4f8   0x0004f4f8   0x00000016   Data   RO         2708    .constdata          nrf_ble_gatt.o
    0x0004f50e   0x0004f50e   0x00000002   PAD
    0x0004f510   0x0004f510   0x0000013c   Data   RO         2820    .constdata          nrf_strerror.o
    0x0004f64c   0x0004f64c   0x00000058   Data   RO         3027    .constdata          nrf_sdh.o
    0x0004f6a4   0x0004f6a4   0x00000030   Data   RO         3135    .constdata          nrf_sdh_ble_rtt.o
    0x0004f6d4   0x0004f6d4   0x00000010   Data   RO         3228    .constdata          ble_nus.o
    0x0004f6e4   0x0004f6e4   0x0000007d   Data   RO         3468    .constdata          dfs_uffs.o
    0x0004f761   0x0004f761   0x00000001   PAD
    0x0004f762   0x0004f762   0x00000200   Data   RO         3578    .constdata          uffs_crc.o
    0x0004f962   0x0004f962   0x00000002   PAD
    0x0004f964   0x0004f964   0x00000028   Data   RO         3799    .constdata          uffs_utils.o
    0x0004f98c   0x0004f98c   0x00000220   Data   RO         3818    .constdata          uffs_ecc.o
    0x0004fbac   0x0004fbac   0x00000034   Data   RO         3859    .constdata          uffs_nandif.o
    0x0004fbe0   0x0004fbe0   0x00000100   Data   RO         3893    .constdata          ulog.o
    0x0004fce0   0x0004fce0   0x00000028   Data   RO         3955    .constdata          c_w.l(_printf_hex_int.o)
    0x0004fd08   0x0004fd08   0x00000011   Data   RO         3990    .constdata          c_w.l(__printf_flags_ss_wp.o)
    0x0004fd19   0x0004fd19   0x00000003   PAD
    0x0004fd1c   0x0004fd1c   0x000008c3   Data   RO          449    .conststring        cm_backtrace.o
    0x000505df   0x000505df   0x00000001   PAD
    0x000505e0   0x000505e0   0x00000098   Data   RO          812    .conststring        pin.o
    0x00050678   0x00050678   0x000001aa   Data   RO          833    .conststring        mtd_nand.o
    0x00050822   0x00050822   0x00000002   PAD
    0x00050824   0x00050824   0x00000063   Data   RO          851    .conststring        serial.o
    0x00050887   0x00050887   0x00000001   PAD
    0x00050888   0x00050888   0x00000052   Data   RO          932    .conststring        board.o
    0x000508da   0x000508da   0x00000002   PAD
    0x000508dc   0x000508dc   0x00000005   Data   RO         1022    .conststring        drv_spi.o
    0x000508e1   0x000508e1   0x00000003   PAD
    0x000508e4   0x000508e4   0x00000006   Data   RO         1136    .conststring        drv_spim.o
    0x000508ea   0x000508ea   0x00000002   PAD
    0x000508ec   0x000508ec   0x00000006   Data   RO         1216    .conststring        devfs.o
    0x000508f2   0x000508f2   0x00000002   PAD
    0x000508f4   0x000508f4   0x0000000b   Data   RO         1381    .conststring        dfs_fs.o
    0x000508ff   0x000508ff   0x00000001   PAD
    0x00050900   0x00050900   0x000002c8   Data   RO         1471    .conststring        cmd.o
    0x00050bc8   0x00050bc8   0x00000112   Data   RO         1561    .conststring        ipc.o
    0x00050cda   0x00050cda   0x00000002   PAD
    0x00050cdc   0x00050cdc   0x000001c0   Data   RO         1595    .conststring        kservice.o
    0x00050e9c   0x00050e9c   0x000001a8   Data   RO         1615    .conststring        mem.o
    0x00051044   0x00051044   0x00000086   Data   RO         1687    .conststring        thread.o
    0x000510ca   0x000510ca   0x00000002   PAD
    0x000510cc   0x000510cc   0x000003eb   Data   RO         2821    .conststring        nrf_strerror.o
    0x000514b7   0x000514b7   0x00000001   PAD
    0x000514b8   0x000514b8   0x00000192   Data   RO         3136    .conststring        nrf_sdh_ble_rtt.o
    0x0005164a   0x0005164a   0x00000002   PAD
    0x0005164c   0x0005164c   0x000002a9   Data   RO         3406    .conststring        uffs_buf.o
    0x000518f5   0x000518f5   0x00000003   PAD
    0x000518f8   0x000518f8   0x00000005   Data   RO         3469    .conststring        dfs_uffs.o
    0x000518fd   0x000518fd   0x00000003   PAD
    0x00051900   0x00051900   0x000000ba   Data   RO         3598    .conststring        uffs_tree.o
    0x000519ba   0x000519ba   0x00000002   PAD
    0x000519bc   0x000519bc   0x0000016c   Data   RO         3611    .conststring        uffs_flash.o
    0x00051b28   0x00051b28   0x00000021   Data   RO         3800    .conststring        uffs_utils.o
    0x00051b49   0x00051b49   0x00000003   PAD
    0x00051b4c   0x00051b4c   0x00000042   Data   RO         3878    .conststring        uffs_fs.o
    0x00051b8e   0x00051b8e   0x00000002   PAD
    0x00051b90   0x00051b90   0x00000024   Data   RO         3894    .conststring        ulog.o
    0x00051bb4   0x00051bb4   0x00000047   Data   RO          474    .rodata.name        cmb_port.o
    0x00051bfb   0x00051bfb   0x00000011   Data   RO          813    .rodata.name        pin.o
    0x00051c0c   0x00051c0c   0x00000027   Data   RO          834    .rodata.name        mtd_nand.o
    0x00051c33   0x00051c33   0x00000018   Data   RO          979    .rodata.name        drv_gpio.o
    0x00051c4b   0x00051c4b   0x0000001d   Data   RO         1245    .rodata.name        dfs.o
    0x00051c68   0x00051c68   0x00000064   Data   RO         1439    .rodata.name        msh.o
    0x00051ccc   0x00051ccc   0x0000005d   Data   RO         1473    .rodata.name        cmd.o
    0x00051d29   0x00051d29   0x000001cc   Data   RO         1492    .rodata.name        msh_file.o
    0x00051ef5   0x00051ef5   0x0000001a   Data   RO         3262    .rodata.name        ble_app_uart.o
    0x00051f0f   0x00051f0f   0x00000001   PAD
    0x00051f10   0x00051f10   0x00000004   Data   RO         1524    .rti_fn.0           components.o
    0x00051f14   0x00051f14   0x00000004   Data   RO         1525    .rti_fn.0.end       components.o
    0x00051f18   0x00051f18   0x00000004   Data   RO          980    .rti_fn.1           drv_gpio.o
    0x00051f1c   0x00051f1c   0x00000004   Data   RO         1024    .rti_fn.1           drv_spi.o
    0x00051f20   0x00051f20   0x00000004   Data   RO         1138    .rti_fn.1           drv_spim.o
    0x00051f24   0x00051f24   0x00000004   Data   RO         3896    .rti_fn.1           ulog.o
    0x00051f28   0x00051f28   0x00000004   Data   RO         1526    .rti_fn.1.end       components.o
    0x00051f2c   0x00051f2c   0x00000004   Data   RO         1246    .rti_fn.2           dfs.o
    0x00051f30   0x00051f30   0x00000004   Data   RO         3915    .rti_fn.2           console_be.o
    0x00051f34   0x00051f34   0x00000004   Data   RO          475    .rti_fn.3           cmb_port.o
    0x00051f38   0x00051f38   0x00000004   Data   RO         3470    .rti_fn.4           dfs_uffs.o
    0x00051f3c   0x00051f3c   0x00000004   Data   RO         1412    .rti_fn.6           shell.o
    0x00051f40   0x00051f40   0x00000004   Data   RO         1527    .rti_fn.6.end       components.o
    0x00051f44   0x00051f44   0x00000010   Data   RO          476    FSymTab             cmb_port.o
    0x00051f54   0x00051f54   0x00000010   Data   RO          814    FSymTab             pin.o
    0x00051f64   0x00051f64   0x00000010   Data   RO          835    FSymTab             mtd_nand.o
    0x00051f74   0x00051f74   0x00000010   Data   RO          981    FSymTab             drv_gpio.o
    0x00051f84   0x00051f84   0x00000010   Data   RO         1247    FSymTab             dfs.o
    0x00051f94   0x00051f94   0x00000030   Data   RO         1440    FSymTab             msh.o
    0x00051fc4   0x00051fc4   0x00000030   Data   RO         1474    FSymTab             cmd.o
    0x00051ff4   0x00051ff4   0x000000e0   Data   RO         1493    FSymTab             msh_file.o
    0x000520d4   0x000520d4   0x00000010   Data   RO         3263    FSymTab             ble_app_uart.o
    0x000520e4   0x000520e4   0x00000020   Data   RO         4222    Region$$Table       anon$$obj.o
    0x00052104   0x00052104   0x00000110   Data   RO         4059    locale$$data        c_w.l(lc_ctype_c.o)
    0x00052214   0x00052214   0x00000008   Data   RO         3303    sdh_ble_observers0  ble_conn_state.o
    0x0005221c   0x0005221c   0x00000008   Data   RO         3106    sdh_ble_observers1  ble_conn_params_rtt.o
    0x00052224   0x00052224   0x00000010   Data   RO         3264    sdh_ble_observers1  ble_app_uart.o
    0x00052234   0x00052234   0x00000010   Data   RO         3265    sdh_ble_observers2  ble_app_uart.o
    0x00052244   0x00052244   0x00000008   Data   RO         3266    sdh_ble_observers3  ble_app_uart.o
    0x0005224c   0x0005224c   0x00000008   Data   RO         3331    sdh_soc_observers0  nrf_drv_clock.o
    0x00052254   0x00052254   0x00000008   Data   RO         3138    sdh_stack_observers0  nrf_sdh_ble_rtt.o
    0x0005225c   0x0005225c   0x00000008   Data   RO         3332    sdh_state_observers0  nrf_drv_clock.o


    Execution Region RW_IRAM1 (Exec base: 0x20002ae8, Load base: 0x00052264, Size: 0x0000cc48, Max: 0x0003d518, ABSOLUTE, COMPRESSED[0x00000168])

    Exec Addr    Load Addr    Size         Type   Attr      Idx    E Section Name        Object

    0x20002ae8   COMPRESSED   0x00000015   Data   RW          450    .data               cm_backtrace.o
    0x20002afd   COMPRESSED   0x00000003   PAD
    0x20002b00   COMPRESSED   0x00000004   Data   RW          473    .data               cmb_port.o
    0x20002b04   COMPRESSED   0x00000010   Data   RW          661    .data               cpuport.o
    0x20002b14   COMPRESSED   0x00000004   Data   RW          852    .data               serial.o
    0x20002b18   COMPRESSED   0x000000a0   Data   RW          978    .data               drv_gpio.o
    0x20002bb8   COMPRESSED   0x0000001c   Data   RW         1023    .data               drv_spi.o
    0x20002bd4   COMPRESSED   0x00000014   Data   RW         1137    .data               drv_spim.o
    0x20002be8   COMPRESSED   0x00000030   Data   RW         1182    .data               drv_uart.o
    0x20002c18   COMPRESSED   0x0000010c   Data   RW         1244    .data               dfs.o
    0x20002d24   COMPRESSED   0x00000010   Data   RW         1411    .data               shell.o
    0x20002d34   COMPRESSED   0x00000078   Data   RW         1472    .data               cmd.o
    0x20002dac   COMPRESSED   0x00000008   Data   RW         1509    .data               clock.o
    0x20002db4   COMPRESSED   0x00000008   Data   RW         1543    .data               idle.o
    0x20002dbc   COMPRESSED   0x00000009   Data   RW         1578    .data               irq.o
    0x20002dc5   COMPRESSED   0x00000003   PAD
    0x20002dc8   COMPRESSED   0x00000090   Data   RW         1596    .data               kservice.o
    0x20002e58   COMPRESSED   0x000000b4   Data   RW         1647    .data               object.o
    0x20002f0c   COMPRESSED   0x00000018   Data   RW         1667    .data               scheduler_up.o
    0x20002f24   COMPRESSED   0x0000000c   Data   RW         1688    .data               thread.o
    0x20002f30   COMPRESSED   0x00000020   Data   RW         1708    .data               timer.o
    0x20002f50   COMPRESSED   0x00000008   Data   RW         1947    .data               nrfx_clock.o
    0x20002f58   COMPRESSED   0x00000004   Data   RW         2348    .data               system_nrf52840.o
    0x20002f5c   COMPRESSED   0x00000007   Data   RW         2506    .data               nrfx_rtc.o
    0x20002f63   COMPRESSED   0x00000001   PAD
    0x20002f64   COMPRESSED   0x00000004   Data   RW         2884    .data               app_util_platform.o
    0x20002f68   COMPRESSED   0x00000003   Data   RW         3028    .data               nrf_sdh.o
    0x20002f6b   COMPRESSED   0x00000001   PAD
    0x20002f6c   COMPRESSED   0x00000008   Data   RW         3105    .data               ble_conn_params_rtt.o
    0x20002f74   COMPRESSED   0x00000001   Data   RW         3137    .data               nrf_sdh_ble_rtt.o
    0x20002f75   COMPRESSED   0x00000003   PAD
    0x20002f78   COMPRESSED   0x00000038   Data   RW         3261    .data               ble_app_uart.o
    0x20002fb0   COMPRESSED   0x0000000c   Data   RW         3537    .data               uffs_mtb.o
    0x20002fbc   COMPRESSED   0x00000004   Data   RW         3735    .data               uffs_rtthread.o
    0x20002fc0   COMPRESSED   0x00000008   Data   RW         3776    .data               uffs_fd.o
    0x20002fc8   COMPRESSED   0x00000004   Data   RW         3801    .data               uffs_utils.o
    0x20002fcc   COMPRESSED   0x00000028   Data   RW         3895    .data               ulog.o
    0x20002ff4        -       0x000001c8   Zero   RW          447    .bss                cm_backtrace.o
    0x200031bc        -       0x00000044   Zero   RW          810    .bss                pin.o
    0x20003200        -       0x00000094   Zero   RW         1020    .bss                drv_spi.o
    0x20003294        -       0x00000098   Zero   RW         1134    .bss                drv_spim.o
    0x2000332c        -       0x0000005c   Zero   RW         1180    .bss                drv_uart.o
    0x20003388        -       0x0000007c   Zero   RW         1242    .bss                dfs.o
    0x20003404        -       0x00000128   Zero   RW         1362    .bss                dfs_file.o
    0x2000352c        -       0x00000081   Zero   RW         1409    .bss                shell.o
    0x200035ad   COMPRESSED   0x00000003   PAD
    0x200035b0        -       0x000001a0   Zero   RW         1542    .bss                idle.o
    0x20003750        -       0x000000ac   Zero   RW         1593    .bss                kservice.o
    0x200037fc        -       0x00000100   Zero   RW         1665    .bss                scheduler_up.o
    0x200038fc   COMPRESSED   0x00000004   PAD
    0x20003900        -       0x00000290   Zero   RW         1706    .bss                timer.o
    0x20003b90        -       0x0000002c   Zero   RW         1762    .bss                nrfx_uart.o
    0x20003bbc        -       0x00000024   Zero   RW         1885    .bss                nrfx_spim.o
    0x20003be0        -       0x00000060   Zero   RW         2409    .bss                nrfx_gpiote.o
    0x20003c40        -       0x00000028   Zero   RW         2556    .bss                nrfx_spi.o
    0x20003c68        -       0x0000000c   Zero   RW         2883    .bss                app_util_platform.o
    0x20003c74        -       0x00000030   Zero   RW         3104    .bss                ble_conn_params_rtt.o
    0x20003ca4        -       0x00000020   Zero   RW         3200    .bss                app_error.o
    0x20003cc4        -       0x00000c74   Zero   RW         3260    .bss                ble_app_uart.o
    0x20004938        -       0x0000007c   Zero   RW         3302    .bss                ble_conn_state.o
    0x200049b4        -       0x00000014   Zero   RW         3329    .bss                nrf_drv_clock.o
    0x200049c8        -       0x00000db0   Zero   RW         3467    .bss                dfs_uffs.o
    0x20005778        -       0x00000010   Zero   RW         3627    .bss                uffs_version.o
    0x20005788        -       0x0000120c   Zero   RW         3775    .bss                uffs_fd.o
    0x20006994        -       0x00000bcc   Zero   RW         3877    .bss                uffs_fs.o
    0x20007560        -       0x00000144   Zero   RW         3892    .bss                ulog.o
    0x200076a4        -       0x00000028   Zero   RW         3914    .bss                console_be.o
    0x200076cc        -       0x00000060   Zero   RW         4064    .bss                c_w.l(libspace.o)
    0x2000772c   COMPRESSED   0x00000004   PAD
    0x20007730        -       0x00004000   Zero   RW         2236    HEAP                arm_startup_nrf52840.o
    0x2000b730        -       0x00004000   Zero   RW         2235    STACK               arm_startup_nrf52840.o


==============================================================================

Image component sizes


      Code (inc. data)   RO Data    RW Data    ZI Data      Debug   Object Name

       164          4          0          0         32       3549   app_error.o
        92         10          0          0          0      43196   app_error_weak.o
       320         24          0          4         12      40957   app_util_platform.o
        56          0          0          0          0        535   application.o
        64         26        512          0      32768        916   arm_startup_nrf52840.o
      2208          0          0          0          0      51816   ble_advdata.o
      1762          6          0          0          0      18259   ble_advertising.o
      1680        286         82         56       3188      10109   ble_app_uart.o
      1076         58          8          8         48       8191   ble_conn_params_rtt.o
      1064         10          8          0        124      10001   ble_conn_state.o
       108          0          0          0          0       4408   ble_link_ctx_manager.o
       788          6         16          0          0       6332   ble_nus.o
       962          6          0          0          0      75948   ble_srv_common.o
       256         78         82          0          0      37008   board.o
       196          8          0          8          0       2240   clock.o
      3112        438       2495         21        456      11366   cm_backtrace.o
         0          0          0          0          0       3188   cmb_flash_log.o
       702        232        100          4          0       4213   cmb_port.o
      3572       1244        977        120          0      11287   cmd.o
       760        270         57          0          0       5055   completion.o
       212         42         36          0          0       2554   components.o
        88         12          4          0         40       1798   console_be.o
       316         28          0          0          0        820   context_rvds.o
      1500        712          0         16          0       4868   cpuport.o
       384         28          0          0          0       2697   cstdlib.o
      1976        320        134          0          0       8560   dataqueue.o
       888        112        203          0          0       8509   devfs.o
      1268        302        186          0          0       4775   device.o
      1648        342         84        268        124      30193   dfs.o
      2684        466          0          0        296       8771   dfs_file.o
      1940        440         75          0          0       5656   dfs_fs.o
      1800         14          0          0          0       9209   dfs_posix.o
      2200        132        134          0       3504      23959   dfs_uffs.o
         0          0          0          0          0      34920   drv_ads.o
      1472         54        659        160          0      18219   drv_gpio.o
         0          0          0          0          0       2944   drv_mtd_nand.o
      1588        432        100         28        148      30024   drv_spi.o
      1232        318         83         20        152      15847   drv_spim.o
       768         98         84         48         92       9738   drv_uart.o
       432         28          0          8        416       5966   idle.o
      7744       1012        714          0          0      28833   ipc.o
       136         14          0          9          0       2252   irq.o
      3688        408        800        144        172      17359   kservice.o
      2028        672        493          0          0       4889   mem.o
      2016        220        162          0          0       8542   msh.o
      3352       1214        684          0          0      10591   msh_file.o
       200          0          0          0          0       2831   msh_parse.o
      1892        548        610          0          0       8536   mtd_nand.o
       412          0          0          0          0       5453   nrf_atflags.o
       610          0          0          0          0       7582   nrf_atomic.o
       944          6         22          0          0      51192   nrf_ble_gatt.o
       390          0          0          0          0       4865   nrf_ble_qwr.o
       948         18         16          0         20      44761   nrf_drv_clock.o
       968         54         88          3          0      43416   nrf_sdh.o
       928        366        458          1          0       6371   nrf_sdh_ble_rtt.o
       112          0          0          0          0       1666   nrf_section_iter.o
        92         10       1319          0          0       2089   nrf_strerror.o
      8484        704          0          8          0      66989   nrfx_clock.o
      3456         72          8          0         96      63514   nrfx_gpiote.o
      1066         34          0          7          0      11562   nrfx_rtc.o
      1352         36          0          0         40      15290   nrfx_spi.o
      2288         84          0          0         36      29401   nrfx_spim.o
      2192         44          0          0         44      54937   nrfx_uart.o
      1188        200        128        180          0      10957   object.o
      1760        590        321          0         68       7024   pin.o
      1400         76        233          0          0       5310   ringbuffer.o
      1008        150         75         24        256       7747   scheduler_up.o
      3404        434        397          4          0       9977   serial.o
      2500        220        139         16        129       9355   shell.o
      1916        194        163          0          0      24308   spi_core.o
       500        144        129          0          0       2851   spi_dev.o
       604        118         30          0          0       5732   syscalls.o
      8236        734          0          4          0      86886   system_nrf52840.o
         0          0          0          0          0      67822   t_ads.o
         0          0          0          0          0       2672   t_w25.o
      2656        562        359         12          0      12639   thread.o
      2188        382        108         32        656       8135   timer.o
      1020        284          0          0          0       2991   uffs_badblock.o
      1336        286          0          0          0      11155   uffs_blockinfo.o
      7668       1812        681          0          0      34530   uffs_buf.o
        64          6        512          0          0       2213   uffs_crc.o
         8          0          0          0          0       1459   uffs_device.o
      1000         16        544          0          0       5794   uffs_ecc.o
      2984         26          0          8       4620      14712   uffs_fd.o
       914          0          0          0          0       6192   uffs_find.o
      4912       1016        364          0          0       9923   uffs_flash.o
      6924        932         66          0       3020      19959   uffs_fs.o
      1108        520          0          0          0       2402   uffs_init.o
      1028        172          0         12          0      12346   uffs_mtb.o
       404         52         52          0          0       3216   uffs_nandif.o
      1342        374          0          0          0       5706   uffs_pool.o
      1720        346          0          0          0      15836   uffs_public.o
       268         84          0          4          0       3036   uffs_rtthread.o
      4952        986        186          0          0      18347   uffs_tree.o
      2188        552         73          4          0       6033   uffs_utils.o
        76         24          0          0         16       2131   uffs_version.o
      2868        330        296         40        324      13758   ulog.o
         0          0          0          0          0       2452   workqueue.o

    ----------------------------------------------------------------------
    156796      23724      16432       1292      50904    1527128   Object Totals
         0          0         32          0          0          0   (incl. Generated)
        16          0         51         11          7          0   (incl. Padding)

    ----------------------------------------------------------------------

      Code (inc. data)   RO Data    RW Data    ZI Data      Debug   Library Member Name

        90          0          0          0          0          0   __dczerorl2.o
         8          0          0          0          0         68   __main.o
       392          4         17          0          0         92   __printf_flags_ss_wp.o
        14          0          0          0          0         68   __printf_wp.o
         0          0          0          0          0          0   __rtentry.o
        12          0          0          0          0          0   __rtentry2.o
         6          0          0          0          0          0   __rtentry4.o
        52          8          0          0          0          0   __scatter.o
        28          0          0          0          0          0   __scatter_zi.o
        28          0          0          0          0         68   _chval.o
        48          6          0          0          0         96   _printf_char_common.o
         6          0          0          0          0          0   _printf_d.o
       120         16          0          0          0         92   _printf_dec.o
        88          4         40          0          0         88   _printf_hex_int.o
       178          0          0          0          0         88   _printf_intcommon.o
        78          0          0          0          0        108   _printf_pad.o
         0          0          0          0          0          0   _printf_percent.o
         4          0          0          0          0          0   _printf_percent_end.o
         6          0          0          0          0          0   _printf_x.o
        10          0          0          0          0         68   _sputc.o
       158          0          0          0          0         92   _strtoul.o
        16          0          0          0          0         68   aeabi_memset.o
        26          0          0          0          0         80   atoi.o
        18          0          0          0          0         80   exit.o
         6          0          0          0          0        152   heapauxi.o
        44         10        272          0          0         76   lc_ctype_c.o
         2          0          0          0          0          0   libinit.o
        24          0          0          0          0          0   libinit2.o
         2          0          0          0          0          0   libshutdown.o
         2          0          0          0          0          0   libshutdown2.o
         8          4          0          0         96         68   libspace.o
        72          0          0          0          0         76   llsdiv.o
       238          0          0          0          0        100   lludivv7m.o
        88          0          0          0          0         76   memcmp.o
        40          6          0          0          0         84   noretval__2sprintf.o
        16          4          0          0          0         76   rt_ctype_table.o
         8          4          0          0          0         68   rt_errno_addr_intlibspace.o
         8          4          0          0          0         68   rt_locale_intlibspace.o
        68          0          0          0          0         68   rt_memclr.o
        78          0          0          0          0         80   rt_memclr_w.o
       138          0          0          0          0         68   rt_memcpy_v6.o
       100          0          0          0          0         80   rt_memcpy_w.o
         2          0          0          0          0          0   rtexit.o
        10          0          0          0          0          0   rtexit2.o
        24          0          0          0          0         68   strcat.o
        20          0          0          0          0         68   strchr.o
       128          0          0          0          0         68   strcmpv7m.o
        72          0          0          0          0         80   strcpy.o
        62          0          0          0          0         76   strlen.o
       150          0          0          0          0         80   strncmp.o
        86          0          0          0          0         76   strncpy.o
        22          0          0          0          0         68   strrchr.o
        36          0          0          0          0         80   strstr.o
       112          0          0          0          0         88   strtol.o
        74          0          0          0          0         80   sys_stackheap_outer.o
        26          0          0          0          0         76   tolower.o
         2          0          0          0          0         68   use_no_semi.o
        10          0          0          0          0        116   fpinit.o

    ----------------------------------------------------------------------
      3180         70        332          0        100       3388   Library Totals
        16          0          3          0          4          0   (incl. Padding)

    ----------------------------------------------------------------------

      Code (inc. data)   RO Data    RW Data    ZI Data      Debug   Library Name

      3154         70        329          0         96       3272   c_w.l
        10          0          0          0          0        116   fz_wm.l

    ----------------------------------------------------------------------
      3180         70        332          0        100       3388   Library Totals

    ----------------------------------------------------------------------

==============================================================================


      Code (inc. data)   RO Data    RW Data    ZI Data      Debug   

    159976      23794      16764       1292      51004    1511092   Grand Totals
    159976      23794      16764        360      51004    1511092   ELF Image Totals (compressed)
    159976      23794      16764        360          0          0   ROM Totals

==============================================================================

    Total RO  Size (Code + RO Data)               176740 ( 172.60kB)
    Total RW  Size (RW Data + ZI Data)             52296 (  51.07kB)
    Total ROM Size (Code + RO Data + RW Data)     177100 ( 172.95kB)

==============================================================================

