<html>
<body>
<pre>
<h1>µVision Build Log</h1>
<h2>Tool Versions:</h2>
IDE-Version: ¦ÌVision V5.16a
Copyright (C) 2015 ARM Ltd and ARM Germany GmbH. All rights reserved.
License Information: xxxx xxxx, xxxx, LIC=R4HV2-9J81M-WK5B8-35W1L-D6AJT-QBQ3P
 
Tool Versions:
Toolchain:       MDK-ARM Professional  Version: 5.16a
Toolchain Path:  C:\ProFiles\Keil_v5\ARM\ARMCC\Bin
C Compiler:      Armcc.exe V5.06 (build 20)
Assembler:       Armasm.exe V5.06 (build 20)
Linker/Locator:  ArmLink.exe V5.06 (build 20)
Library Manager: ArmAr.exe V5.06 (build 20)
Hex Converter:   FromElf.exe V5.06 (build 20)
CPU DLL:         SARMCM3.DLL V5.16a
Dialog DLL:      DCM.DLL V1.13.2.0
Target DLL:      Segger\JL2CM3.dll V2.99.15.2
Dialog DLL:      TCM.DLL V1.14.5.0
 
<h2>Project:</h2>
D:\Research\HL\ProCode\Pr\upload\project\project.uvprojx
Project File Date:  08/02/2025

<h2>Output:</h2>
*** Using Compiler 'V5.06 (build 20)', folder: 'C:\ProFiles\Keil_v5\ARM\ARMCC\Bin'
Build target 'rtthread'
compiling syscall_mem.c...
compiling cstdlib.c...
compiling showmem.c...
compiling div0.c...
compiling ctime.c...
compiling cwchar.c...
compiling cctype.c...
compiling cunistd.c...
compiling cstring.c...
compiling syscalls.c...
assembling context_rvds.S...
compiling cpuport.c...
compiling device.c...
compiling completion.c...
compiling application.c...
compiling dataqueue.c...
compiling pipe.c...
compiling ringbuffer.c...
compiling waitqueue.c...
compiling ringblk_buf.c...
compiling workqueue.c...
compiling pin.c...
compiling serial.c...
compiling spi_core.c...
compiling spi_dev.c...
compiling shell.c...
compiling msh.c...
compiling msh_parse.c...
compiling cmd.c...
compiling clock.c...
compiling components.c...
compiling board.c...
compiling drv_gpio.c...
compiling drv_spi.c...
compiling drv_spim.c...
compiling idle.c...
compiling drv_uart.c...
compiling irq.c...
compiling ipc.c...
compiling kservice.c...
compiling mem.c...
compiling mempool.c...
compiling object.c...
compiling scheduler_up.c...
compiling thread.c...
compiling timer.c...
compiling nrfx_usbd.c...
compiling nrfx_qdec.c...
compiling nrfx_dppi.c...
compiling nrfx_ppi.c...
compiling nrfx_nvmc.c...
packages\nrfx-latest\drivers\src\nrfx_nvmc.c(153): warning:  #177-D: function "is_halfword_aligned" was declared but never referenced
  __STATIC_INLINE bool is_halfword_aligned(uint32_t addr)
packages\nrfx-latest\drivers\src\nrfx_nvmc.c(158): warning:  #177-D: function "is_valid_address" was declared but never referenced
  __STATIC_INLINE bool is_valid_address(uint32_t addr, bool uicr_allowed)
packages\nrfx-latest\drivers\src\nrfx_nvmc.c: 2 warnings, 0 errors
compiling nrfx_uart.c...
compiling nrfx_clock.c...
compiling nrfx_twi_twim.c...
compiling nrfx_qspi.c...
compiling nrfx_saadc.c...
compiling nrfx_power.c...
assembling arm_startup_nrf52840.s...
compiling nrfx_timer.c...
compiling nrfx_usbreg.c...
compiling nrfx_comp.c...
compiling nrfx_wdt.c...
compiling nrfx_rtc.c...
compiling nrfx_spis.c...
compiling nrfx_adc.c...
compiling nrfx_rng.c...
compiling nrfx_systick.c...
compiling nrfx_egu.c...
compiling nrfx_i2s.c...
compiling nrfx_uarte.c...
compiling nrfx_spim.c...
compiling nrfx_twis.c...
compiling nrfx_lpcomp.c...
compiling nrfx_twi.c...
compiling system_nrf52840.c...
compiling nrfx_pdm.c...
compiling nrfx_temp.c...
compiling nrfx_ipc.c...
compiling nrfx_twim.c...
compiling nrfx_gpiote.c...
compiling nrfx_nfct.c...
compiling sensorsim.c...
compiling nrfx_pwm.c...
compiling nrfx_spi.c...
compiling app_error_weak.c...
compiling nrf_ble_gatt.c...
compiling ble_srv_common.c...
compiling nrf_strerror.c...
compiling ble_advertising.c...
compiling app_util_platform.c...
compiling nrf_atflags.c...
compiling ble_link_ctx_manager.c...
compiling ble_advdata.c...
compiling nrf_sdh.c...
compiling nrf_section_iter.c...
compiling ble_conn_params_rtt.c...
compiling app_error.c...
compiling nrf_ble_qwr.c...
compiling nrf_sdh_ble_rtt.c...
compiling ble_nus.c...
compiling ble_app_uart.c...
packages\nrf5x_sdk-v16.1.0\rtt_adapter\ble_app_uart.c(71): warning:  #177-D: variable "m_ble_nus_max_data_len" was declared but never referenced
  static uint16_t   m_ble_nus_max_data_len = BLE_GATT_ATT_MTU_DEFAULT - 3;            /**< Maximum length of data (in bytes) that can be transmitted to the peer by the Nordic UART service module. */
packages\nrf5x_sdk-v16.1.0\rtt_adapter\ble_app_uart.c: 1 warning, 0 errors
compiling console_be.c...
compiling ulog.c...
compiling ble_conn_state.c...
compiling nrf_drv_clock.c...
compiling nrf_atomic.c...
linking...
.\build\rtthread.axf: Warning: L6330W: Undefined symbol sdh_req_observers0$$Base (referred from nrf_sdh.o). Unused section has been removed.
.\build\rtthread.axf: Warning: L6330W: Undefined symbol sdh_req_observers0$$Limit (referred from nrf_sdh.o). Unused section has been removed.
.\build\rtthread.axf: Warning: L6330W: Undefined symbol sdh_req_observers1$$Base (referred from nrf_sdh.o). Unused section has been removed.
.\build\rtthread.axf: Warning: L6330W: Undefined symbol sdh_req_observers1$$Limit (referred from nrf_sdh.o). Unused section has been removed.
.\build\rtthread.axf: Warning: L6330W: Undefined symbol sdh_stack_observers1$$Base (referred from nrf_sdh.o). Unused section has been removed.
.\build\rtthread.axf: Warning: L6330W: Undefined symbol sdh_stack_observers1$$Limit (referred from nrf_sdh.o). Unused section has been removed.
.\build\rtthread.axf: Warning: L6330W: Undefined symbol sdh_state_observers1$$Base (referred from nrf_sdh.o). Unused section has been removed.
.\build\rtthread.axf: Warning: L6330W: Undefined symbol sdh_state_observers1$$Limit (referred from nrf_sdh.o). Unused section has been removed.
Program Size: Code=101134 RO-data=10078 RW-data=1004 ZI-data=39276  
Finished: 0 information, 8 warning and 0 error messages.
After Build - User command #1: fromelf --bin .\build\rtthread.axf --output rtthread.bin
".\build\rtthread.axf" - 0 Error(s), 11 Warning(s).

<h2>Collection of Component include folders:</h2>
  D:\Research\HL\ProCode\Pr\upload\project\RTE
  C:\ProFiles\Keil_v5\ARM\PACK\NordicSemiconductor\nRF_DeviceFamilyPack\8.44.1\Device\Include

<h2>Collection of Component Files used:</h2>
Build Time Elapsed:  00:00:19
</pre>
</body>
</html>
