Component: ARM Compiler 5.06 (build 20) Tool: armlink [4d35a3]

==============================================================================

Section Cross References

    application.o(.text) refers to thread.o(.text) for rt_thread_mdelay
    syscall_mem.o(.text) refers (Special) to hguard.o(.text) for __use_no_heap
    syscall_mem.o(.text) refers to kservice.o(.text) for rt_malloc
    syscalls.o(.text) refers (Special) to use_no_semi.o(.text) for __use_no_semihosting_swi
    syscalls.o(.text) refers to strcmpv7m.o(.text) for strcmp
    syscalls.o(.text) refers to ulog.o(.text) for ulog_output
    syscalls.o(.text) refers to kservice.o(.text) for rt_console_get_device
    syscalls.o(.text) refers to device.o(.text) for rt_device_write
    syscalls.o(.text) refers to cstdlib.o(.text) for __rt_libc_exit
    syscalls.o(.text) refers to syscalls.o(.constdata) for __stdin_name
    syscalls.o(.constdata) refers (Special) to use_no_semi.o(.text) for __use_no_semihosting_swi
    cstdlib.o(.text) refers to thread.o(.text) for rt_thread_self
    cstdlib.o(.text) refers to ulog.o(.text) for ulog_output
    cstdlib.o(.text) refers to kservice.o(.text) for rt_strlen
    cstdlib.o(.text) refers to msh.o(.text) for msh_exec
    cstring.o(.text) refers to kservice.o(.text) for rt_memset
    cstring.o(.text) refers to strchr.o(.text) for strchr
    cstring.o(.text) refers to strrchr.o(.text) for strrchr
    cstring.o(.text) refers to tolower.o(.text) for tolower
    cstring.o(.text) refers to strlen.o(.text) for strlen
    cstring.o(.text) refers to syscall_mem.o(.text) for malloc
    cstring.o(.text) refers to strcpy.o(.text) for strcpy
    ctime.o(.text) refers to ulog.o(.text) for ulog_output
    ctime.o(.text) refers to context_rvds.o(.text) for rt_hw_interrupt_disable
    ctime.o(.text) refers to kservice.o(.text) for rt_set_errno
    ctime.o(.text) refers to ctime.o(.data) for _current_tz_offset_sec
    ctime.o(.text) refers to ctime.o(.constdata) for __spm
    ctime.o(.text) refers to ctime.o(.bss) for tmp
    ctime.o(.text) refers to ctime.o(.conststring) for .conststring
    ctime.o(.text) refers to dflt_clz.o(x$fpl$dfltu) for __aeabi_ui2d
    ctime.o(.text) refers to clock.o(.text) for rt_tick_get
    ctime.o(.data) refers to ctime.o(.conststring) for .conststring
    cunistd.o(.text) refers to kservice.o(.text) for rt_set_errno
    cwchar.o(.text) refers to cwchar.o(.constdata) for combining
    showmem.o(.text) refers to kservice.o(.text) for rt_assert_handler
    showmem.o(.text) refers to showmem.o(.constdata) for __FUNCTION__
    context_rvds.o(.text) refers to cpuport.o(.text) for rt_hw_hard_fault_exception
    context_rvds.o(.text) refers to cpuport.o(.data) for rt_thread_switch_interrupt_flag
    cpuport.o(.text) refers to kservice.o(.text) for rt_kprintf
    cpuport.o(.text) refers to thread.o(.text) for rt_thread_self
    cpuport.o(.text) refers to cmd.o(.text) for list_thread
    cpuport.o(.text) refers to cpuport.o(.data) for rt_exception_hook
    device.o(.text) refers to object.o(.text) for rt_object_find
    device.o(.text) refers to kservice.o(.text) for rt_assert_handler
    device.o(.text) refers to ulog.o(.text) for ulog_output
    device.o(.text) refers to device.o(.constdata) for __FUNCTION__
    completion.o(.text) refers to kservice.o(.text) for rt_assert_handler
    completion.o(.text) refers to context_rvds.o(.text) for rt_hw_interrupt_disable
    completion.o(.text) refers to irq.o(.text) for rt_hw_interrupt_is_disabled
    completion.o(.text) refers to scheduler_up.o(.text) for rt_critical_level
    completion.o(.text) refers to thread.o(.text) for rt_thread_self
    completion.o(.text) refers to timer.o(.text) for rt_timer_control
    completion.o(.text) refers to completion.o(.constdata) for __FUNCTION__
    dataqueue.o(.text) refers to kservice.o(.text) for rt_assert_handler
    dataqueue.o(.text) refers to irq.o(.text) for rt_hw_interrupt_is_disabled
    dataqueue.o(.text) refers to context_rvds.o(.text) for rt_hw_interrupt_disable
    dataqueue.o(.text) refers to scheduler_up.o(.text) for rt_critical_level
    dataqueue.o(.text) refers to thread.o(.text) for rt_thread_self
    dataqueue.o(.text) refers to timer.o(.text) for rt_timer_control
    dataqueue.o(.text) refers to dataqueue.o(.constdata) for __FUNCTION__
    pipe.o(.text) refers to kservice.o(.text) for rt_assert_handler
    pipe.o(.text) refers to ipc.o(.text) for rt_mutex_take
    pipe.o(.text) refers to ringbuffer.o(.text) for rt_ringbuffer_create
    pipe.o(.text) refers to device.o(.text) for rt_device_register
    pipe.o(.text) refers to pipe.o(.constdata) for __FUNCTION__
    ringblk_buf.o(.text) refers to kservice.o(.text) for rt_assert_handler
    ringblk_buf.o(.text) refers to context_rvds.o(.text) for rt_hw_interrupt_disable
    ringblk_buf.o(.text) refers to ringblk_buf.o(.constdata) for __FUNCTION__
    ringbuffer.o(.text) refers to kservice.o(.text) for rt_assert_handler
[...]
    list_msgqueue                            0x0002de0f   Thumb Code   220  cmd.o(.text)
    list_mempool                             0x0002deeb   Thumb Code   234  cmd.o(.text)
    list_timer                               0x0002dfd5   Thumb Code   754  cmd.o(.text)
    list_device                              0x0002e2c7   Thumb Code   184  cmd.o(.text)
    cmd_list                                 0x0002e37f   Thumb Code   126  cmd.o(.text)
    rt_tick_sethook                          0x0002e591   Thumb Code     6  clock.o(.text)
    rt_tick_get                              0x0002e597   Thumb Code     6  clock.o(.text)
    rt_tick_set                              0x0002e59d   Thumb Code    22  clock.o(.text)
    rt_tick_increase                         0x0002e5b3   Thumb Code    90  clock.o(.text)
    rt_tick_from_millisecond                 0x0002e60d   Thumb Code    58  clock.o(.text)
    rt_tick_get_millisecond                  0x0002e647   Thumb Code    14  clock.o(.text)
    rt_components_board_init                 0x0002e66d   Thumb Code    20  components.o(.text)
    rt_components_init                       0x0002e681   Thumb Code    20  components.o(.text)
    main_thread_entry                        0x0002e695   Thumb Code    14  components.o(.text)
    rt_application_init                      0x0002e6a3   Thumb Code    48  components.o(.text)
    rtthread_startup                         0x0002e6d3   Thumb Code    42  components.o(.text)
    main                                     0x0002e6fd   Thumb Code    10  components.o(.text)
    rt_thread_idle_sethook                   0x0002e731   Thumb Code    58  idle.o(.text)
    rt_thread_idle_delhook                   0x0002e76b   Thumb Code    62  idle.o(.text)
    rt_thread_defunct_enqueue                0x0002e7a9   Thumb Code    24  idle.o(.text)
    rt_thread_defunct_dequeue                0x0002e7c1   Thumb Code    56  idle.o(.text)
    rt_thread_idle_init                      0x0002e857   Thumb Code    92  idle.o(.text)
    rt_thread_idle_gethandler                0x0002e8b3   Thumb Code    18  idle.o(.text)
    rt_sem_init                              0x0002e9d3   Thumb Code    88  ipc.o(.text)
    rt_sem_detach                            0x0002ea2b   Thumb Code    78  ipc.o(.text)
    rt_sem_create                            0x0002ea79   Thumb Code   120  ipc.o(.text)
    rt_sem_delete                            0x0002eaf1   Thumb Code   120  ipc.o(.text)
    rt_sem_take                              0x0002eced   Thumb Code    18  ipc.o(.text)
    rt_sem_take_interruptible                0x0002ecff   Thumb Code    18  ipc.o(.text)
    rt_sem_take_killable                     0x0002ed11   Thumb Code    18  ipc.o(.text)
    rt_sem_trytake                           0x0002ed23   Thumb Code    14  ipc.o(.text)
    rt_sem_release                           0x0002ed31   Thumb Code   572  ipc.o(.text)
    rt_sem_control                           0x0002ef6d   Thumb Code    92  ipc.o(.text)
    rt_mutex_init                            0x0002f0c3   Thumb Code    74  ipc.o(.text)
    rt_mutex_detach                          0x0002f10d   Thumb Code    98  ipc.o(.text)
    rt_mutex_drop_thread                     0x0002f16f   Thumb Code   104  ipc.o(.text)
    rt_mutex_setprioceiling                  0x0002f1d7   Thumb Code    86  ipc.o(.text)
    rt_mutex_getprioceiling                  0x0002f22d   Thumb Code    12  ipc.o(.text)
    rt_mutex_create                          0x0002f239   Thumb Code   114  ipc.o(.text)
    rt_mutex_delete                          0x0002f2ab   Thumb Code   144  ipc.o(.text)
    rt_mutex_take                            0x0002f66b   Thumb Code    18  ipc.o(.text)
    rt_mutex_take_interruptible              0x0002f67d   Thumb Code    18  ipc.o(.text)
    rt_mutex_take_killable                   0x0002f68f   Thumb Code    18  ipc.o(.text)
    rt_mutex_trytake                         0x0002f6a1   Thumb Code    14  ipc.o(.text)
    rt_mutex_release                         0x0002f6af   Thumb Code   408  ipc.o(.text)
    rt_mutex_control                         0x0002f847   Thumb Code    52  ipc.o(.text)
    rt_event_init                            0x0002f87b   Thumb Code    66  ipc.o(.text)
    rt_event_detach                          0x0002f8bd   Thumb Code    78  ipc.o(.text)
    rt_event_create                          0x0002f90b   Thumb Code   108  ipc.o(.text)
    rt_event_delete                          0x0002f977   Thumb Code   124  ipc.o(.text)
    rt_event_send                            0x0002f9f3   Thumb Code   268  ipc.o(.text)
    rt_event_recv                            0x0002fdcb   Thumb Code    38  ipc.o(.text)
    rt_event_recv_interruptible              0x0002fdf1   Thumb Code    38  ipc.o(.text)
    rt_event_recv_killable                   0x0002fe17   Thumb Code    38  ipc.o(.text)
    rt_event_control                         0x0002fe3d   Thumb Code    92  ipc.o(.text)
    rt_mb_init                               0x0002fe99   Thumb Code    92  ipc.o(.text)
    rt_mb_detach                             0x0002fef5   Thumb Code    86  ipc.o(.text)
    rt_mb_create                             0x0002ff4b   Thumb Code   144  ipc.o(.text)
    rt_mb_delete                             0x0002ffdb   Thumb Code   136  ipc.o(.text)
    rt_mb_send_wait                          0x00030325   Thumb Code    22  ipc.o(.text)
    rt_mb_send_wait_interruptible            0x0003033b   Thumb Code    22  ipc.o(.text)
    rt_mb_send_wait_killable                 0x00030351   Thumb Code    22  ipc.o(.text)
    rt_mb_send                               0x00030367   Thumb Code    18  ipc.o(.text)
    rt_mb_send_interruptible                 0x00030379   Thumb Code    18  ipc.o(.text)
    rt_mb_send_killable                      0x0003038b   Thumb Code    18  ipc.o(.text)
    rt_mb_urgent                             0x0003039d   Thumb Code   164  ipc.o(.text)
    rt_mb_recv                               0x00030683   Thumb Code    22  ipc.o(.text)
    rt_mb_recv_interruptible                 0x00030699   Thumb Code    22  ipc.o(.text)
    rt_mb_recv_killable                      0x000306af   Thumb Code    22  ipc.o(.text)
    rt_mb_control                            0x000306c5   Thumb Code   104  ipc.o(.text)
    rt_mq_init                               0x0003072d   Thumb Code   156  ipc.o(.text)
    rt_mq_detach                             0x000307c9   Thumb Code    86  ipc.o(.text)
    rt_mq_create                             0x0003081f   Thumb Code   200  ipc.o(.text)
    rt_mq_delete                             0x000308e7   Thumb Code   138  ipc.o(.text)
    rt_mq_send_wait                          0x00030cc9   Thumb Code    34  ipc.o(.text)
    rt_mq_send_wait_interruptible            0x00030ceb   Thumb Code    34  ipc.o(.text)
    rt_mq_send_wait_killable                 0x00030d0d   Thumb Code    34  ipc.o(.text)
    rt_mq_send                               0x00030d2f   Thumb Code    22  ipc.o(.text)
    rt_mq_send_interruptible                 0x00030d45   Thumb Code    22  ipc.o(.text)
    rt_mq_send_killable                      0x00030d5b   Thumb Code    22  ipc.o(.text)
    rt_mq_urgent                             0x00030d71   Thumb Code   248  ipc.o(.text)
    rt_mq_recv                               0x000310fd   Thumb Code    34  ipc.o(.text)
    rt_mq_recv_interruptible                 0x0003111f   Thumb Code    34  ipc.o(.text)
    rt_mq_recv_killable                      0x00031141   Thumb Code    34  ipc.o(.text)
    rt_mq_send_wait_prio                     0x00031163   Thumb Code    36  ipc.o(.text)
    rt_mq_recv_prio                          0x00031187   Thumb Code    36  ipc.o(.text)
    rt_mq_control                            0x000311ab   Thumb Code   128  ipc.o(.text)
    rt_interrupt_enter_sethook               0x00031281   Thumb Code     6  irq.o(.text)
    rt_interrupt_leave_sethook               0x00031287   Thumb Code     6  irq.o(.text)
    rt_interrupt_enter                       0x0003128d   Thumb Code    42  irq.o(.text)
    rt_interrupt_leave                       0x000312b7   Thumb Code    42  irq.o(.text)
    rt_interrupt_get_nest                    0x000312e1   Thumb Code    22  irq.o(.text)
    rt_hw_interrupt_is_disabled              0x000312f7   Thumb Code     4  irq.o(.text)
    rt_hw_us_delay                           0x00031309   Thumb Code    18  kservice.o(.text)
    rt_hw_console_output                     0x0003132b   Thumb Code     2  kservice.o(.text)
    rt_vsnprintf                             0x00031577   Thumb Code   898  kservice.o(.text)
    rt_kprintf                               0x000318f9   Thumb Code    70  kservice.o(.text)
    rt_assert_handler                        0x0003193f   Thumb Code    56  kservice.o(.text)
    rt_hw_cpu_shutdown                       0x00031977   Thumb Code    40  kservice.o(.text)
    rt_hw_cpu_arch                           0x0003199f   Thumb Code     4  kservice.o(.text)
    rt_strerror                              0x000319a3   Thumb Code    42  kservice.o(.text)
    rt_get_errno                             0x000319cd   Thumb Code    34  kservice.o(.text)
    rt_set_errno                             0x000319ef   Thumb Code    38  kservice.o(.text)
    _rt_errno                                0x00031a15   Thumb Code    32  kservice.o(.text)
    rt_memset                                0x00031a35   Thumb Code    96  kservice.o(.text)
    rt_memcpy                                0x00031a95   Thumb Code   128  kservice.o(.text)
    rt_memmove                               0x00031b15   Thumb Code    66  kservice.o(.text)
    rt_memcmp                                0x00031b57   Thumb Code    42  kservice.o(.text)
    rt_strlen                                0x00031b81   Thumb Code    20  kservice.o(.text)
    rt_strstr                                0x00031b95   Thumb Code    62  kservice.o(.text)
    rt_strcasecmp                            0x00031bd3   Thumb Code    52  kservice.o(.text)
    rt_strncpy                               0x00031c07   Thumb Code    52  kservice.o(.text)
    rt_strcpy                                0x00031c3b   Thumb Code    24  kservice.o(.text)
    rt_strncmp                               0x00031c53   Thumb Code    40  kservice.o(.text)
    rt_strcmp                                0x00031c7b   Thumb Code    28  kservice.o(.text)
    rt_strnlen                               0x00031c97   Thumb Code    24  kservice.o(.text)
    rt_malloc                                0x00031ccf   Thumb Code   206  kservice.o(.text)
    rt_strdup                                0x00031d9d   Thumb Code    40  kservice.o(.text)
    rt_show_version                          0x00031dc5   Thumb Code    42  kservice.o(.text)
    rt_snprintf                              0x00031def   Thumb Code    40  kservice.o(.text)
    rt_vsprintf                              0x00031e17   Thumb Code    22  kservice.o(.text)
    rt_sprintf                               0x00031e2d   Thumb Code    36  kservice.o(.text)
    rt_console_get_device                    0x00031e51   Thumb Code     6  kservice.o(.text)
    rt_console_set_device                    0x00031e57   Thumb Code    56  kservice.o(.text)
    rt_kputs                                 0x00031e8f   Thumb Code    48  kservice.o(.text)
    rt_malloc_sethook                        0x00031ebf   Thumb Code     6  kservice.o(.text)
    rt_free_sethook                          0x00031ec5   Thumb Code     6  kservice.o(.text)
    rt_system_heap_init                      0x00031ecb   Thumb Code    66  kservice.o(.text)
    rt_realloc                               0x00031f0d   Thumb Code    40  kservice.o(.text)
    rt_calloc                                0x00031f35   Thumb Code    34  kservice.o(.text)
    rt_free                                  0x00031f57   Thumb Code    48  kservice.o(.text)
    rt_memory_info                           0x00031f87   Thumb Code    64  kservice.o(.text)
    rt_malloc_align                          0x00031fc7   Thumb Code    78  kservice.o(.text)
    rt_free_align                            0x00032015   Thumb Code    24  kservice.o(.text)
    __rt_ffs                                 0x0003202d   Thumb Code    70  kservice.o(.text)
    rt_assert_set_hook                       0x00032073   Thumb Code     6  kservice.o(.text)
    rt_smem_init                             0x000321ff   Thumb Code   172  mem.o(.text)
    rt_smem_detach                           0x000322ab   Thumb Code    68  mem.o(.text)
    rt_smem_alloc                            0x000322ef   Thumb Code   424  mem.o(.text)
    rt_smem_free                             0x00032497   Thumb Code   642  mem.o(.text)
    rt_smem_realloc                          0x00032719   Thumb Code   344  mem.o(.text)
    rt_object_attach_sethook                 0x0003297d   Thumb Code     6  object.o(.text)
    rt_object_detach_sethook                 0x00032983   Thumb Code     6  object.o(.text)
    rt_object_trytake_sethook                0x00032989   Thumb Code     6  object.o(.text)
    rt_object_take_sethook                   0x0003298f   Thumb Code     6  object.o(.text)
    rt_object_put_sethook                    0x00032995   Thumb Code     6  object.o(.text)
    rt_object_get_information                0x0003299b   Thumb Code    36  object.o(.text)
    rt_object_get_length                     0x000329bf   Thumb Code    58  object.o(.text)
    rt_object_get_pointers                   0x000329f9   Thumb Code    86  object.o(.text)
    rt_object_init                           0x00032a4f   Thumb Code   134  object.o(.text)
    rt_object_detach                         0x00032ad5   Thumb Code    62  object.o(.text)
    rt_object_allocate                       0x00032b13   Thumb Code   158  object.o(.text)
    rt_object_delete                         0x00032bb1   Thumb Code    88  object.o(.text)
    rt_object_is_systemobject                0x00032c09   Thumb Code    34  object.o(.text)
    rt_object_get_type                       0x00032c2b   Thumb Code    26  object.o(.text)
    rt_object_find                           0x00032c45   Thumb Code   124  object.o(.text)
    rt_object_get_name                       0x00032cc1   Thumb Code    42  object.o(.text)
    rt_custom_object_create                  0x00032ceb   Thumb Code    38  object.o(.text)
    rt_custom_object_destroy                 0x00032d11   Thumb Code    40  object.o(.text)
    rt_scheduler_sethook                     0x00032e01   Thumb Code     6  scheduler_up.o(.text)
    rt_scheduler_switch_sethook              0x00032e07   Thumb Code     6  scheduler_up.o(.text)
    rt_system_scheduler_init                 0x00032e81   Thumb Code    38  scheduler_up.o(.text)
    rt_schedule_remove_thread                0x00032ea7   Thumb Code    90  scheduler_up.o(.text)
    rt_system_scheduler_start                0x00032f01   Thumb Code    36  scheduler_up.o(.text)
    rt_schedule_insert_thread                0x00032f25   Thumb Code   156  scheduler_up.o(.text)
    rt_schedule                              0x00032fc1   Thumb Code   314  scheduler_up.o(.text)
    rt_enter_critical                        0x000330fb   Thumb Code    28  scheduler_up.o(.text)
    rt_exit_critical                         0x00033117   Thumb Code    60  scheduler_up.o(.text)
    rt_critical_level                        0x00033153   Thumb Code     8  scheduler_up.o(.text)
    rt_thread_suspend_sethook                0x00033203   Thumb Code     6  thread.o(.text)
    rt_thread_resume_sethook                 0x00033209   Thumb Code     6  thread.o(.text)
    rt_thread_inited_sethook                 0x0003320f   Thumb Code     6  thread.o(.text)
    rt_thread_self                           0x00033215   Thumb Code     6  thread.o(.text)
    rt_thread_init                           0x0003335f   Thumb Code    78  thread.o(.text)
    rt_thread_resume                         0x000333ad   Thumb Code   114  thread.o(.text)
    rt_thread_startup                        0x0003341f   Thumb Code    98  thread.o(.text)
    rt_thread_detach                         0x00033481   Thumb Code   158  thread.o(.text)
    rt_thread_create                         0x0003351f   Thumb Code    80  thread.o(.text)
    rt_thread_delete                         0x0003356f   Thumb Code   468  thread.o(.text)
    rt_thread_yield                          0x00033743   Thumb Code    44  thread.o(.text)
    rt_thread_suspend_with_flag              0x000337bf   Thumb Code   170  thread.o(.text)
    rt_thread_sleep                          0x00033869   Thumb Code   296  thread.o(.text)
    rt_thread_delay                          0x00033991   Thumb Code    12  thread.o(.text)
    rt_thread_delay_until                    0x0003399d   Thumb Code   166  thread.o(.text)
    rt_thread_mdelay                         0x00033a43   Thumb Code    20  thread.o(.text)
    rt_thread_control                        0x00033a57   Thumb Code   188  thread.o(.text)
    rt_thread_suspend                        0x00033b13   Thumb Code    14  thread.o(.text)
    rt_thread_find                           0x00033b21   Thumb Code    14  thread.o(.text)
    rt_thread_get_name                       0x00033b2f   Thumb Code    28  thread.o(.text)
    rt_timer_enter_sethook                   0x00033c71   Thumb Code     6  timer.o(.text)
    rt_timer_exit_sethook                    0x00033c77   Thumb Code     6  timer.o(.text)
    rt_timer_init                            0x00033d13   Thumb Code    94  timer.o(.text)
    rt_timer_detach                          0x00033d71   Thumb Code    96  timer.o(.text)
    rt_timer_create                          0x00033dd1   Thumb Code    88  timer.o(.text)
    rt_timer_delete                          0x00033e29   Thumb Code    96  timer.o(.text)
    rt_timer_start                           0x00033e89   Thumb Code   346  timer.o(.text)
    rt_timer_stop                            0x00033fe3   Thumb Code   394  timer.o(.text)
    rt_timer_control                         0x0003416d   Thumb Code   190  timer.o(.text)
    rt_timer_check                           0x0003422b   Thumb Code   196  timer.o(.text)
    rt_timer_next_timeout_tick               0x000342ef   Thumb Code    20  timer.o(.text)
    rt_soft_timer_check                      0x00034303   Thumb Code   214  timer.o(.text)
    rt_system_timer_init                     0x0003441f   Thumb Code    24  timer.o(.text)
    rt_system_timer_thread_init              0x00034437   Thumb Code    58  timer.o(.text)
    nrfx_clock_init                          0x00036313   Thumb Code    32  nrfx_clock.o(.text)
    nrfx_clock_enable                        0x00036333   Thumb Code    16  nrfx_clock.o(.text)
    nrfx_clock_disable                       0x00036343   Thumb Code    82  nrfx_clock.o(.text)
    nrfx_clock_stop                          0x00036395   Thumb Code   174  nrfx_clock.o(.text)
    nrfx_clock_uninit                        0x00036443   Thumb Code    42  nrfx_clock.o(.text)
    nrfx_clock_start                         0x0003646d   Thumb Code    76  nrfx_clock.o(.text)
    nrfx_clock_calibration_start             0x000364b9   Thumb Code     4  nrfx_clock.o(.text)
    nrfx_clock_is_calibrating                0x000364bd   Thumb Code     4  nrfx_clock.o(.text)
    nrfx_clock_calibration_timer_start       0x000364c1   Thumb Code     2  nrfx_clock.o(.text)
    nrfx_clock_calibration_timer_stop        0x000364c3   Thumb Code     2  nrfx_clock.o(.text)
    POWER_CLOCK_IRQHandler                   0x000364c5   Thumb Code    92  nrfx_clock.o(.text)
    nrfx_uart_init                           0x0003681f   Thumb Code   104  nrfx_uart.o(.text)
    nrfx_uart_uninit                         0x00036887   Thumb Code    56  nrfx_uart.o(.text)
    nrfx_uart_tx_in_progress                 0x0003691b   Thumb Code    30  nrfx_uart.o(.text)
    nrfx_uart_tx                             0x00036939   Thumb Code   138  nrfx_uart.o(.text)
    nrfx_uart_rx                             0x00036a39   Thumb Code   292  nrfx_uart.o(.text)
    nrfx_uart_rx_ready                       0x00036b5d   Thumb Code    16  nrfx_uart.o(.text)
    nrfx_uart_rx_enable                      0x00036b6d   Thumb Code    56  nrfx_uart.o(.text)
    nrfx_uart_rx_disable                     0x00036ba5   Thumb Code    36  nrfx_uart.o(.text)
    nrfx_uart_errorsrc_get                   0x00036bc9   Thumb Code    22  nrfx_uart.o(.text)
    nrfx_uart_tx_abort                       0x00036c1b   Thumb Code    48  nrfx_uart.o(.text)
    nrfx_uart_rx_abort                       0x00036c4b   Thumb Code    24  nrfx_uart.o(.text)
    UARTE0_UART0_IRQHandler                  0x00036db1   Thumb Code    12  nrfx_uart.o(.text)
    nrfx_rtc_init                            0x00036e91   Thumb Code   164  nrfx_rtc.o(.text)
    nrfx_rtc_uninit                          0x00036f35   Thumb Code   106  nrfx_rtc.o(.text)
    nrfx_rtc_enable                          0x00036f9f   Thumb Code    26  nrfx_rtc.o(.text)
    nrfx_rtc_disable                         0x00036fb9   Thumb Code    26  nrfx_rtc.o(.text)
    nrfx_rtc_cc_disable                      0x00036fd3   Thumb Code    90  nrfx_rtc.o(.text)
    nrfx_rtc_cc_set                          0x0003702d   Thumb Code   174  nrfx_rtc.o(.text)
    nrfx_rtc_tick_enable                     0x000370db   Thumb Code    44  nrfx_rtc.o(.text)
    nrfx_rtc_tick_disable                    0x00037107   Thumb Code    24  nrfx_rtc.o(.text)
    nrfx_rtc_overflow_enable                 0x0003711f   Thumb Code    44  nrfx_rtc.o(.text)
    nrfx_rtc_overflow_disable                0x0003714b   Thumb Code    24  nrfx_rtc.o(.text)
    nrfx_rtc_max_ticks_get                   0x00037163   Thumb Code    40  nrfx_rtc.o(.text)
    RTC1_IRQHandler                          0x0003723f   Thumb Code    14  nrfx_rtc.o(.text)
    Reset_Handler                            0x000372bd   Thumb Code     8  arm_startup_nrf52840.o(.text)
    NMI_Handler                              0x000372c5   Thumb Code     2  arm_startup_nrf52840.o(.text)
    MemoryManagement_Handler                 0x000372c9   Thumb Code     2  arm_startup_nrf52840.o(.text)
    BusFault_Handler                         0x000372cb   Thumb Code     2  arm_startup_nrf52840.o(.text)
    UsageFault_Handler                       0x000372cd   Thumb Code     2  arm_startup_nrf52840.o(.text)
    SVC_Handler                              0x000372cf   Thumb Code     2  arm_startup_nrf52840.o(.text)
    DebugMon_Handler                         0x000372d1   Thumb Code     2  arm_startup_nrf52840.o(.text)
    CCM_AAR_IRQHandler                       0x000372d7   Thumb Code     0  arm_startup_nrf52840.o(.text)
    COMP_LPCOMP_IRQHandler                   0x000372d7   Thumb Code     0  arm_startup_nrf52840.o(.text)
    CRYPTOCELL_IRQHandler                    0x000372d7   Thumb Code     0  arm_startup_nrf52840.o(.text)
    ECB_IRQHandler                           0x000372d7   Thumb Code     0  arm_startup_nrf52840.o(.text)
    FPU_IRQHandler                           0x000372d7   Thumb Code     0  arm_startup_nrf52840.o(.text)
    I2S_IRQHandler                           0x000372d7   Thumb Code     0  arm_startup_nrf52840.o(.text)
    MWU_IRQHandler                           0x000372d7   Thumb Code     0  arm_startup_nrf52840.o(.text)
    NFCT_IRQHandler                          0x000372d7   Thumb Code     0  arm_startup_nrf52840.o(.text)
    PDM_IRQHandler                           0x000372d7   Thumb Code     0  arm_startup_nrf52840.o(.text)
    PWM0_IRQHandler                          0x000372d7   Thumb Code     0  arm_startup_nrf52840.o(.text)
    PWM1_IRQHandler                          0x000372d7   Thumb Code     0  arm_startup_nrf52840.o(.text)
    PWM2_IRQHandler                          0x000372d7   Thumb Code     0  arm_startup_nrf52840.o(.text)
    PWM3_IRQHandler                          0x000372d7   Thumb Code     0  arm_startup_nrf52840.o(.text)
    QDEC_IRQHandler                          0x000372d7   Thumb Code     0  arm_startup_nrf52840.o(.text)
    QSPI_IRQHandler                          0x000372d7   Thumb Code     0  arm_startup_nrf52840.o(.text)
    RADIO_IRQHandler                         0x000372d7   Thumb Code     0  arm_startup_nrf52840.o(.text)
    RNG_IRQHandler                           0x000372d7   Thumb Code     0  arm_startup_nrf52840.o(.text)
    RTC0_IRQHandler                          0x000372d7   Thumb Code     0  arm_startup_nrf52840.o(.text)
    RTC2_IRQHandler                          0x000372d7   Thumb Code     0  arm_startup_nrf52840.o(.text)
    SAADC_IRQHandler                         0x000372d7   Thumb Code     0  arm_startup_nrf52840.o(.text)
    SPIM1_SPIS1_TWIM1_TWIS1_SPI1_TWI1_IRQHandler 0x000372d7   Thumb Code     0  arm_startup_nrf52840.o(.text)
    SWI0_EGU0_IRQHandler                     0x000372d7   Thumb Code     0  arm_startup_nrf52840.o(.text)
    SWI1_EGU1_IRQHandler                     0x000372d7   Thumb Code     0  arm_startup_nrf52840.o(.text)
    SWI3_EGU3_IRQHandler                     0x000372d7   Thumb Code     0  arm_startup_nrf52840.o(.text)
    SWI4_EGU4_IRQHandler                     0x000372d7   Thumb Code     0  arm_startup_nrf52840.o(.text)
    SWI5_EGU5_IRQHandler                     0x000372d7   Thumb Code     0  arm_startup_nrf52840.o(.text)
    TEMP_IRQHandler                          0x000372d7   Thumb Code     0  arm_startup_nrf52840.o(.text)
    TIMER0_IRQHandler                        0x000372d7   Thumb Code     0  arm_startup_nrf52840.o(.text)
    TIMER1_IRQHandler                        0x000372d7   Thumb Code     0  arm_startup_nrf52840.o(.text)
    TIMER2_IRQHandler                        0x000372d7   Thumb Code     0  arm_startup_nrf52840.o(.text)
    TIMER3_IRQHandler                        0x000372d7   Thumb Code     0  arm_startup_nrf52840.o(.text)
    TIMER4_IRQHandler                        0x000372d7   Thumb Code     0  arm_startup_nrf52840.o(.text)
    UARTE1_IRQHandler                        0x000372d7   Thumb Code     0  arm_startup_nrf52840.o(.text)
    USBD_IRQHandler                          0x000372d7   Thumb Code     0  arm_startup_nrf52840.o(.text)
    WDT_IRQHandler                           0x000372d7   Thumb Code     0  arm_startup_nrf52840.o(.text)
    __user_initial_stackheap                 0x000372d9   Thumb Code    10  arm_startup_nrf52840.o(.text)
    nrfx_spim_init                           0x0003738f   Thumb Code   640  nrfx_spim.o(.text)
    nrfx_spim_uninit                         0x00037623   Thumb Code   258  nrfx_spim.o(.text)
    nrfx_spim_xfer                           0x0003783f   Thumb Code   122  nrfx_spim.o(.text)
    nrfx_spim_xfer_dcx                       0x000378b9   Thumb Code    34  nrfx_spim.o(.text)
    rtt_nrfx_spim_xfer                       0x00037a37   Thumb Code   140  nrfx_spim.o(.text)
    nrfx_spim_abort                          0x00037ac3   Thumb Code    26  nrfx_spim.o(.text)
    nrfx_spim_start_task_get                 0x00037add   Thumb Code    16  nrfx_spim.o(.text)
    nrfx_spim_end_event_get                  0x00037aed   Thumb Code    18  nrfx_spim.o(.text)
    SPIM2_SPIS2_SPI2_IRQHandler              0x00037b23   Thumb Code    20  nrfx_spim.o(.text)
    SPIM3_IRQHandler                         0x00037b37   Thumb Code    22  nrfx_spim.o(.text)
    nvmc_wait                                0x00039a3f   Thumb Code    12  system_nrf52840.o(.text)
    nvmc_config                              0x00039a4b   Thumb Code    14  system_nrf52840.o(.text)
    SystemCoreClockUpdate                    0x00039a59   Thumb Code     8  system_nrf52840.o(.text)
    SystemInit                               0x00039a61   Thumb Code   552  system_nrf52840.o(.text)
    nrfx_gpiote_channel_alloc                0x00039f1f   Thumb Code    74  nrfx_gpiote.o(.text)
    nrfx_gpiote_channel_free                 0x00039fcd   Thumb Code    30  nrfx_gpiote.o(.text)
    nrfx_gpiote_init                         0x0003a013   Thumb Code   246  nrfx_gpiote.o(.text)
    nrfx_gpiote_is_init                      0x0003a109   Thumb Code    16  nrfx_gpiote.o(.text)
    nrfx_gpiote_in_event_disable             0x0003a119   Thumb Code    80  nrfx_gpiote.o(.text)
    nrfx_gpiote_in_uninit                    0x0003a169   Thumb Code    84  nrfx_gpiote.o(.text)
    nrfx_gpiote_out_uninit                   0x0003a1bd   Thumb Code    70  nrfx_gpiote.o(.text)
    nrfx_gpiote_uninit                       0x0003a203   Thumb Code    60  nrfx_gpiote.o(.text)
    nrfx_gpiote_out_init                     0x0003a33b   Thumb Code    24  nrfx_gpiote.o(.text)
    nrfx_gpiote_out_prealloc_init            0x0003a353   Thumb Code    30  nrfx_gpiote.o(.text)
    nrfx_gpiote_out_set                      0x0003a371   Thumb Code    12  nrfx_gpiote.o(.text)
    nrfx_gpiote_out_clear                    0x0003a37d   Thumb Code    12  nrfx_gpiote.o(.text)
    nrfx_gpiote_out_toggle                   0x0003a389   Thumb Code    46  nrfx_gpiote.o(.text)
    nrfx_gpiote_out_task_enable              0x0003a3b7   Thumb Code    36  nrfx_gpiote.o(.text)
    nrfx_gpiote_out_task_disable             0x0003a3db   Thumb Code    36  nrfx_gpiote.o(.text)
    nrfx_gpiote_out_task_get                 0x0003a3ff   Thumb Code    20  nrfx_gpiote.o(.text)
    nrfx_gpiote_out_task_addr_get            0x0003a413   Thumb Code    22  nrfx_gpiote.o(.text)
    nrfx_gpiote_set_task_get                 0x0003a429   Thumb Code    20  nrfx_gpiote.o(.text)
    nrfx_gpiote_set_task_addr_get            0x0003a43d   Thumb Code    22  nrfx_gpiote.o(.text)
    nrfx_gpiote_clr_task_get                 0x0003a453   Thumb Code    20  nrfx_gpiote.o(.text)
    nrfx_gpiote_clr_task_addr_get            0x0003a467   Thumb Code    22  nrfx_gpiote.o(.text)
    nrfx_gpiote_out_task_force               0x0003a47d   Thumb Code    48  nrfx_gpiote.o(.text)
    nrfx_gpiote_out_task_trigger             0x0003a4ad   Thumb Code    52  nrfx_gpiote.o(.text)
    nrfx_gpiote_set_task_trigger             0x0003a4e1   Thumb Code    30  nrfx_gpiote.o(.text)
    nrfx_gpiote_clr_task_trigger             0x0003a4ff   Thumb Code    30  nrfx_gpiote.o(.text)
    nrfx_gpiote_in_init                      0x0003a643   Thumb Code    30  nrfx_gpiote.o(.text)
    nrfx_gpiote_in_prealloc_init             0x0003a661   Thumb Code    34  nrfx_gpiote.o(.text)
    nrfx_gpiote_in_event_enable              0x0003a683   Thumb Code   172  nrfx_gpiote.o(.text)
    nrfx_gpiote_in_is_set                    0x0003a72f   Thumb Code    20  nrfx_gpiote.o(.text)
    nrfx_gpiote_in_event_get                 0x0003a743   Thumb Code    34  nrfx_gpiote.o(.text)
    nrfx_gpiote_in_event_addr_get            0x0003a765   Thumb Code    22  nrfx_gpiote.o(.text)
    GPIOTE_IRQHandler                        0x0003a85f   Thumb Code   218  nrfx_gpiote.o(.text)
    nrfx_spi_init                            0x0003aa61   Thumb Code   430  nrfx_spi.o(.text)
    nrfx_spi_uninit                          0x0003ac0f   Thumb Code   180  nrfx_spi.o(.text)
    nrfx_spi_xfer                            0x0003adf5   Thumb Code   138  nrfx_spi.o(.text)
    nrfx_spi_abort                           0x0003ae7f   Thumb Code    20  nrfx_spi.o(.text)
    SPIM0_SPIS0_TWIM0_TWIS0_SPI0_TWI0_IRQHandler 0x0003aeb5   Thumb Code    12  nrfx_spi.o(.text)
    app_error_fault_handler                  0x0003af51   Thumb Code    82  app_error_weak.o(.text)
    nrf_ble_gatt_init                        0x0003b1b1   Thumb Code    52  nrf_ble_gatt.o(.text)
    nrf_ble_gatt_att_mtu_periph_set          0x0003b1e5   Thumb Code    30  nrf_ble_gatt.o(.text)
    nrf_ble_gatt_att_mtu_central_set         0x0003b203   Thumb Code    30  nrf_ble_gatt.o(.text)
    nrf_ble_gatt_eff_mtu_get                 0x0003b221   Thumb Code    22  nrf_ble_gatt.o(.text)
    nrf_ble_gatt_data_length_set             0x0003b237   Thumb Code    66  nrf_ble_gatt.o(.text)
    nrf_ble_gatt_data_length_get             0x0003b279   Thumb Code    48  nrf_ble_gatt.o(.text)
    nrf_ble_gatt_on_ble_evt                  0x0003b2a9   Thumb Code   174  nrf_ble_gatt.o(.text)
    ble_srv_is_notification_enabled          0x0003b35d   Thumb Code    18  ble_srv_common.o(.text)
    ble_srv_is_indication_enabled            0x0003b36f   Thumb Code    18  ble_srv_common.o(.text)
    ble_srv_report_ref_encode                0x0003b381   Thumb Code    60  ble_srv_common.o(.text)
    ble_srv_ascii_to_utf8                    0x0003b3bd   Thumb Code    18  ble_srv_common.o(.text)
    characteristic_add                       0x0003b48d   Thumb Code   456  ble_srv_common.o(.text)
    descriptor_add                           0x0003b655   Thumb Code   190  ble_srv_common.o(.text)
    nrf_strerror_find                        0x0003b721   Thumb Code    60  nrf_strerror.o(.text)
    nrf_strerror_get                         0x0003b75d   Thumb Code    22  nrf_strerror.o(.text)
    ble_advertising_start                    0x0003b981   Thumb Code   372  ble_advertising.o(.text)
    ble_advertising_conn_cfg_tag_set         0x0003bba1   Thumb Code     6  ble_advertising.o(.text)
    ble_advertising_init                     0x0003bba7   Thumb Code   264  ble_advertising.o(.text)
    ble_advertising_on_ble_evt               0x0003bcaf   Thumb Code    60  ble_advertising.o(.text)
    ble_advertising_peer_addr_reply          0x0003bceb   Thumb Code    42  ble_advertising.o(.text)
    ble_advertising_whitelist_reply          0x0003bd15   Thumb Code    40  ble_advertising.o(.text)
    ble_advertising_restart_without_whitelist 0x0003bd3d   Thumb Code    74  ble_advertising.o(.text)
    ble_advertising_modes_config_set         0x0003bd87   Thumb Code    18  ble_advertising.o(.text)
    ble_advertising_advdata_update           0x0003bd99   Thumb Code   198  ble_advertising.o(.text)
    app_util_disable_irq                     0x0003be61   Thumb Code    14  app_util_platform.o(.text)
    app_util_enable_irq                      0x0003be6f   Thumb Code    20  app_util_platform.o(.text)
    app_util_critical_region_enter           0x0003be83   Thumb Code    12  app_util_platform.o(.text)
    app_util_critical_region_exit            0x0003be8f   Thumb Code    62  app_util_platform.o(.text)
    privilege_level_get                      0x0003becd   Thumb Code    34  app_util_platform.o(.text)
    current_int_priority_get                 0x0003beef   Thumb Code    52  app_util_platform.o(.text)
    nrf_atflags_set                          0x0003bfa1   Thumb Code    30  nrf_atflags.o(.text)
    nrf_atflags_fetch_set                    0x0003bfbf   Thumb Code    46  nrf_atflags.o(.text)
    nrf_atflags_clear                        0x0003bfed   Thumb Code    30  nrf_atflags.o(.text)
    nrf_atflags_fetch_clear                  0x0003c00b   Thumb Code    46  nrf_atflags.o(.text)
    nrf_atflags_get                          0x0003c039   Thumb Code    30  nrf_atflags.o(.text)
    nrf_atflags_init                         0x0003c057   Thumb Code    42  nrf_atflags.o(.text)
    nrf_atflags_find_and_set_flag            0x0003c081   Thumb Code    96  nrf_atflags.o(.text)
    nrf_atflags_find_and_clear_flag          0x0003c0e1   Thumb Code    92  nrf_atflags.o(.text)
    blcm_link_ctx_get                        0x0003c13d   Thumb Code   108  ble_link_ctx_manager.o(.text)
    ble_advdata_encode                       0x0003c697   Thumb Code   364  ble_advdata.o(.text)
    ble_advdata_search                       0x0003c803   Thumb Code    78  ble_advdata.o(.text)
    ble_advdata_parse                        0x0003c851   Thumb Code    40  ble_advdata.o(.text)
    ble_advdata_name_find                    0x0003c879   Thumb Code    78  ble_advdata.o(.text)
    ble_advdata_short_name_find              0x0003c8c7   Thumb Code    86  ble_advdata.o(.text)
    ble_advdata_uuid_find                    0x0003c91d   Thumb Code   208  ble_advdata.o(.text)
    ble_advdata_appearance_find              0x0003c9ed   Thumb Code    80  ble_advdata.o(.text)
    nrf_sdh_enable_request                   0x0003cb21   Thumb Code   112  nrf_sdh.o(.text)
    nrf_sdh_disable_request                  0x0003cb91   Thumb Code    90  nrf_sdh.o(.text)
    nrf_sdh_request_continue                 0x0003cbeb   Thumb Code    30  nrf_sdh.o(.text)
    nrf_sdh_is_enabled                       0x0003cc09   Thumb Code     6  nrf_sdh.o(.text)
    nrf_sdh_suspend                          0x0003cc0f   Thumb Code    24  nrf_sdh.o(.text)
    nrf_sdh_resume                           0x0003cc27   Thumb Code    92  nrf_sdh.o(.text)
    nrf_sdh_is_suspended                     0x0003cc83   Thumb Code    20  nrf_sdh.o(.text)
    nrf_sdh_evts_poll                        0x0003cc97   Thumb Code    44  nrf_sdh.o(.text)
    SWI2_EGU2_IRQHandler                     0x0003ccc3   Thumb Code     8  nrf_sdh.o(.text)
    nrf_section_iter_init                    0x0003ce3f   Thumb Code    20  nrf_section_iter.o(.text)
    nrf_section_iter_next                    0x0003ce53   Thumb Code    46  nrf_section_iter.o(.text)
    ble_conn_params_init                     0x0003cfc1   Thumb Code   130  ble_conn_params_rtt.o(.text)
    ble_conn_params_stop                     0x0003d043   Thumb Code    66  ble_conn_params_rtt.o(.text)
    ble_conn_params_change_conn_params       0x0003d237   Thumb Code    98  ble_conn_params_rtt.o(.text)
    nrf_sdh_ble_app_ram_start_get            0x0003d299   Thumb Code    18  nrf_sdh_ble_rtt.o(.text)
    nrf_sdh_ble_default_cfg_set              0x0003d2ab   Thumb Code   278  nrf_sdh_ble_rtt.o(.text)
    nrf_sdh_ble_enable                       0x0003d3cd   Thumb Code   124  nrf_sdh_ble_rtt.o(.text)
    app_error_handler                        0x0003d4b5   Thumb Code    22  nrf_sdh_ble_rtt.o(.text)
    nrf_ble_qwr_init                         0x0003d639   Thumb Code    50  nrf_ble_qwr.o(.text)
    nrf_ble_qwr_conn_handle_assign           0x0003d66b   Thumb Code    32  nrf_ble_qwr.o(.text)
    nrf_ble_qwr_on_ble_evt                   0x0003d743   Thumb Code   124  nrf_ble_qwr.o(.text)
    app_error_handler_bare                   0x0003d7c1   Thumb Code    28  app_error.o(.text)
    app_error_save_and_stop                  0x0003d7dd   Thumb Code   132  app_error.o(.text)
    ble_nus_on_ble_evt                       0x0003d9b1   Thumb Code    68  ble_nus.o(.text)
    ble_nus_init                             0x0003d9f5   Thumb Code   260  ble_nus.o(.text)
    ble_nus_data_send                        0x0003daf9   Thumb Code   122  ble_nus.o(.text)
    uart_getc_hook                           0x0003de57   Thumb Code    24  ble_app_uart.o(.text)
    uart_putc_hook                           0x0003e03d   Thumb Code    16  ble_app_uart.o(.text)
    ble_app_uart                             0x0003e0f9   Thumb Code   140  ble_app_uart.o(.text)
    bcs_internal_state_reset                 0x0003e209   Thumb Code    12  ble_conn_state.o(.text)
    conn_handle_list_get                     0x0003e215   Thumb Code    60  ble_conn_state.o(.text)
    active_flag_count                        0x0003e251   Thumb Code    30  ble_conn_state.o(.text)
    ble_conn_state_init                      0x0003e311   Thumb Code     8  ble_conn_state.o(.text)
    ble_conn_state_valid                     0x0003e3ed   Thumb Code    24  ble_conn_state.o(.text)
    ble_conn_state_role                      0x0003e405   Thumb Code    42  ble_conn_state.o(.text)
    ble_conn_state_status                    0x0003e42f   Thumb Code    42  ble_conn_state.o(.text)
    ble_conn_state_encrypted                 0x0003e459   Thumb Code    28  ble_conn_state.o(.text)
    ble_conn_state_mitm_protected            0x0003e475   Thumb Code    28  ble_conn_state.o(.text)
    ble_conn_state_lesc                      0x0003e491   Thumb Code    28  ble_conn_state.o(.text)
    ble_conn_state_conn_count                0x0003e4ad   Thumb Code    12  ble_conn_state.o(.text)
    ble_conn_state_central_conn_count        0x0003e4b9   Thumb Code    26  ble_conn_state.o(.text)
    ble_conn_state_peripheral_conn_count     0x0003e4d3   Thumb Code    28  ble_conn_state.o(.text)
    ble_conn_state_conn_handles              0x0003e4ef   Thumb Code    16  ble_conn_state.o(.text)
    ble_conn_state_central_handles           0x0003e4ff   Thumb Code    30  ble_conn_state.o(.text)
    ble_conn_state_periph_handles            0x0003e51d   Thumb Code    32  ble_conn_state.o(.text)
    ble_conn_state_conn_idx                  0x0003e53d   Thumb Code    20  ble_conn_state.o(.text)
    ble_conn_state_user_flag_acquire         0x0003e551   Thumb Code    22  ble_conn_state.o(.text)
    ble_conn_state_user_flag_get             0x0003e567   Thumb Code    42  ble_conn_state.o(.text)
    ble_conn_state_user_flag_set             0x0003e591   Thumb Code    42  ble_conn_state.o(.text)
    ble_conn_state_for_each_connected        0x0003e5f1   Thumb Code    20  ble_conn_state.o(.text)
    ble_conn_state_for_each_set_user_flag    0x0003e605   Thumb Code    38  ble_conn_state.o(.text)
    nrf_drv_clock_init_check                 0x0003e6dd   Thumb Code     6  nrf_drv_clock.o(.text)
    nrf_drv_clock_init                       0x0003e73d   Thumb Code    54  nrf_drv_clock.o(.text)
    nrf_drv_clock_uninit                     0x0003e773   Thumb Code    18  nrf_drv_clock.o(.text)
    nrf_drv_clock_lfclk_request              0x0003e7a7   Thumb Code   110  nrf_drv_clock.o(.text)
    nrf_drv_clock_lfclk_release              0x0003e815   Thumb Code    42  nrf_drv_clock.o(.text)
    nrf_drv_clock_lfclk_is_running           0x0003e83f   Thumb Code    26  nrf_drv_clock.o(.text)
    nrf_drv_clock_hfclk_request              0x0003e859   Thumb Code   102  nrf_drv_clock.o(.text)
    nrf_drv_clock_hfclk_release              0x0003e8bf   Thumb Code    42  nrf_drv_clock.o(.text)
    nrf_drv_clock_hfclk_is_running           0x0003e8e9   Thumb Code    54  nrf_drv_clock.o(.text)
    nrf_drv_clock_calibration_start          0x0003e91f   Thumb Code     8  nrf_drv_clock.o(.text)
    nrf_drv_clock_calibration_abort          0x0003e927   Thumb Code     6  nrf_drv_clock.o(.text)
    nrf_drv_clock_is_calibrating             0x0003e92d   Thumb Code     8  nrf_drv_clock.o(.text)
    nrf_atomic_u32_fetch_store               0x0003e9e5   Thumb Code    22  nrf_atomic.o(.text)
    nrf_atomic_u32_store                     0x0003e9fb   Thumb Code    22  nrf_atomic.o(.text)
    nrf_atomic_u32_fetch_or                  0x0003ea11   Thumb Code    22  nrf_atomic.o(.text)
    nrf_atomic_u32_or                        0x0003ea27   Thumb Code    22  nrf_atomic.o(.text)
    nrf_atomic_u32_fetch_and                 0x0003ea3d   Thumb Code    22  nrf_atomic.o(.text)
    nrf_atomic_u32_and                       0x0003ea53   Thumb Code    22  nrf_atomic.o(.text)
    nrf_atomic_u32_fetch_xor                 0x0003ea69   Thumb Code    22  nrf_atomic.o(.text)
    nrf_atomic_u32_xor                       0x0003ea7f   Thumb Code    22  nrf_atomic.o(.text)
    nrf_atomic_u32_fetch_add                 0x0003ea95   Thumb Code    22  nrf_atomic.o(.text)
    nrf_atomic_u32_add                       0x0003eaab   Thumb Code    22  nrf_atomic.o(.text)
    nrf_atomic_u32_fetch_sub                 0x0003eac1   Thumb Code    22  nrf_atomic.o(.text)
    nrf_atomic_u32_sub                       0x0003ead7   Thumb Code    22  nrf_atomic.o(.text)
    nrf_atomic_u32_cmp_exch                  0x0003eaed   Thumb Code    20  nrf_atomic.o(.text)
    nrf_atomic_u32_fetch_sub_hs              0x0003eb01   Thumb Code    22  nrf_atomic.o(.text)
    nrf_atomic_u32_sub_hs                    0x0003eb17   Thumb Code    22  nrf_atomic.o(.text)
    nrf_atomic_flag_set_fetch                0x0003eb2d   Thumb Code    14  nrf_atomic.o(.text)
    nrf_atomic_flag_set                      0x0003eb3b   Thumb Code    14  nrf_atomic.o(.text)
    nrf_atomic_flag_clear_fetch              0x0003eb49   Thumb Code    14  nrf_atomic.o(.text)
    nrf_atomic_flag_clear                    0x0003eb57   Thumb Code    14  nrf_atomic.o(.text)
    ulog_strcpy                              0x0003eb65   Thumb Code    72  ulog.o(.text)
    ulog_ultoa                               0x0003ebad   Thumb Code    68  ulog.o(.text)
    ulog_output_lock_enabled                 0x0003ec51   Thumb Code     6  ulog.o(.text)
    ulog_head_formater                       0x0003ec6b   Thumb Code   330  ulog.o(.text)
    ulog_tail_formater                       0x0003edb5   Thumb Code   104  ulog.o(.text)
    ulog_formater                            0x0003ee1d   Thumb Code   142  ulog.o(.text)
    ulog_hex_formater                        0x0003eeab   Thumb Code   544  ulog.o(.text)
    ulog_voutput                             0x0003f1f3   Thumb Code   218  ulog.o(.text)
    ulog_output                              0x0003f2cd   Thumb Code    56  ulog.o(.text)
    ulog_raw                                 0x0003f305   Thumb Code    96  ulog.o(.text)
    ulog_hexdump                             0x0003f365   Thumb Code    90  ulog.o(.text)
    ulog_backend_register                    0x0003f3bf   Thumb Code   282  ulog.o(.text)
    ulog_backend_unregister                  0x0003f4d9   Thumb Code   102  ulog.o(.text)
    ulog_backend_set_filter                  0x0003f53f   Thumb Code    40  ulog.o(.text)
    ulog_backend_find                        0x0003f567   Thumb Code    94  ulog.o(.text)
    ulog_flush                               0x0003f5c5   Thumb Code    52  ulog.o(.text)
    ulog_init                                0x0003f5f9   Thumb Code    54  ulog.o(.text)
    ulog_deinit                              0x0003f62f   Thumb Code    68  ulog.o(.text)
    ulog_console_backend_output              0x0003f699   Thumb Code    48  console_be.o(.text)
    ulog_console_backend_init                0x0003f6c9   Thumb Code    28  console_be.o(.text)
    __semihosting$guard                      0x0003f6f1   Thumb Code     0  use_no_semi.o(.text)
    __use_no_semihosting_swi                 0x0003f6f1   Thumb Code     2  use_no_semi.o(.text)
    __rt_ctype_table                         0x0003f6f5   Thumb Code    16  rt_ctype_table.o(.text)
    tolower                                  0x0003f705   Thumb Code    26  tolower.o(.text)
    atoi                                     0x0003f71f   Thumb Code    26  atoi.o(.text)
    strchr                                   0x0003f739   Thumb Code    20  strchr.o(.text)
    memcmp                                   0x0003f74d   Thumb Code    88  memcmp.o(.text)
    strcpy                                   0x0003f7a5   Thumb Code    72  strcpy.o(.text)
    strlen                                   0x0003f7ed   Thumb Code    62  strlen.o(.text)
    strncmp                                  0x0003f82b   Thumb Code   150  strncmp.o(.text)
    strcat                                   0x0003f8c1   Thumb Code    24  strcat.o(.text)
    __aeabi_memcpy                           0x0003f8d9   Thumb Code     0  rt_memcpy_v6.o(.text)
    __rt_memcpy                              0x0003f8d9   Thumb Code   138  rt_memcpy_v6.o(.text)
    _memcpy_lastbytes                        0x0003f93f   Thumb Code     0  rt_memcpy_v6.o(.text)
    __aeabi_memcpy4                          0x0003f963   Thumb Code     0  rt_memcpy_w.o(.text)
    __aeabi_memcpy8                          0x0003f963   Thumb Code     0  rt_memcpy_w.o(.text)
    __rt_memcpy_w                            0x0003f963   Thumb Code   100  rt_memcpy_w.o(.text)
    _memcpy_lastbytes_aligned                0x0003f9ab   Thumb Code     0  rt_memcpy_w.o(.text)
    __aeabi_memclr4                          0x0003f9c7   Thumb Code     0  rt_memclr_w.o(.text)
    __aeabi_memclr8                          0x0003f9c7   Thumb Code     0  rt_memclr_w.o(.text)
    __rt_memclr_w                            0x0003f9c7   Thumb Code    78  rt_memclr_w.o(.text)
    _memset_w                                0x0003f9cb   Thumb Code     0  rt_memclr_w.o(.text)
    strncpy                                  0x0003fa15   Thumb Code    86  strncpy.o(.text)
    strcmp                                   0x0003fa6d   Thumb Code   128  strcmpv7m.o(.text)
    __use_two_region_memory                  0x0003faed   Thumb Code     2  heapauxi.o(.text)
    __rt_heap_escrow$2region                 0x0003faef   Thumb Code     2  heapauxi.o(.text)
    __rt_heap_expand$2region                 0x0003faf1   Thumb Code     2  heapauxi.o(.text)
    __rt_locale                              0x0003faf5   Thumb Code     8  rt_locale_intlibspace.o(.text)
    __aeabi_errno_addr                       0x0003fafd   Thumb Code     8  rt_errno_addr_intlibspace.o(.text)
    __errno$intlibspace                      0x0003fafd   Thumb Code     0  rt_errno_addr_intlibspace.o(.text)
    __rt_errno_addr$intlibspace              0x0003fafd   Thumb Code     0  rt_errno_addr_intlibspace.o(.text)
    strtol                                   0x0003fb05   Thumb Code   112  strtol.o(.text)
    __aeabi_memclr                           0x0003fb75   Thumb Code     0  rt_memclr.o(.text)
    __rt_memclr                              0x0003fb75   Thumb Code    68  rt_memclr.o(.text)
    _memset                                  0x0003fb79   Thumb Code     0  rt_memclr.o(.text)
    __user_libspace                          0x0003fbb9   Thumb Code     8  libspace.o(.text)
    __user_perproc_libspace                  0x0003fbb9   Thumb Code     0  libspace.o(.text)
    __user_perthread_libspace                0x0003fbb9   Thumb Code     0  libspace.o(.text)
    _strtoul                                 0x0003fbc1   Thumb Code   158  _strtoul.o(.text)
    __user_setup_stackheap                   0x0003fc5f   Thumb Code    74  sys_stackheap_outer.o(.text)
    _chval                                   0x0003fca9   Thumb Code    28  _chval.o(.text)
    exit                                     0x0003fcc5   Thumb Code    18  exit.o(.text)
    _get_lc_ctype                            0x0003fcd9   Thumb Code    44  lc_ctype_c.o(locale$$code)
    _fp_init                                 0x0003fd05   Thumb Code    10  fpinit.o(x$fpl$fpinit)
    __fplib_config_fpu_vfp                   0x0003fd0d   Thumb Code     0  fpinit.o(x$fpl$fpinit)
    __fplib_config_pureend_doubles           0x0003fd0d   Thumb Code     0  fpinit.o(x$fpl$fpinit)
    __stdin_name                             0x0003fd0e   Data           6  syscalls.o(.constdata)
    __stdout_name                            0x0003fd14   Data           7  syscalls.o(.constdata)
    __stderr_name                            0x0003fd1b   Data           7  syscalls.o(.constdata)
    __lowest_bit_bitmap                      0x0004095a   Data         256  kservice.o(.constdata)
    m_ram_start                              0x00040ef8   Data           4  nrf_sdh_ble_rtt.o(.constdata)
    __fsym_pin_name                          0x00041f30   Data           4  pin.o(.rodata.name)
    __fsym_pin_desc                          0x00041f34   Data          13  pin.o(.rodata.name)
    __fsym_gpio_sample_name                  0x00041f41   Data          12  drv_gpio.o(.rodata.name)
    __fsym_gpio_sample_desc                  0x00041f4d   Data          12  drv_gpio.o(.rodata.name)
    __fsym_help_name                         0x00041f59   Data           5  msh.o(.rodata.name)
    __fsym_help_desc                         0x00041f5e   Data          22  msh.o(.rodata.name)
    __fsym_ps_name                           0x00041f74   Data           3  msh.o(.rodata.name)
    __fsym_ps_desc                           0x00041f77   Data          28  msh.o(.rodata.name)
    __fsym_free_name                         0x00041f93   Data           5  msh.o(.rodata.name)
    __fsym_free_desc                         0x00041f98   Data          37  msh.o(.rodata.name)
    __fsym_clear_name                        0x00041fbd   Data           6  cmd.o(.rodata.name)
    __fsym_clear_desc                        0x00041fc3   Data          26  cmd.o(.rodata.name)
    __fsym_version_name                      0x00041fdd   Data           8  cmd.o(.rodata.name)
    __fsym_version_desc                      0x00041fe5   Data          35  cmd.o(.rodata.name)
    __fsym_list_name                         0x00042008   Data           5  cmd.o(.rodata.name)
    __fsym_list_desc                         0x0004200d   Data          13  cmd.o(.rodata.name)
    __fsym_ble_app_uart_name                 0x0004201a   Data          13  ble_app_uart.o(.rodata.name)
    __fsym_ble_app_uart_desc                 0x00042027   Data          13  ble_app_uart.o(.rodata.name)
    __rt_init_rti_start                      0x00042034   Data           4  components.o(.rti_fn.0)
    __rt_init_rti_board_start                0x00042038   Data           4  components.o(.rti_fn.0.end)
    __rt_init_rt_hw_pin_init                 0x0004203c   Data           4  drv_gpio.o(.rti_fn.1)
    __rt_init_rt_hw_spi_init                 0x00042040   Data           4  drv_spi.o(.rti_fn.1)
    __rt_init_rt_hw_spim_init                0x00042044   Data           4  drv_spim.o(.rti_fn.1)
    __rt_init_ulog_init                      0x00042048   Data           4  ulog.o(.rti_fn.1)
    __rt_init_rti_board_end                  0x0004204c   Data           4  components.o(.rti_fn.1.end)
    __rt_init_ulog_console_backend_init      0x00042050   Data           4  console_be.o(.rti_fn.2)
    __rt_init_finsh_system_init              0x00042054   Data           4  shell.o(.rti_fn.6)
    __rt_init_rti_end                        0x00042058   Data           4  components.o(.rti_fn.6.end)
    FSymTab$$Base                            0x0004205c   Number         0  pin.o(FSymTab)
    __fsym_pin                               0x0004205c   Data          16  pin.o(FSymTab)
    __fsym_gpio_sample                       0x0004206c   Data          16  drv_gpio.o(FSymTab)
    __fsym_help                              0x0004207c   Data          16  msh.o(FSymTab)
    __fsym_ps                                0x0004208c   Data          16  msh.o(FSymTab)
    __fsym_free                              0x0004209c   Data          16  msh.o(FSymTab)
    __fsym_clear                             0x000420ac   Data          16  cmd.o(FSymTab)
    __fsym_version                           0x000420bc   Data          16  cmd.o(FSymTab)
    __fsym_list                              0x000420cc   Data          16  cmd.o(FSymTab)
    __fsym_ble_app_uart                      0x000420dc   Data          16  ble_app_uart.o(FSymTab)
    FSymTab$$Limit                           0x000420ec   Number         0  ble_app_uart.o(FSymTab)
    Region$$Table$$Base                      0x000420ec   Number         0  anon$$obj.o(Region$$Table)
    Region$$Table$$Limit                     0x0004210c   Number         0  anon$$obj.o(Region$$Table)
    __ctype                                  0x00042119   Data           0  lc_ctype_c.o(locale$$data)
    sdh_ble_observers0$$Base                 0x0004221c   Number         0  ble_conn_state.o(sdh_ble_observers0)
    sdh_ble_observers0$$Limit                0x00042224   Number         0  ble_conn_state.o(sdh_ble_observers0)
    sdh_ble_observers1$$Base                 0x00042224   Number         0  ble_conn_params_rtt.o(sdh_ble_observers1)
    sdh_ble_observers1$$Limit                0x0004223c   Number         0  ble_app_uart.o(sdh_ble_observers1)
    sdh_ble_observers2$$Base                 0x0004223c   Number         0  ble_app_uart.o(sdh_ble_observers2)
    sdh_ble_observers2$$Limit                0x0004224c   Number         0  ble_app_uart.o(sdh_ble_observers2)
    sdh_ble_observers3$$Base                 0x0004224c   Number         0  ble_app_uart.o(sdh_ble_observers3)
    sdh_ble_observers3$$Limit                0x00042254   Number         0  ble_app_uart.o(sdh_ble_observers3)
    sdh_stack_observers0$$Base               0x0004225c   Number         0  nrf_sdh_ble_rtt.o(sdh_stack_observers0)
    sdh_stack_observers0$$Limit              0x00042264   Number         0  nrf_sdh_ble_rtt.o(sdh_stack_observers0)
    sdh_state_observers0$$Base               0x00042264   Number         0  nrf_drv_clock.o(sdh_state_observers0)
    sdh_state_observers0$$Limit              0x0004226c   Number         0  nrf_drv_clock.o(sdh_state_observers0)
    Image$$RW_IRAM1$$Base                    0x20002ae8   Number         0  anon$$obj.o ABSOLUTE
    rt_interrupt_from_thread                 0x20002ae8   Data           4  cpuport.o(.data)
    rt_interrupt_to_thread                   0x20002aec   Data           4  cpuport.o(.data)
    rt_thread_switch_interrupt_flag          0x20002af0   Data           4  cpuport.o(.data)
    spi_handler                              0x20002bac   Data          12  drv_spi.o(.data)
    spim_handler                             0x20002bd8   Data           8  drv_spim.o(.data)
    m_uart0_cfg                              0x20002be0   Data          28  drv_uart.o(.data)
    _syscall_table_begin                     0x20002c10   Data           4  shell.o(.data)
    _syscall_table_end                       0x20002c14   Data           4  shell.o(.data)
    shell                                    0x20002c18   Data           4  shell.o(.data)
    rt_interrupt_nest                        0x20002cb0   Data           1  irq.o(.data)
    rt_assert_hook                           0x20002d40   Data           4  kservice.o(.data)
    rt_object_trytake_hook                   0x20002dfc   Data           4  object.o(.data)
    rt_object_take_hook                      0x20002e00   Data           4  object.o(.data)
    rt_object_put_hook                       0x20002e04   Data           4  object.o(.data)
    rt_thread_ready_priority_group           0x20002e08   Data           4  scheduler_up.o(.data)
    rt_current_thread                        0x20002e10   Data           4  scheduler_up.o(.data)
    rt_current_priority                      0x20002e14   Data           1  scheduler_up.o(.data)
    SystemCoreClock                          0x20002e5c   Data           4  system_nrf52840.o(.data)
    rt_thread_priority_table                 0x20003464   Data         256  scheduler_up.o(.bss)
    nrf_nvic_state                           0x20003904   Data          12  app_util_platform.o(.bss)
    __libspace_start                         0x200047e0   Data          96  libspace.o(.bss)
    __temporary_stack_top$libspace           0x20004840   Data           0  libspace.o(.bss)
    Image$$RW_IRAM1$$ZI$$Limit               0x2000c840   Number         0  anon$$obj.o ABSOLUTE



==============================================================================

Memory Map of the image

  Image Entry point : 0x00027201

  Load Region LR_IROM1 (Base: 0x00027000, Size: 0x0001b658, Max: 0x000d9000, ABSOLUTE, COMPRESSED[0x0001b3e0])

    Execution Region ER_IROM1 (Base: 0x00027000, Size: 0x0001b26c, Max: 0x000d9000, ABSOLUTE)

    Base Addr    Size         Type   Attr      Idx    E Section Name        Object

    0x00027000   0x00000200   Data   RO          213    RESET               arm_startup_nrf52840.o
    0x00027200   0x00000008   Code   RO          422  * !!!main             c_w.l(__main.o)
    0x00027208   0x00000034   Code   RO          559    !!!scatter          c_w.l(__scatter.o)
    0x0002723c   0x0000005a   Code   RO          558    !!dczerorl2         c_w.l(__dczerorl2.o)
    0x00027296   0x00000002   PAD
    0x00027298   0x0000001c   Code   RO          560    !!handler_zi        c_w.l(__scatter_zi.o)
    0x000272b4   0x00000002   Code   RO          508    .ARM.Collect$$libinit$$00000000  c_w.l(libinit.o)
    0x000272b6   0x00000004   Code   RO          456    .ARM.Collect$$libinit$$00000001  c_w.l(libinit2.o)
    0x000272ba   0x00000000   Code   RO          459    .ARM.Collect$$libinit$$00000004  c_w.l(libinit2.o)
    0x000272ba   0x00000000   Code   RO          462    .ARM.Collect$$libinit$$0000000A  c_w.l(libinit2.o)
    0x000272ba   0x00000000   Code   RO          464    .ARM.Collect$$libinit$$0000000C  c_w.l(libinit2.o)
    0x000272ba   0x00000000   Code   RO          466    .ARM.Collect$$libinit$$0000000E  c_w.l(libinit2.o)
    0x000272ba   0x00000006   Code   RO          467    .ARM.Collect$$libinit$$0000000F  c_w.l(libinit2.o)
    0x000272c0   0x00000000   Code   RO          469    .ARM.Collect$$libinit$$00000011  c_w.l(libinit2.o)
    0x000272c0   0x0000000c   Code   RO          470    .ARM.Collect$$libinit$$00000012  c_w.l(libinit2.o)
    0x000272cc   0x00000000   Code   RO          471    .ARM.Collect$$libinit$$00000013  c_w.l(libinit2.o)
    0x000272cc   0x00000000   Code   RO          473    .ARM.Collect$$libinit$$00000015  c_w.l(libinit2.o)
    0x000272cc   0x00000000   Code   RO          475    .ARM.Collect$$libinit$$00000017  c_w.l(libinit2.o)
    0x000272cc   0x00000000   Code   RO          477    .ARM.Collect$$libinit$$00000019  c_w.l(libinit2.o)
    0x000272cc   0x00000000   Code   RO          479    .ARM.Collect$$libinit$$0000001B  c_w.l(libinit2.o)
    0x000272cc   0x00000000   Code   RO          481    .ARM.Collect$$libinit$$0000001D  c_w.l(libinit2.o)
    0x000272cc   0x00000000   Code   RO          483    .ARM.Collect$$libinit$$0000001F  c_w.l(libinit2.o)
    0x000272cc   0x00000000   Code   RO          485    .ARM.Collect$$libinit$$00000021  c_w.l(libinit2.o)
    0x000272cc   0x00000000   Code   RO          487    .ARM.Collect$$libinit$$00000023  c_w.l(libinit2.o)
    0x000272cc   0x00000000   Code   RO          489    .ARM.Collect$$libinit$$00000025  c_w.l(libinit2.o)
    0x000272cc   0x00000000   Code   RO          493    .ARM.Collect$$libinit$$0000002C  c_w.l(libinit2.o)
    0x000272cc   0x00000000   Code   RO          495    .ARM.Collect$$libinit$$0000002E  c_w.l(libinit2.o)
    0x000272cc   0x00000000   Code   RO          497    .ARM.Collect$$libinit$$00000030  c_w.l(libinit2.o)
    0x000272cc   0x00000000   Code   RO          499    .ARM.Collect$$libinit$$00000032  c_w.l(libinit2.o)
    0x000272cc   0x00000002   Code   RO          500    .ARM.Collect$$libinit$$00000033  c_w.l(libinit2.o)
    0x000272ce   0x00000002   Code   RO          528    .ARM.Collect$$libshutdown$$00000000  c_w.l(libshutdown.o)
    0x000272d0   0x00000000   Code   RO          532    .ARM.Collect$$libshutdown$$00000002  c_w.l(libshutdown2.o)
    0x000272d0   0x00000000   Code   RO          534    .ARM.Collect$$libshutdown$$00000004  c_w.l(libshutdown2.o)
    0x000272d0   0x00000000   Code   RO          537    .ARM.Collect$$libshutdown$$00000007  c_w.l(libshutdown2.o)
    0x000272d0   0x00000000   Code   RO          540    .ARM.Collect$$libshutdown$$0000000A  c_w.l(libshutdown2.o)
    0x000272d0   0x00000000   Code   RO          542    .ARM.Collect$$libshutdown$$0000000C  c_w.l(libshutdown2.o)
    0x000272d0   0x00000000   Code   RO          545    .ARM.Collect$$libshutdown$$0000000F  c_w.l(libshutdown2.o)
    0x000272d0   0x00000002   Code   RO          546    .ARM.Collect$$libshutdown$$00000010  c_w.l(libshutdown2.o)
    0x000272d2   0x00000000   Code   RO          426    .ARM.Collect$$rtentry$$00000000  c_w.l(__rtentry.o)
    0x000272d2   0x00000000   Code   RO          441    .ARM.Collect$$rtentry$$00000002  c_w.l(__rtentry2.o)
    0x000272d2   0x00000006   Code   RO          453    .ARM.Collect$$rtentry$$00000004  c_w.l(__rtentry4.o)
    0x000272d8   0x00000000   Code   RO          443    .ARM.Collect$$rtentry$$00000009  c_w.l(__rtentry2.o)
    0x000272d8   0x00000004   Code   RO          444    .ARM.Collect$$rtentry$$0000000A  c_w.l(__rtentry2.o)
    0x000272dc   0x00000000   Code   RO          446    .ARM.Collect$$rtentry$$0000000C  c_w.l(__rtentry2.o)
    0x000272dc   0x00000008   Code   RO          447    .ARM.Collect$$rtentry$$0000000D  c_w.l(__rtentry2.o)
    0x000272e4   0x00000002   Code   RO          510    .ARM.Collect$$rtexit$$00000000  c_w.l(rtexit.o)
    0x000272e6   0x00000000   Code   RO          515    .ARM.Collect$$rtexit$$00000002  c_w.l(rtexit2.o)
    0x000272e6   0x00000004   Code   RO          516    .ARM.Collect$$rtexit$$00000003  c_w.l(rtexit2.o)
    0x000272ea   0x00000006   Code   RO          517    .ARM.Collect$$rtexit$$00000004  c_w.l(rtexit2.o)
    0x000272f0   0x000000e2   Code   RO          391    .emb_text           nrf_atomic.o
    0x000273d2   0x00000018   Code   RO            4    .text               application.o
    0x000273ea   0x00000002   PAD
    0x000273ec   0x0000020c   Code   RO            6    .text               syscalls.o
    0x000275f8   0x00000180   Code   RO            9    .text               cstdlib.o
    0x00027778   0x0000013c   Code   RO           22    .text               context_rvds.o
    0x000278b4   0x000005dc   Code   RO           23    .text               cpuport.o
    0x00027e90   0x00000508   Code   RO           25    .text               device.o
    0x00028398   0x000002f8   Code   RO           27    .text               completion.o
    0x00028690   0x000007b8   Code   RO           29    .text               dataqueue.o
    0x00028e48   0x00000578   Code   RO           35    .text               ringbuffer.o
    0x000293c0   0x000006e0   Code   RO           41    .text               pin.o
    0x00029aa0   0x00000d5c   Code   RO           47    .text               serial.o
    0x0002a7fc   0x00000798   Code   RO           51    .text               spi_core.o
    0x0002af94   0x000001fc   Code   RO           53    .text               spi_dev.o
    0x0002b190   0x000000fc   Code   RO           58    .text               board.o
    0x0002b28c   0x000005c0   Code   RO           63    .text               drv_gpio.o
    0x0002b84c   0x00000634   Code   RO           72    .text               drv_spi.o
    0x0002be80   0x000004d0   Code   RO           81    .text               drv_spim.o
    0x0002c350   0x00000300   Code   RO           90    .text               drv_uart.o
    0x0002c650   0x000009a8   Code   RO           94    .text               shell.o
    0x0002cff8   0x000005a0   Code   RO           99    .text               msh.o
    0x0002d598   0x000000c8   Code   RO          103    .text               msh_parse.o
    0x0002d660   0x00000f30   Code   RO          104    .text               cmd.o
    0x0002e590   0x000000cc   Code   RO          110    .text               clock.o
    0x0002e65c   0x000000d4   Code   RO          112    .text               components.o
    0x0002e730   0x000001b0   Code   RO          118    .text               idle.o
    0x0002e8e0   0x000029a0   Code   RO          121    .text               ipc.o
    0x00031280   0x00000088   Code   RO          124    .text               irq.o
    0x00031308   0x00000e68   Code   RO          126    .text               kservice.o
    0x00032170   0x000007ec   Code   RO          131    .text               mem.o
    0x0003295c   0x000004a4   Code   RO          137    .text               object.o
    0x00032e00   0x000003f0   Code   RO          140    .text               scheduler_up.o
    0x000331f0   0x00000a60   Code   RO          144    .text               thread.o
    0x00033c50   0x0000088c   Code   RO          148    .text               timer.o
    0x000344dc   0x00002124   Code   RO          167    .text               nrfx_clock.o
    0x00036600   0x00000890   Code   RO          177    .text               nrfx_uart.o
    0x00036e90   0x0000042a   Code   RO          206    .text               nrfx_rtc.o
    0x000372ba   0x00000002   PAD
    0x000372bc   0x00000040   Code   RO          214    .text               arm_startup_nrf52840.o
    0x000372fc   0x0000092c   Code   RO          237    .text               nrfx_spim.o
    0x00037c28   0x00002060   Code   RO          245    .text               system_nrf52840.o
    0x00039c88   0x00000d80   Code   RO          268    .text               nrfx_gpiote.o
    0x0003aa08   0x00000548   Code   RO          280    .text               nrfx_spi.o
    0x0003af50   0x0000005c   Code   RO          285    .text               app_error_weak.o
    0x0003afac   0x000003b0   Code   RO          289    .text               nrf_ble_gatt.o
    0x0003b35c   0x000003c2   Code   RO          294    .text               ble_srv_common.o
    0x0003b71e   0x00000002   PAD
    0x0003b720   0x0000005c   Code   RO          298    .text               nrf_strerror.o
    0x0003b77c   0x000006e2   Code   RO          304    .text               ble_advertising.o
    0x0003be5e   0x00000002   PAD
    0x0003be60   0x00000140   Code   RO          308    .text               app_util_platform.o
    0x0003bfa0   0x0000019c   Code   RO          315    .text               nrf_atflags.o
    0x0003c13c   0x0000006c   Code   RO          319    .text               ble_link_ctx_manager.o
    0x0003c1a8   0x000008a0   Code   RO          323    .text               ble_advdata.o
    0x0003ca48   0x000003c8   Code   RO          327    .text               nrf_sdh.o
    0x0003ce10   0x00000070   Code   RO          333    .text               nrf_section_iter.o
    0x0003ce80   0x00000418   Code   RO          337    .text               ble_conn_params_rtt.o
    0x0003d298   0x000003a0   Code   RO          344    .text               nrf_sdh_ble_rtt.o
    0x0003d638   0x00000186   Code   RO          352    .text               nrf_ble_qwr.o
    0x0003d7be   0x00000002   PAD
    0x0003d7c0   0x000000a4   Code   RO          356    .text               app_error.o
    0x0003d864   0x00000314   Code   RO          361    .text               ble_nus.o
    0x0003db78   0x00000690   Code   RO          366    .text               ble_app_uart.o
    0x0003e208   0x00000428   Code   RO          377    .text               ble_conn_state.o
    0x0003e630   0x000003b4   Code   RO          383    .text               nrf_drv_clock.o
    0x0003e9e4   0x00000180   Code   RO          392    .text               nrf_atomic.o
    0x0003eb64   0x00000b34   Code   RO          393    .text               ulog.o
    0x0003f698   0x00000058   Code   RO          399    .text               console_be.o
    0x0003f6f0   0x00000002   Code   RO          404    .text               c_w.l(use_no_semi.o)
    0x0003f6f2   0x00000002   PAD
    0x0003f6f4   0x00000010   Code   RO          405    .text               c_w.l(rt_ctype_table.o)
    0x0003f704   0x0000001a   Code   RO          407    .text               c_w.l(tolower.o)
    0x0003f71e   0x0000001a   Code   RO          408    .text               c_w.l(atoi.o)
    0x0003f738   0x00000014   Code   RO          409    .text               c_w.l(strchr.o)
    0x0003f74c   0x00000058   Code   RO          410    .text               c_w.l(memcmp.o)
    0x0003f7a4   0x00000048   Code   RO          411    .text               c_w.l(strcpy.o)
    0x0003f7ec   0x0000003e   Code   RO          413    .text               c_w.l(strlen.o)
    0x0003f82a   0x00000096   Code   RO          414    .text               c_w.l(strncmp.o)
    0x0003f8c0   0x00000018   Code   RO          415    .text               c_w.l(strcat.o)
    0x0003f8d8   0x0000008a   Code   RO          416    .text               c_w.l(rt_memcpy_v6.o)
    0x0003f962   0x00000064   Code   RO          417    .text               c_w.l(rt_memcpy_w.o)
    0x0003f9c6   0x0000004e   Code   RO          418    .text               c_w.l(rt_memclr_w.o)
    0x0003fa14   0x00000056   Code   RO          419    .text               c_w.l(strncpy.o)
    0x0003fa6a   0x00000002   PAD
    0x0003fa6c   0x00000080   Code   RO          420    .text               c_w.l(strcmpv7m.o)
    0x0003faec   0x00000006   Code   RO          421    .text               c_w.l(heapauxi.o)
    0x0003faf2   0x00000002   PAD
    0x0003faf4   0x00000008   Code   RO          429    .text               c_w.l(rt_locale_intlibspace.o)
    0x0003fafc   0x00000008   Code   RO          432    .text               c_w.l(rt_errno_addr_intlibspace.o)
    0x0003fb04   0x00000070   Code   RO          433    .text               c_w.l(strtol.o)
    0x0003fb74   0x00000044   Code   RO          436    .text               c_w.l(rt_memclr.o)
    0x0003fbb8   0x00000008   Code   RO          438    .text               c_w.l(libspace.o)
    0x0003fbc0   0x0000009e   Code   RO          455    .text               c_w.l(_strtoul.o)
    0x0003fc5e   0x0000004a   Code   RO          501    .text               c_w.l(sys_stackheap_outer.o)
    0x0003fca8   0x0000001c   Code   RO          502    .text               c_w.l(_chval.o)
    0x0003fcc4   0x00000012   Code   RO          503    .text               c_w.l(exit.o)
    0x0003fcd6   0x00000002   PAD
    0x0003fcd8   0x0000002c   Code   RO          435    locale$$code        c_w.l(lc_ctype_c.o)
    0x0003fd04   0x0000000a   Code   RO          509    x$fpl$fpinit        fz_wm.l(fpinit.o)
    0x0003fd0e   0x00000065   Data   RO            7    .constdata          syscalls.o
    0x0003fd73   0x000000ba   Data   RO           26    .constdata          device.o
    0x0003fe2d   0x00000039   Data   RO           28    .constdata          completion.o
    0x0003fe66   0x00000086   Data   RO           30    .constdata          dataqueue.o
    0x0003feec   0x000000e9   Data   RO           36    .constdata          ringbuffer.o
    0x0003ffd5   0x00000088   Data   RO           43    .constdata          pin.o
    0x0004005d   0x0000012a   Data   RO           48    .constdata          serial.o
    0x00040187   0x000000a3   Data   RO           52    .constdata          spi_core.o
    0x0004022a   0x00000081   Data   RO           54    .constdata          spi_dev.o
    0x000402ab   0x00000001   PAD
    0x000402ac   0x00000267   Data   RO           64    .constdata          drv_gpio.o
    0x00040513   0x00000001   PAD
    0x00040514   0x0000005b   Data   RO           74    .constdata          drv_spi.o
    0x0004056f   0x00000001   PAD
    0x00040570   0x00000049   Data   RO           83    .constdata          drv_spim.o
    0x000405b9   0x00000003   PAD
    0x000405bc   0x00000054   Data   RO           92    .constdata          drv_uart.o
    0x00040610   0x00000087   Data   RO           96    .constdata          shell.o
    0x00040697   0x0000000e   Data   RO          100    .constdata          msh.o
    0x000406a5   0x00000003   PAD
    0x000406a8   0x0000007c   Data   RO          105    .constdata          cmd.o
    0x00040724   0x00000014   Data   RO          113    .constdata          components.o
    0x00040738   0x00000222   Data   RO          122    .constdata          ipc.o
    0x0004095a   0x00000160   Data   RO          128    .constdata          kservice.o
    0x00040aba   0x00000045   Data   RO          132    .constdata          mem.o
    0x00040aff   0x00000080   Data   RO          138    .constdata          object.o
    0x00040b7f   0x0000004b   Data   RO          142    .constdata          scheduler_up.o
    0x00040bca   0x000000e1   Data   RO          145    .constdata          thread.o
    0x00040cab   0x0000006c   Data   RO          150    .constdata          timer.o
    0x00040d17   0x00000001   PAD
    0x00040d18   0x00000008   Data   RO          270    .constdata          nrfx_gpiote.o
    0x00040d20   0x00000016   Data   RO          290    .constdata          nrf_ble_gatt.o
    0x00040d36   0x00000002   PAD
    0x00040d38   0x0000013c   Data   RO          299    .constdata          nrf_strerror.o
    0x00040e74   0x00000058   Data   RO          328    .constdata          nrf_sdh.o
    0x00040ecc   0x00000030   Data   RO          345    .constdata          nrf_sdh_ble_rtt.o
    0x00040efc   0x00000010   Data   RO          362    .constdata          ble_nus.o
    0x00040f0c   0x00000100   Data   RO          395    .constdata          ulog.o
    0x0004100c   0x00000098   Data   RO           44    .conststring        pin.o
    0x000410a4   0x00000063   Data   RO           49    .conststring        serial.o
    0x00041107   0x00000001   PAD
    0x00041108   0x00000052   Data   RO           59    .conststring        board.o
    0x0004115a   0x00000002   PAD
    0x0004115c   0x00000005   Data   RO           75    .conststring        drv_spi.o
    0x00041161   0x00000003   PAD
    0x00041164   0x0000000e   Data   RO           84    .conststring        drv_spim.o
    0x00041172   0x00000002   PAD
    0x00041174   0x000002cc   Data   RO          106    .conststring        cmd.o
    0x00041440   0x0000015a   Data   RO          123    .conststring        ipc.o
    0x0004159a   0x00000002   PAD
    0x0004159c   0x000001c0   Data   RO          129    .conststring        kservice.o
    0x0004175c   0x000001a8   Data   RO          133    .conststring        mem.o
    0x00041904   0x00000086   Data   RO          146    .conststring        thread.o
    0x0004198a   0x00000002   PAD
    0x0004198c   0x000003eb   Data   RO          300    .conststring        nrf_strerror.o
    0x00041d77   0x00000001   PAD
    0x00041d78   0x00000192   Data   RO          346    .conststring        nrf_sdh_ble_rtt.o
    0x00041f0a   0x00000002   PAD
    0x00041f0c   0x00000024   Data   RO          396    .conststring        ulog.o
    0x00041f30   0x00000011   Data   RO           45    .rodata.name        pin.o
    0x00041f41   0x00000018   Data   RO           66    .rodata.name        drv_gpio.o
    0x00041f59   0x00000064   Data   RO          101    .rodata.name        msh.o
    0x00041fbd   0x0000005d   Data   RO          108    .rodata.name        cmd.o
    0x0004201a   0x0000001a   Data   RO          369    .rodata.name        ble_app_uart.o
    0x00042034   0x00000004   Data   RO          114    .rti_fn.0           components.o
    0x00042038   0x00000004   Data   RO          115    .rti_fn.0.end       components.o
    0x0004203c   0x00000004   Data   RO           67    .rti_fn.1           drv_gpio.o
    0x00042040   0x00000004   Data   RO           77    .rti_fn.1           drv_spi.o
    0x00042044   0x00000004   Data   RO           86    .rti_fn.1           drv_spim.o
    0x00042048   0x00000004   Data   RO          398    .rti_fn.1           ulog.o
    0x0004204c   0x00000004   Data   RO          116    .rti_fn.1.end       components.o
    0x00042050   0x00000004   Data   RO          401    .rti_fn.2           console_be.o
    0x00042054   0x00000004   Data   RO           98    .rti_fn.6           shell.o
    0x00042058   0x00000004   Data   RO          117    .rti_fn.6.end       components.o
    0x0004205c   0x00000010   Data   RO           46    FSymTab             pin.o
    0x0004206c   0x00000010   Data   RO           68    FSymTab             drv_gpio.o
    0x0004207c   0x00000030   Data   RO          102    FSymTab             msh.o
    0x000420ac   0x00000030   Data   RO          109    FSymTab             cmd.o
    0x000420dc   0x00000010   Data   RO          370    FSymTab             ble_app_uart.o
    0x000420ec   0x00000020   Data   RO          556    Region$$Table       anon$$obj.o
    0x0004210c   0x00000110   Data   RO          434    locale$$data        c_w.l(lc_ctype_c.o)
    0x0004221c   0x00000008   Data   RO          379    sdh_ble_observers0  ble_conn_state.o
    0x00042224   0x00000008   Data   RO          340    sdh_ble_observers1  ble_conn_params_rtt.o
    0x0004222c   0x00000010   Data   RO          371    sdh_ble_observers1  ble_app_uart.o
    0x0004223c   0x00000010   Data   RO          372    sdh_ble_observers2  ble_app_uart.o
    0x0004224c   0x00000008   Data   RO          373    sdh_ble_observers3  ble_app_uart.o
    0x00042254   0x00000008   Data   RO          386    sdh_soc_observers0  nrf_drv_clock.o
    0x0004225c   0x00000008   Data   RO          348    sdh_stack_observers0  nrf_sdh_ble_rtt.o
    0x00042264   0x00000008   Data   RO          387    sdh_state_observers0  nrf_drv_clock.o


    Execution Region RW_IRAM1 (Base: 0x20002ae8, Size: 0x00009d58, Max: 0x0003d518, ABSOLUTE, COMPRESSED[0x00000174])

    Base Addr    Size         Type   Attr      Idx    E Section Name        Object

    0x20002ae8   0x00000010   Data   RW           24    .data               cpuport.o
    0x20002af8   0x00000004   Data   RW           50    .data               serial.o
    0x20002afc   0x000000a0   Data   RW           65    .data               drv_gpio.o
    0x20002b9c   0x0000001c   Data   RW           76    .data               drv_spi.o
    0x20002bb8   0x00000028   Data   RW           85    .data               drv_spim.o
    0x20002be0   0x00000030   Data   RW           93    .data               drv_uart.o
    0x20002c10   0x00000010   Data   RW           97    .data               shell.o
    0x20002c20   0x00000078   Data   RW          107    .data               cmd.o
    0x20002c98   0x00000008   Data   RW          111    .data               clock.o
    0x20002ca0   0x00000008   Data   RW          120    .data               idle.o
    0x20002ca8   0x00000009   Data   RW          125    .data               irq.o
    0x20002cb1   0x00000003   PAD
    0x20002cb4   0x00000090   Data   RW          130    .data               kservice.o
    0x20002d44   0x000000c4   Data   RW          139    .data               object.o
    0x20002e08   0x00000018   Data   RW          143    .data               scheduler_up.o
    0x20002e20   0x0000000c   Data   RW          147    .data               thread.o
    0x20002e2c   0x00000020   Data   RW          151    .data               timer.o
    0x20002e4c   0x00000008   Data   RW          168    .data               nrfx_clock.o
    0x20002e54   0x00000007   Data   RW          207    .data               nrfx_rtc.o
    0x20002e5b   0x00000001   PAD
    0x20002e5c   0x00000004   Data   RW          246    .data               system_nrf52840.o
    0x20002e60   0x00000004   Data   RW          310    .data               app_util_platform.o
    0x20002e64   0x00000003   Data   RW          329    .data               nrf_sdh.o
    0x20002e67   0x00000001   PAD
    0x20002e68   0x00000008   Data   RW          339    .data               ble_conn_params_rtt.o
    0x20002e70   0x00000001   Data   RW          347    .data               nrf_sdh_ble_rtt.o
    0x20002e71   0x00000003   PAD
    0x20002e74   0x00000038   Data   RW          368    .data               ble_app_uart.o
    0x20002eac   0x00000028   Data   RW          397    .data               ulog.o
    0x20002ed4   0x0000004c   Zero   RW           42    .bss                pin.o
    0x20002f20   0x000000a4   Zero   RW           73    .bss                drv_spi.o
    0x20002fc4   0x00000150   Zero   RW           82    .bss                drv_spim.o
    0x20003114   0x00000064   Zero   RW           91    .bss                drv_uart.o
    0x20003178   0x00000081   Zero   RW           95    .bss                shell.o
    0x200031f9   0x00000007   PAD
    0x20003200   0x000001b0   Zero   RW          119    .bss                idle.o
    0x200033b0   0x000000b4   Zero   RW          127    .bss                kservice.o
    0x20003464   0x00000100   Zero   RW          141    .bss                scheduler_up.o
    0x20003564   0x00000004   PAD
    0x20003568   0x000002a0   Zero   RW          149    .bss                timer.o
    0x20003808   0x0000002c   Zero   RW          178    .bss                nrfx_uart.o
    0x20003834   0x00000048   Zero   RW          238    .bss                nrfx_spim.o
    0x2000387c   0x00000060   Zero   RW          269    .bss                nrfx_gpiote.o
    0x200038dc   0x00000028   Zero   RW          281    .bss                nrfx_spi.o
    0x20003904   0x0000000c   Zero   RW          309    .bss                app_util_platform.o
    0x20003910   0x00000030   Zero   RW          338    .bss                ble_conn_params_rtt.o
    0x20003940   0x00000020   Zero   RW          357    .bss                app_error.o
    0x20003960   0x00000c74   Zero   RW          367    .bss                ble_app_uart.o
    0x200045d4   0x0000007c   Zero   RW          378    .bss                ble_conn_state.o
    0x20004650   0x00000014   Zero   RW          384    .bss                nrf_drv_clock.o
    0x20004664   0x0000014c   Zero   RW          394    .bss                ulog.o
    0x200047b0   0x00000030   Zero   RW          400    .bss                console_be.o
    0x200047e0   0x00000060   Zero   RW          439    .bss                c_w.l(libspace.o)
    0x20004840   0x00004000   Zero   RW          212    HEAP                arm_startup_nrf52840.o
    0x20008840   0x00004000   Zero   RW          211    STACK               arm_startup_nrf52840.o


==============================================================================

Image component sizes


      Code (inc. data)   RO Data    RW Data    ZI Data      Debug   Object Name

       164          4          0          0         32          0   app_error.o
        92         10          0          0          0          0   app_error_weak.o
       320         24          0          4         12          0   app_util_platform.o
        24          0          0          0          0          0   application.o
        64         26        512          0      32768          0   arm_startup_nrf52840.o
      2208          0          0          0          0          0   ble_advdata.o
      1762          6          0          0          0          0   ble_advertising.o
      1680        286         82         56       3188          0   ble_app_uart.o
      1048         36          8          8         48          0   ble_conn_params_rtt.o
      1064         10          8          0        124          0   ble_conn_state.o
       108          0          0          0          0          0   ble_link_ctx_manager.o
       788          6         16          0          0          0   ble_nus.o
       962          6          0          0          0          0   ble_srv_common.o
       252         76         82          0          0          0   board.o
       204          8          0          8          0          0   clock.o
      3888       1366        981        120          0          0   cmd.o
       760        270         57          0          0          0   completion.o
       212         42         36          0          0          0   components.o
        88         12          4          0         48          0   console_be.o
       316         28          0          0          0          0   context_rvds.o
      1500        712          0         16          0          0   cpuport.o
       384         28          0          0          0          0   cstdlib.o
      1976        320        134          0          0          0   dataqueue.o
      1288        302        186          0          0          0   device.o
      1472         54        659        160          0          0   drv_gpio.o
      1588        432        100         28        164          0   drv_spi.o
      1232        316         91         40        336          0   drv_spim.o
       768         98         84         48        100          0   drv_uart.o
       432         28          0          8        432          0   idle.o
     10656       1260        892          0          0          0   ipc.o
       136         14          0          9          0          0   irq.o
      3688        408        800        144        180          0   kservice.o
      2028        672        493          0          0          0   mem.o
      1440        210        162          0          0          0   msh.o
       200          0          0          0          0          0   msh_parse.o
       412          0          0          0          0          0   nrf_atflags.o
       610          0          0          0          0          0   nrf_atomic.o
       944          6         22          0          0          0   nrf_ble_gatt.o
       390          0          0          0          0          0   nrf_ble_qwr.o
       948         18         16          0         20          0   nrf_drv_clock.o
       968         54         88          3          0          0   nrf_sdh.o
       928        366        458          1          0          0   nrf_sdh_ble_rtt.o
       112          0          0          0          0          0   nrf_section_iter.o
        92         10       1319          0          0          0   nrf_strerror.o
      8484        704          0          8          0          0   nrfx_clock.o
      3456         72          8          0         96          0   nrfx_gpiote.o
      1066         34          0          7          0          0   nrfx_rtc.o
      1352         36          0          0         40          0   nrfx_spi.o
      2348         88          0          0         72          0   nrfx_spim.o
      2192         44          0          0         44          0   nrfx_uart.o
      1188        200        128        196          0          0   object.o
      1760        590        321          0         76          0   pin.o
      1400         76        233          0          0          0   ringbuffer.o
      1008        150         75         24        256          0   scheduler_up.o
      3420        436        397          4          0          0   serial.o
      2472        224        139         16        129          0   shell.o
      1944        194        163          0          0          0   spi_core.o
       508        144        129          0          0          0   spi_dev.o
       524        116        101          0          0          0   syscalls.o
      8288        738          0          4          0          0   system_nrf52840.o
      2656        562        359         12          0          0   thread.o
      2188        382        108         32        672          0   timer.o
      2868        330        296         40        332          0   ulog.o

    ----------------------------------------------------------------------
     99328      12644       9806       1004      39180          0   Object Totals
         0          0         32          0          0          0   (incl. Generated)
        10          0         27          8         11          0   (incl. Padding)

    ----------------------------------------------------------------------

      Code (inc. data)   RO Data    RW Data    ZI Data      Debug   Library Member Name

        90          0          0          0          0          0   __dczerorl2.o
         8          0          0          0          0          0   __main.o
         0          0          0          0          0          0   __rtentry.o
        12          0          0          0          0          0   __rtentry2.o
         6          0          0          0          0          0   __rtentry4.o
        52          8          0          0          0          0   __scatter.o
        28          0          0          0          0          0   __scatter_zi.o
        28          0          0          0          0          0   _chval.o
       158          0          0          0          0          0   _strtoul.o
        26          0          0          0          0          0   atoi.o
        18          0          0          0          0          0   exit.o
         6          0          0          0          0          0   heapauxi.o
        44         10        272          0          0          0   lc_ctype_c.o
         2          0          0          0          0          0   libinit.o
        24          0          0          0          0          0   libinit2.o
         2          0          0          0          0          0   libshutdown.o
         2          0          0          0          0          0   libshutdown2.o
         8          4          0          0         96          0   libspace.o
        88          0          0          0          0          0   memcmp.o
        16          4          0          0          0          0   rt_ctype_table.o
         8          4          0          0          0          0   rt_errno_addr_intlibspace.o
         8          4          0          0          0          0   rt_locale_intlibspace.o
        68          0          0          0          0          0   rt_memclr.o
        78          0          0          0          0          0   rt_memclr_w.o
       138          0          0          0          0          0   rt_memcpy_v6.o
       100          0          0          0          0          0   rt_memcpy_w.o
         2          0          0          0          0          0   rtexit.o
        10          0          0          0          0          0   rtexit2.o
        24          0          0          0          0          0   strcat.o
        20          0          0          0          0          0   strchr.o
       128          0          0          0          0          0   strcmpv7m.o
        72          0          0          0          0          0   strcpy.o
        62          0          0          0          0          0   strlen.o
       150          0          0          0          0          0   strncmp.o
        86          0          0          0          0          0   strncpy.o
       112          0          0          0          0          0   strtol.o
        74          0          0          0          0          0   sys_stackheap_outer.o
        26          0          0          0          0          0   tolower.o
         2          0          0          0          0          0   use_no_semi.o
        10          0          0          0          0          0   fpinit.o

    ----------------------------------------------------------------------
      1806         34        272          0         96          0   Library Totals
        10          0          0          0          0          0   (incl. Padding)

    ----------------------------------------------------------------------

      Code (inc. data)   RO Data    RW Data    ZI Data      Debug   Library Name

      1786         34        272          0         96          0   c_w.l
        10          0          0          0          0          0   fz_wm.l

    ----------------------------------------------------------------------
      1806         34        272          0         96          0   Library Totals

    ----------------------------------------------------------------------

==============================================================================


      Code (inc. data)   RO Data    RW Data    ZI Data      Debug   

    101134      12678      10078       1004      39276          0   Grand Totals
    101134      12678      10078        372      39276          0   ELF Image Totals (compressed)
    101134      12678      10078        372          0          0   ROM Totals

==============================================================================

    Total RO  Size (Code + RO Data)               111212 ( 108.61kB)
    Total RW  Size (RW Data + ZI Data)             40280 (  39.34kB)
    Total ROM Size (Code + RO Data + RW Data)     111584 ( 108.97kB)

==============================================================================

